../Drivers/API/Src/API_delay.c:43:6:delayInit	16	static
../Drivers/API/Src/API_delay.c:56:8:delayRead	16	static
../Drivers/API/Src/API_delay.c:76:8:delayIsRunning	16	static
../Drivers/API/Src/API_delay.c:84:6:delayWrite	16	static
../Drivers/API/Src/API_delay.c:90:6:debounceFSM_init	8	static
../Drivers/API/Src/API_delay.c:96:6:debounceFSM_update	8	static
../Drivers/API/Src/API_delay.c:146:13:buttonPressed	4	static
../Drivers/API/Src/API_delay.c:152:13:buttonReleased	4	static
../Drivers/API/Src/API_delay.c:158:13:printMsg	16	static
../Drivers/API/Src/API_delay.c:162:8:readKey	4	static
