../Core/Src/i2c.c:19:6:clearFlagTxI2C	4	static
../Core/Src/i2c.c:20:6:clearFlagRxI2C	4	static
../Core/Src/i2c.c:21:6:getRxFlagStatusI2C	4	static
../Core/Src/i2c.c:22:6:getTxFlagStatusI2C	4	static
../Core/Src/i2c.c:24:6:HAL_I2C_MemRxCpltCallback	16	static
../Core/Src/i2c.c:30:6:HAL_I2C_MemTxCpltCallback	16	static
../Core/Src/i2c.c:41:19:I2C_Init	8	static
../Core/Src/i2c.c:56:19:readRegisterI2C_IT	32	static
../Core/Src/i2c.c:70:19:writeRegisterI2C_IT	32	static
../Core/Src/i2c.c:85:19:readRegisterI2C	40	static
../Core/Src/i2c.c:98:19:writeRegisterI2C	40	static
