../Core/Src/spi.c:15:6:clearFlagTxSPI	4	static
../Core/Src/spi.c:16:6:clearFlagRxSPI	4	static
../Core/Src/spi.c:17:6:getRxFlagStatusSPI	4	static
../Core/Src/spi.c:18:6:getTxFlagStatusSPI	4	static
../Core/Src/spi.c:20:6:HAL_SPI_TxCpltCallback	16	static
../Core/Src/spi.c:26:6:HAL_SPI_RxCpltCallback	16	static
../Core/Src/spi.c:32:6:HAL_SPI_ErrorCallback	16	static
../Core/Src/spi.c:44:19:SPI_Init	8	static
../Core/Src/spi.c:62:19:writeRegisterSPI_IT	16	static
../Core/Src/spi.c:71:19:readRegisterSPI_IT	16	static
../Core/Src/spi.c:80:19:writeRegisterSPI	24	static
../Core/Src/spi.c:88:19:readRegisterSPI	24	static
../Core/Src/spi.c:96:19:writeReadRegisterSPI	32	static
../Core/Src/spi.c:105:19:abortTransactionSPI	8	static
