../Drivers/API/Src/API_cmdparser.c:18:13:safe_send	24	static
../Drivers/API/Src/API_cmdparser.c:29:13:send_resp	152	static
../Drivers/API/Src/API_cmdparser.c:49:13:reset_line	4	static
../Drivers/API/Src/API_cmdparser.c:59:12:isCommentStart	16	static
../Drivers/API/Src/API_cmdparser.c:71:15:tokenizeLine	32	static
../Drivers/API/Src/API_cmdparser.c:93:13:normalizeCommand	24	static
../Drivers/API/Src/API_cmdparser.c:107:21:parseCommand	40	static
../Drivers/API/Src/API_cmdparser.c:158:13:execCommand	16	static
../Drivers/API/Src/API_cmdparser.c:174:13:handleLine	48	static
../Drivers/API/Src/API_cmdparser.c:205:13:handleReceivedChar	16	static
../Drivers/API/Src/API_cmdparser.c:234:6:cmdInit	16	static
../Drivers/API/Src/API_cmdparser.c:243:6:cmdReset	8	static
../Drivers/API/Src/API_cmdparser.c:247:8:cmdPollUart	32	static
