../Drivers/API/Src/myApp_NFC.c:26:16:RC522_SPI_Transfer	24	static
../Drivers/API/Src/myApp_NFC.c:40:13:Write_MFRC522	16	static
../Drivers/API/Src/myApp_NFC.c:63:16:Read_MFRC522	24	static
../Drivers/API/Src/myApp_NFC.c:92:13:SetBitMask	24	static
../Drivers/API/Src/myApp_NFC.c:105:13:ClearBitMask	24	static
../Drivers/API/Src/myApp_NFC.c:118:13:AntennaOn	8	static
../Drivers/API/Src/myApp_NFC.c:130:13:MFRC522_Reset	8	static
../Drivers/API/Src/myApp_NFC.c:141:19:MFRC522_Init	8	static
../Drivers/API/Src/myApp_NFC.c:175:16:MFRC522_ToCard	48	static
../Drivers/API/Src/myApp_NFC.c:276:14:MFRC522_Request	32	static
../Drivers/API/Src/myApp_NFC.c:297:14:MFRC522_Anticoll	32	static
