../Drivers/API/Src/myApp_PCcom.c:52:10:getParameter	4	static
../Drivers/API/Src/myApp_PCcom.c:60:6:HAL_UART_RxCpltCallback	16	static
../Drivers/API/Src/myApp_PCcom.c:84:6:uartInit	8	static
../Drivers/API/Src/myApp_PCcom.c:105:20:initReceive	8	static
../Drivers/API/Src/myApp_PCcom.c:120:6:uartSendString	24	static
../Drivers/API/Src/myApp_PCcom.c:136:6:uartSendStringSize	24	static
../Drivers/API/Src/myApp_PCcom.c:157:12:getCommand	88	static
../Drivers/API/Src/myApp_PCcom.c:181:15:uartGetData	40	static
../Drivers/API/Src/myApp_PCcom.c:219:19:reviewCommand	64	static
../Drivers/API/Src/myApp_PCcom.c:268:13:strEqualsIgnoreCase	24	static
