../Drivers/API/Src/spi_port.c:15:6:clearFlagTxSPI	4	static
../Drivers/API/Src/spi_port.c:16:6:clearFlagRxSPI	4	static
../Drivers/API/Src/spi_port.c:17:6:getRxFlagStatusSPI	4	static
../Drivers/API/Src/spi_port.c:18:6:getTxFlagStatusSPI	4	static
../Drivers/API/Src/spi_port.c:20:6:HAL_SPI_TxCpltCallback	16	static
../Drivers/API/Src/spi_port.c:26:6:HAL_SPI_RxCpltCallback	16	static
../Drivers/API/Src/spi_port.c:32:6:HAL_SPI_ErrorCallback	16	static
../Drivers/API/Src/spi_port.c:44:6:SPI_Init	8	static
../Drivers/API/Src/spi_port.c:65:6:writeRegisterSPI_IT	16	static
../Drivers/API/Src/spi_port.c:76:6:readRegisterSPI_IT	16	static
../Drivers/API/Src/spi_port.c:87:6:writeRegisterSPI	24	static
../Drivers/API/Src/spi_port.c:97:6:readRegisterSPI	24	static
../Drivers/API/Src/spi_port.c:107:6:writeReadRegisterSPI	32	static
../Drivers/API/Src/spi_port.c:118:6:abortTransactionSPI	8	static
