2025-10-16 00:50:37,144 [INFO] MainUpdater:2872 - connection check result : 10
2025-10-16 00:50:37,166 [INFO] MainUpdater:2872 - connection check result : 10
2025-10-16 00:50:37,356 [INFO] MicroXplorer:468 - Change Database Path : 
2025-10-16 00:50:37,356 [INFO] MicroXplorer:498 - Change Database Version : DB.6.0.150
2025-10-16 00:50:37,398 [ERROR] ProjectManagerView:395 - 
java.lang.NullPointerException: Cannot invoke "javax.swing.JTextField.getText()" because the return value of "java.util.List.get(int)" is null
	at com.st.microxplorer.plugins.projectmanager.gui.ProjectChoiceTab$9.caretUpdate(ProjectChoiceTab.java:2706) ~[filemanager.jar:?]
	at javax.swing.text.JTextComponent.fireCaretUpdate(JTextComponent.java:408) ~[?:?]
	at javax.swing.text.JTextComponent$MutableCaretEvent.fire(JTextComponent.java:4484) ~[?:?]
	at javax.swing.text.JTextComponent$MutableCaretEvent.stateChanged(JTextComponent.java:4506) ~[?:?]
	at javax.swing.text.DefaultCaret.fireStateChanged(DefaultCaret.java:857) ~[?:?]
	at javax.swing.text.DefaultCaret.changeCaretPosition(DefaultCaret.java:1343) ~[?:?]
	at javax.swing.text.DefaultCaret.handleSetDot(DefaultCaret.java:1242) ~[?:?]
	at javax.swing.text.DefaultCaret.setDot(DefaultCaret.java:1223) ~[?:?]
	at javax.swing.text.DefaultCaret$Handler.insertUpdate(DefaultCaret.java:1819) ~[?:?]
	at javax.swing.text.AbstractDocument.fireInsertUpdate(AbstractDocument.java:227) ~[?:?]
	at javax.swing.text.AbstractDocument.handleInsertString(AbstractDocument.java:781) ~[?:?]
	at javax.swing.text.AbstractDocument.insertString(AbstractDocument.java:740) ~[?:?]
	at javax.swing.text.PlainDocument.insertString(PlainDocument.java:131) ~[?:?]
	at javax.swing.text.AbstractDocument.replace(AbstractDocument.java:699) ~[?:?]
	at javax.swing.text.JTextComponent.setText(JTextComponent.java:1725) ~[?:?]
	at com.st.microxplorer.plugins.projectmanager.gui.ProjectChoiceTab.createHeapStackFields(ProjectChoiceTab.java:993) ~[filemanager.jar:?]
	at com.st.microxplorer.plugins.projectmanager.gui.ProjectChoiceTab.buildLinkSettingsPanel(ProjectChoiceTab.java:3813) ~[filemanager.jar:?]
	at com.st.microxplorer.plugins.projectmanager.gui.ProjectChoiceTab.defineWindowsFields(ProjectChoiceTab.java:1987) ~[filemanager.jar:?]
	at com.st.microxplorer.plugins.projectmanager.gui.ProjectChoiceTab.updateSettings(ProjectChoiceTab.java:558) ~[filemanager.jar:?]
	at com.st.microxplorer.plugins.projectmanager.gui.ProjectSettingsPanel.UpdateDialog(ProjectSettingsPanel.java:247) ~[filemanager.jar:?]
	at com.st.microxplorer.plugins.projectmanager.ProjectManagerView.propertyChange(ProjectManagerView.java:392) ~[filemanager.jar:?]
	at java.beans.PropertyChangeSupport.fire(PropertyChangeSupport.java:343) ~[?:?]
	at java.beans.PropertyChangeSupport.firePropertyChange(PropertyChangeSupport.java:335) ~[?:?]
	at java.beans.PropertyChangeSupport.firePropertyChange(PropertyChangeSupport.java:268) ~[?:?]
	at com.st.microxplorer.util.MXPropertyChangeSupport.firePropertyChange(MXPropertyChangeSupport.java:54) ~[STM32CubeMX.jar:?]
	at com.st.microxplorer.mxsystem.MxSystem.closeConfig(MxSystem.java:899) ~[STM32CubeMX.jar:?]
	at com.st.microxplorer.maingui.MainPanel.closeConfig(MainPanel.java:792) ~[STM32CubeMX.jar:?]
	at com.st.microxplorer.plugins.filemanager.engine.OpenFileManager.loadConfigurationFile(OpenFileManager.java:288) ~[filemanager.jar:?]
	at com.st.microxplorer.plugins.filemanager.engine.MainFileManager.userLoadConfig(MainFileManager.java:364) ~[filemanager.jar:?]
	at com.st.microxplorer.plugins.filemanager.engine.MainFileManager.userLoadConfig(MainFileManager.java:342) ~[filemanager.jar:?]
	at com.st.microxplorer.plugins.filemanager.FileManagerView.getSpecificTask(FileManagerView.java:264) ~[filemanager.jar:?]
	at com.st.stm32cube.common.mx.editor.CubeMxEditor.getMxTabbedPaneInstance(CubeMxEditor.java:1198) ~[com.st.stm32cube.common.mx_6.15.0.202507011659/:?]
	at com.st.stm32cube.common.mx.editor.CubeMxEditor$12$1.createSwingComponent(CubeMxEditor.java:1068) ~[com.st.stm32cube.common.mx_6.15.0.202507011659/:?]
	at com.st.stm32cube.common.mx.oss.core.awtswtbridge.EmbeddedSwingComposite.doComponentCreation(EmbeddedSwingComposite.java:492) ~[com.st.stm32cube.common.mx.oss_6.15.0.202507011659/:?]
	at com.st.stm32cube.common.mx.oss.core.awtswtbridge.EmbeddedSwingComposite$4.run(EmbeddedSwingComposite.java:291) ~[com.st.stm32cube.common.mx.oss_6.15.0.202507011659/:?]
	at com.st.stm32cube.common.mx.oss.core.awtswtbridge.AwtEnvironment$2.run(AwtEnvironment.java:166) ~[com.st.stm32cube.common.mx.oss_6.15.0.202507011659/:?]
	at java.awt.event.InvocationEvent.dispatch(InvocationEvent.java:318) ~[?:?]
	at java.awt.EventQueue.dispatchEventImpl(EventQueue.java:773) ~[?:?]
	at java.awt.EventQueue$4.run(EventQueue.java:720) ~[?:?]
	at java.awt.EventQueue$4.run(EventQueue.java:714) ~[?:?]
	at java.security.AccessController.doPrivileged(AccessController.java:400) ~[?:?]
	at java.security.ProtectionDomain$JavaSecurityAccessImpl.doIntersectionPrivilege(ProtectionDomain.java:87) ~[?:?]
	at java.awt.EventQueue.dispatchEvent(EventQueue.java:742) ~[?:?]
	at java.awt.EventDispatchThread.pumpOneEventForFilters(EventDispatchThread.java:203) ~[?:?]
	at java.awt.EventDispatchThread.pumpEventsForFilter(EventDispatchThread.java:124) ~[?:?]
	at java.awt.EventDispatchThread.pumpEventsForHierarchy(EventDispatchThread.java:113) ~[?:?]
	at java.awt.EventDispatchThread.pumpEvents(EventDispatchThread.java:109) ~[?:?]
	at java.awt.EventDispatchThread.pumpEvents(EventDispatchThread.java:101) ~[?:?]
	at java.awt.EventDispatchThread.run(EventDispatchThread.java:90) ~[?:?]
2025-10-16 00:50:37,411 [WARN] ThirdParty:871 - waiting for thirdparty lock release [close project]
2025-10-16 00:50:37,411 [INFO] ThirdParty:873 - entering critical section [close project]
2025-10-16 00:50:37,411 [INFO] ThirdParty:883 - exiting critical section [close project]
2025-10-16 00:50:37,417 [INFO] PinOutPanel:1589 - setPackage(No Configuration,No Configuration)
2025-10-16 00:50:37,445 [WARN] IpParametersView:155 - Warning: This peripheral hasn't parameters
2025-10-16 00:50:37,475 [WARN] MainPanel:289 - <html><b><center>Warning: This peripheral has no parameters to be configured<br></b></html>
2025-10-16 00:50:37,492 [INFO] UtilMem:75 - Begin LoadConfig() Used Memory: 495180920 Bytes (549453824)
2025-10-16 00:50:37,494 [INFO] MicroXplorer:468 - Change Database Path : 
2025-10-16 00:50:37,495 [INFO] MicroXplorer:498 - Change Database Version : DB.6.0.150
2025-10-16 00:50:37,495 [INFO] OpenFileManager:355 - Change cursor
2025-10-16 00:50:37,518 [INFO] Mcu:2029 - Initializing MCU STM32F446R(C-E)Tx STM32F446RETx STM32F446RET6
2025-10-16 00:50:38,906 [INFO] Context:786 - Trying to add GPIOservice into a context  which must be forbidden
2025-10-16 00:50:39,539 [INFO] ApiDbMcu:532 - Load IP Config File for STMicroelectronics.X-CUBE-NFC10.1.0.0
2025-10-16 00:50:39,646 [INFO] ImportTextPane:234 - (OptionalMessage_ERROR) Pin20 (VP_RIF_VS_RIF1) cannot be retrieved for this MCU
2025-10-16 00:50:39,701 [INFO] RtosManager:558 - Registered RTOS mode: class=CMSIS, group=RTOS, mode=CMSIS_V1, owner=FREERTOS
2025-10-16 00:50:39,701 [INFO] RtosManager:558 - Registered RTOS mode: class=CMSIS, group=RTOS2, mode=CMSIS_V2, owner=FREERTOS
2025-10-16 00:50:39,701 [INFO] RtosManager:558 - Registered RTOS mode: class=RTOS, group=Core, mode=CMSIS_V1, owner=FREERTOS
2025-10-16 00:50:39,701 [INFO] RtosManager:558 - Registered RTOS mode: class=RTOS, group=Core, mode=CMSIS_V2, owner=FREERTOS
2025-10-16 00:50:39,701 [WARN] ModelIntegratedComponent:184 - Missing modes for component STMicroelectronics:FreeRTOS:0.0.1:STMicroelectronics:RTOS:FreeRTOS:Core:::10.2.0:
2025-10-16 00:50:39,719 [WARN] ModelIntegratedComponent:63 - No mode defined for component null
2025-10-16 00:50:39,719 [WARN] ModelIntegratedComponent:63 - No mode defined for component null
2025-10-16 00:50:39,720 [WARN] ModelIntegratedComponent:63 - No mode defined for component null
2025-10-16 00:50:39,720 [WARN] ModelIntegratedComponent:63 - No mode defined for component null
2025-10-16 00:50:39,720 [WARN] ModelIntegratedComponent:63 - No mode defined for component null
2025-10-16 00:50:39,720 [WARN] ModelIntegratedComponent:63 - No mode defined for component null
2025-10-16 00:50:39,720 [WARN] ModelIntegratedComponent:63 - No mode defined for component null
2025-10-16 00:50:39,720 [WARN] ModelIntegratedComponent:63 - No mode defined for component null
2025-10-16 00:50:39,720 [WARN] ModelIntegratedComponent:63 - No mode defined for component null
2025-10-16 00:50:39,720 [WARN] ModelIntegratedComponent:63 - No mode defined for component null
2025-10-16 00:50:39,720 [WARN] ModelIntegratedComponent:63 - No mode defined for component null
2025-10-16 00:50:39,720 [WARN] ModelIntegratedComponent:63 - No mode defined for component null
2025-10-16 00:50:39,720 [WARN] ModelIntegratedComponent:63 - No mode defined for component null
2025-10-16 00:50:39,720 [WARN] ModelIntegratedComponent:63 - No mode defined for component null
2025-10-16 00:50:39,720 [WARN] ModelIntegratedComponent:63 - No mode defined for component null
2025-10-16 00:50:39,720 [WARN] ModelIntegratedComponent:63 - No mode defined for component null
2025-10-16 00:50:39,720 [WARN] ModelIntegratedComponent:63 - No mode defined for component null
2025-10-16 00:50:39,720 [WARN] ModelIntegratedComponent:63 - No mode defined for component null
2025-10-16 00:50:39,720 [WARN] ModelIntegratedComponent:63 - No mode defined for component null
2025-10-16 00:50:39,720 [WARN] ModelIntegratedComponent:63 - No mode defined for component null
2025-10-16 00:50:39,720 [WARN] ModelIntegratedComponent:63 - No mode defined for component null
2025-10-16 00:50:39,720 [WARN] ModelIntegratedComponent:63 - No mode defined for component null
2025-10-16 00:50:39,720 [WARN] ModelIntegratedComponent:63 - No mode defined for component null
2025-10-16 00:50:39,720 [WARN] ModelIntegratedComponent:63 - No mode defined for component null
2025-10-16 00:50:39,720 [WARN] ModelIntegratedComponent:63 - No mode defined for component null
2025-10-16 00:50:39,720 [WARN] ModelIntegratedComponent:63 - No mode defined for component null
2025-10-16 00:50:39,720 [WARN] ModelIntegratedComponent:63 - No mode defined for component null
2025-10-16 00:50:39,722 [WARN] ModelIntegratedComponent:63 - No mode defined for component null
2025-10-16 00:50:39,722 [WARN] ModelIntegratedComponent:63 - No mode defined for component null
2025-10-16 00:50:39,722 [WARN] ModelIntegratedComponent:63 - No mode defined for component null
2025-10-16 00:50:39,722 [WARN] ModelIntegratedComponent:63 - No mode defined for component null
2025-10-16 00:50:39,722 [WARN] ModelIntegratedComponent:63 - No mode defined for component null
2025-10-16 00:50:39,722 [WARN] ModelIntegratedComponent:63 - No mode defined for component null
2025-10-16 00:50:39,722 [WARN] ModelIntegratedComponent:63 - No mode defined for component null
2025-10-16 00:50:39,722 [WARN] ModelIntegratedComponent:63 - No mode defined for component null
2025-10-16 00:50:39,722 [WARN] ModelPack:524 - Component already loaded: STMicroelectronics:HAL Drivers:0.0.0:STMicroelectronics:Device:STMicro_Driver:XSPI:HAL::0.0.1:HAL_XSPI
2025-10-16 00:50:40,175 [INFO] ThirdPartyModel:298 - Start build external matchings
2025-10-16 00:50:40,495 [INFO] ThirdPartyModel:316 - End build external matchings
2025-10-16 00:50:40,504 [INFO] ImportTextPane:234 - (OptionalMessage_ERROR) IP (RCC) : Invalid parameter (48MHZClocksFreq_Value)
2025-10-16 00:50:40,505 [INFO] ImportTextPane:234 - (OptionalMessage_ERROR) IP (RCC) : Invalid parameter (EthernetFreq_Value)
2025-10-16 00:50:40,506 [INFO] ImportTextPane:234 - (OptionalMessage_ERROR) IP (RCC) : Parameter (FLatency) has Id (AdvancedSettings) currently not set
2025-10-16 00:50:40,506 [INFO] ImportTextPane:234 - (OptionalMessage_ERROR) IP (RCC) : Invalid parameter (FamilyName)
2025-10-16 00:50:40,507 [INFO] ImportTextPane:234 - (OptionalMessage_ERROR) IP (RCC) : Invalid parameter (I2SClocksFreq_Value)
2025-10-16 00:50:40,507 [INFO] ImportTextPane:234 - (OptionalMessage_ERROR) IP (RCC) : Parameter (SDIOFreq_Value) has invalid value (168000000)
2025-10-16 00:50:40,507 [INFO] ImportTextPane:234 - (OptionalMessage_ERROR) IP (RCC) : Parameter (USBFreq_Value) has invalid value (168000000)
2025-10-16 00:50:40,507 [INFO] ImportTextPane:234 - (OptionalMessage_ERROR) IP (RCC) : Invalid parameter (VCOInputMFreq_Value)
2025-10-16 00:50:40,507 [INFO] ImportTextPane:234 - (OptionalMessage_ERROR) IP (RCC) : Invalid parameter (VcooutputI2S)
2025-10-16 00:50:40,821 [INFO] UtilMem:75 - End LoadConfig() Used Memory: 327911176 Bytes (592445440)
2025-10-16 00:50:40,956 [WARN] ThirdParty:833 - waiting for thirdparty lock release [change project]
2025-10-16 00:50:40,957 [INFO] ThirdParty:835 - entering critical section [change project]
2025-10-16 00:50:40,957 [INFO] ThirdParty:1030 - CMSIS Pack Vendor :STMicroelectronics X-CUBE-PM33A1 1.0.0
2025-10-16 00:50:40,958 [INFO] ThirdParty:1030 - CMSIS Pack Vendor :STMicroelectronics USBPD 4.1
2025-10-16 00:50:40,958 [INFO] ThirdParty:1030 - CMSIS Pack Vendor :STMicroelectronics X-CUBE-NFC9 1.0.0
2025-10-16 00:50:40,959 [INFO] ThirdParty:1030 - CMSIS Pack Vendor :STMicroelectronics USB_HOST 2.0.0
2025-10-16 00:50:40,960 [INFO] ThirdParty:1030 - CMSIS Pack Vendor :STMicroelectronics FP-SNS-MOTENVWB1 1.4.0
2025-10-16 00:50:40,961 [INFO] ThirdParty:1030 - CMSIS Pack Vendor :STMicroelectronics X-CUBE-AZRTOS-F4 1.1.0
2025-10-16 00:50:40,961 [INFO] ThirdParty:1030 - CMSIS Pack Vendor :STMicroelectronics LIBJPEG 8.0.0
2025-10-16 00:50:40,961 [INFO] ThirdParty:1030 - CMSIS Pack Vendor :STMicroelectronics FP-ATR-ASTRA1 2.0.2
2025-10-16 00:50:40,961 [INFO] ThirdParty:1030 - CMSIS Pack Vendor :wolfSSL I-CUBE-wolfSSL 5.8.2
2025-10-16 00:50:40,962 [INFO] ThirdParty:1030 - CMSIS Pack Vendor :STMicroelectronics X-CUBE-BLE1 7.1.0
2025-10-16 00:50:40,962 [INFO] ThirdParty:1030 - CMSIS Pack Vendor :Avnet-IotConnect X-CUBE-IoTC-DA16k-PMOD 1.0.0
2025-10-16 00:50:40,962 [INFO] ThirdParty:1030 - CMSIS Pack Vendor :STMicroelectronics X-CUBE-SMBUS 2.1.0
2025-10-16 00:50:40,962 [INFO] ThirdParty:1030 - CMSIS Pack Vendor :wolfSSL I-CUBE-wolfMQTT 1.19.2
2025-10-16 00:50:40,962 [INFO] ThirdParty:1030 - CMSIS Pack Vendor :STMicroelectronics USB_DEVICE 3.0.0
2025-10-16 00:50:40,963 [INFO] ThirdParty:1030 - CMSIS Pack Vendor :STMicroelectronics X-CUBE-ISPU 2.1.0
2025-10-16 00:50:40,963 [INFO] ThirdParty:1030 - CMSIS Pack Vendor :STMicroelectronics X-CUBE-EEPRMA1 5.2.0
2025-10-16 00:50:40,963 [INFO] ThirdParty:1030 - CMSIS Pack Vendor :STMicroelectronics X-CUBE-IPS 3.2.0
2025-10-16 00:50:40,963 [INFO] ThirdParty:1030 - CMSIS Pack Vendor :STMicroelectronics X-CUBE-BLEMGR 4.1.0
2025-10-16 00:50:40,963 [INFO] ThirdParty:1030 - CMSIS Pack Vendor :STMicroelectronics X-CUBE-AZRTOS-WB 2.0.0
2025-10-16 00:50:40,963 [INFO] ThirdParty:1030 - CMSIS Pack Vendor :STMicroelectronics X-CUBE-ST60 1.0.0
2025-10-16 00:50:40,963 [INFO] ThirdParty:1030 - CMSIS Pack Vendor :STMicroelectronics X-CUBE-GNSS1 7.0.1
2025-10-16 00:50:40,963 [INFO] ThirdParty:1030 - CMSIS Pack Vendor :STMicroelectronics X-CUBE-NFC12 1.0.0
2025-10-16 00:50:40,963 [INFO] ThirdParty:1030 - CMSIS Pack Vendor :STMicroelectronics X-CUBE-AZRTOS-F7 1.1.0
2025-10-16 00:50:40,964 [INFO] ThirdParty:1030 - CMSIS Pack Vendor :STMicroelectronics X-CUBE-AZRTOS-L5 2.0.0
2025-10-16 00:50:40,964 [INFO] ThirdParty:1030 - CMSIS Pack Vendor :STMicroelectronics X-CUBE-TOUCHGFX 4.25.0
2025-10-16 00:50:40,964 [INFO] ThirdParty:1030 - CMSIS Pack Vendor :STMicroelectronics USB_DEVICE 2.0.0
2025-10-16 00:50:40,964 [INFO] ThirdParty:1030 - CMSIS Pack Vendor :STMicroelectronics X-CUBE-NFC6 3.1.0
2025-10-16 00:50:40,965 [INFO] ThirdParty:1030 - CMSIS Pack Vendor :STMicroelectronics X-CUBE-ST67W61 1.1.0
2025-10-16 00:50:40,965 [INFO] ThirdParty:1030 - CMSIS Pack Vendor :Cesanta I-CUBE-Mongoose 7.19.0
2025-10-16 00:50:40,965 [INFO] ThirdParty:1030 - CMSIS Pack Vendor :quantropi X-CUBE-qispace-sdk-base 2.1.0
2025-10-16 00:50:40,966 [INFO] ThirdParty:1030 - CMSIS Pack Vendor :STMicroelectronics FreeRTOS 0.0.1
2025-10-16 00:50:40,966 [INFO] ThirdParty:1030 - CMSIS Pack Vendor :STMicroelectronics X-CUBE-AZRTOS-G0 1.1.0
2025-10-16 00:50:40,966 [INFO] ThirdParty:1030 - CMSIS Pack Vendor :STMicroelectronics X-CUBE-SAFEA1 1.2.2
2025-10-16 00:50:40,966 [INFO] ThirdParty:1030 - CMSIS Pack Vendor :STMicroelectronics X-CUBE-NFC4 3.0.0
2025-10-16 00:50:40,966 [INFO] ThirdParty:1030 - CMSIS Pack Vendor :STMicroelectronics X-CUBE-SUBG2 5.0.0
2025-10-16 00:50:40,967 [INFO] ThirdParty:1030 - CMSIS Pack Vendor :STMicroelectronics X-CUBE-AZRTOS-H7RS 1.1.0
2025-10-16 00:50:40,967 [INFO] ThirdParty:1030 - CMSIS Pack Vendor :STMicroelectronics STM32_WPAN 1.0.0
2025-10-16 00:50:40,967 [INFO] ThirdParty:1030 - CMSIS Pack Vendor :EmbeddedOffice I-CUBE-FS-RTOS 1.0.1
2025-10-16 00:50:40,967 [INFO] ThirdParty:1030 - CMSIS Pack Vendor :STMicroelectronics lwIP 2.0.3
2025-10-16 00:50:40,967 [INFO] ThirdParty:1030 - CMSIS Pack Vendor :WES I-CUBE-Cesium 1.4.0
2025-10-16 00:50:40,968 [INFO] ThirdParty:1030 - CMSIS Pack Vendor :Cesanta I-CUBE-Mongoose 7.13.0
2025-10-16 00:50:40,968 [INFO] ThirdParty:1030 - CMSIS Pack Vendor :STMicroelectronics USB_HOST 1.0.0
2025-10-16 00:50:40,968 [INFO] ThirdParty:1030 - CMSIS Pack Vendor :Infineon AIROC-Wi-Fi-Bluetooth-STM32 1.7.1
2025-10-16 00:50:40,968 [INFO] ThirdParty:1030 - CMSIS Pack Vendor :STMicroelectronics X-CUBE-AZRTOS-G4 2.0.0
2025-10-16 00:50:40,968 [INFO] ThirdParty:1030 - CMSIS Pack Vendor :STMicroelectronics X-CUBE-WB05N 2.0.0
2025-10-16 00:50:40,968 [INFO] ThirdParty:1030 - CMSIS Pack Vendor :STMicroelectronics PDM2PCM 3.1.0
2025-10-16 00:50:40,968 [INFO] ThirdParty:1030 - CMSIS Pack Vendor :STMicroelectronics PDM2PCM 3.3.0
2025-10-16 00:50:40,969 [INFO] ThirdParty:1030 - CMSIS Pack Vendor :wolfSSL I-CUBE-wolfTPM 3.8.0
2025-10-16 00:50:40,969 [INFO] ThirdParty:1030 - CMSIS Pack Vendor :STMicroelectronics X-CUBE-AZRTOS-H7 3.4.0
2025-10-16 00:50:40,971 [INFO] ThirdParty:1030 - CMSIS Pack Vendor :STMicroelectronics X-CUBE-DISPLAY 3.0.0
2025-10-16 00:50:40,971 [INFO] ThirdParty:1030 - CMSIS Pack Vendor :wolfSSL I-CUBE-wolfSSH 1.4.20
2025-10-16 00:50:40,971 [INFO] ThirdParty:1030 - CMSIS Pack Vendor :STMicroelectronics X-CUBE-NFC7 2.0.0
2025-10-16 00:50:40,971 [INFO] ThirdParty:1030 - CMSIS Pack Vendor :STMicroelectronics X-CUBE-TCPP 4.2.0
2025-10-16 00:50:40,972 [INFO] ThirdParty:1030 - CMSIS Pack Vendor :RealThread X-CUBE-RT-Thread_Nano 4.1.1
2025-10-16 00:50:40,972 [INFO] ThirdParty:1030 - CMSIS Pack Vendor :STMicroelectronics FP-ATR-SIGFOX1 3.2.0
2025-10-16 00:50:40,972 [INFO] ThirdParty:1030 - CMSIS Pack Vendor :STMicroelectronics X-CUBE-NFC10 1.0.0
2025-10-16 00:50:40,972 [INFO] ThirdParty:1030 - CMSIS Pack Vendor :STMicroelectronics X-CUBE-FREERTOS 1.3.1
2025-10-16 00:50:40,972 [INFO] ThirdParty:1030 - CMSIS Pack Vendor :STMicroelectronics HAL Drivers 0.0.0
2025-10-16 00:50:40,972 [INFO] ThirdParty:1030 - CMSIS Pack Vendor :STMicroelectronics MBEDTLS 2.16.2
2025-10-16 00:50:40,972 [INFO] ThirdParty:1030 - CMSIS Pack Vendor :STMicroelectronics X-CUBE-IPS 3.1.0
2025-10-16 00:50:40,973 [INFO] ThirdParty:1030 - CMSIS Pack Vendor :STMicroelectronics X-CUBE-ALS 1.0.2
2025-10-16 00:50:40,973 [INFO] ThirdParty:1030 - CMSIS Pack Vendor :emotas I-CUBE-CANOPEN 1.3.0
2025-10-16 00:50:40,973 [INFO] ThirdParty:1030 - CMSIS Pack Vendor :STMicroelectronics MBEDTLS 2.14.1
2025-10-16 00:50:40,973 [INFO] ThirdParty:1030 - CMSIS Pack Vendor :ITTIA_DB I-CUBE-ITTIADB 8.9.0
2025-10-16 00:50:40,974 [INFO] ThirdParty:1030 - CMSIS Pack Vendor :STMicroelectronics X-CUBE-TOUCHGFX 4.26.0
2025-10-16 00:50:40,974 [INFO] ThirdParty:1030 - CMSIS Pack Vendor :STMicroelectronics X-CUBE-STSE01 1.0.0
2025-10-16 00:50:40,974 [INFO] ThirdParty:1030 - CMSIS Pack Vendor :portGmbH I-Cube-SoM-uGOAL 1.1.0
2025-10-16 00:50:40,974 [INFO] ThirdParty:1030 - CMSIS Pack Vendor :STMicroelectronics X-CUBE-ST67W61 1.0.0
2025-10-16 00:50:40,974 [INFO] ThirdParty:1030 - CMSIS Pack Vendor :STMicroelectronics FP-SNS-STBOX1 2.1.0
2025-10-16 00:50:40,974 [INFO] ThirdParty:1030 - CMSIS Pack Vendor :STMicroelectronics X-CUBE-AI 10.2.0
2025-10-16 00:50:40,974 [INFO] ThirdParty:1030 - CMSIS Pack Vendor :STMicroelectronics FP-SNS-STAIOTCFT 1.0.0
2025-10-16 00:50:40,974 [INFO] ThirdParty:1030 - CMSIS Pack Vendor :STMicroelectronics ThreadX 1.0.0
2025-10-16 00:50:40,974 [INFO] ThirdParty:1030 - CMSIS Pack Vendor :STMicroelectronics FP-SNS-SMARTAG2 1.2.0
2025-10-16 00:50:40,974 [INFO] ThirdParty:1030 - CMSIS Pack Vendor :STMicroelectronics FP-SNS-FLIGHT1 5.1.0
2025-10-16 00:50:40,974 [INFO] ThirdParty:1030 - CMSIS Pack Vendor :STMicroelectronics X-CUBE-AZRTOS-WL 2.0.0
2025-10-16 00:50:40,975 [INFO] ThirdParty:1030 - CMSIS Pack Vendor :SEGGER I-CUBE-embOS 1.3.1
2025-10-16 00:50:40,975 [INFO] ThirdParty:1030 - CMSIS Pack Vendor :STMicroelectronics X-CUBE-ALGOBUILD 1.4.0
2025-10-16 00:50:40,975 [INFO] ThirdParty:1030 - CMSIS Pack Vendor :STMicroelectronics X-CUBE-DPower 1.3.0
2025-10-16 00:50:40,975 [INFO] ThirdParty:1030 - CMSIS Pack Vendor :STMicroelectronics X-CUBE-MEMS1 11.3.0
2025-10-16 00:50:40,975 [INFO] ThirdParty:1030 - CMSIS Pack Vendor :STMicroelectronics FP-SNS-MOTENV1 5.0.0
2025-10-16 00:50:40,975 [INFO] ThirdParty:1030 - CMSIS Pack Vendor :STMicroelectronics USB_DEVICE 1.0.0
2025-10-16 00:50:40,975 [INFO] ThirdParty:1030 - CMSIS Pack Vendor :STMicroelectronics X-CUBE-AZRTOS-L4 2.0.0
2025-10-16 00:50:40,975 [INFO] ThirdParty:1030 - CMSIS Pack Vendor :STMicroelectronics ThreadX 0.0.2
2025-10-16 00:50:40,975 [INFO] ThirdParty:1030 - CMSIS Pack Vendor :STMicroelectronics lwIP 2.1.2
2025-10-16 00:50:40,975 [INFO] ThirdParty:1030 - CMSIS Pack Vendor :STMicroelectronics X-CUBE-SFXS2LP1 4.0.0
2025-10-16 00:50:40,975 [INFO] ThirdParty:1030 - CMSIS Pack Vendor :STMicroelectronics X-CUBE-BLE2 3.3.0
2025-10-16 00:50:40,975 [INFO] ThirdParty:1030 - CMSIS Pack Vendor :STMicroelectronics X-CUBE-TOF1 3.4.3
2025-10-16 00:50:40,975 [INFO] ThirdParty:1030 - CMSIS Pack Vendor :STMicroelectronics PDM2PCM 3.2.0
2025-10-16 00:50:40,975 [INFO] ThirdParty:841 - exiting critical section [change project]
2025-10-16 00:50:41,228 [INFO] PinOutPanel:1589 - setPackage(No Configuration,No Configuration)
2025-10-16 00:50:41,230 [INFO] PinOutPanel:1589 - setPackage(STM32F446RETx,LQFP64)
2025-10-16 00:50:41,602 [INFO] UtilMem:75 - Before build in PCC Used Memory: 528002568 Bytes (592445440)
2025-10-16 00:50:41,898 [INFO] UtilMem:75 - After build in PCC Used Memory: 328924072 Bytes (592445440)
2025-10-16 00:50:41,921 [INFO] IPUIPlugin:80 - create IPUIPlugin
2025-10-16 00:50:41,921 [INFO] IPUIPlugin:80 - create IPUIPlugin
2025-10-16 00:50:41,922 [INFO] IPUIPlugin:80 - create IPUIPlugin
2025-10-16 00:50:41,922 [INFO] IPUIPlugin:80 - create IPUIPlugin
2025-10-16 00:50:41,922 [INFO] IPUIPlugin:80 - create IPUIPlugin
2025-10-16 00:50:41,922 [INFO] IPUIPlugin:80 - create IPUIPlugin
2025-10-16 00:50:41,922 [INFO] IPUIPlugin:80 - create IPUIPlugin
2025-10-16 00:50:41,922 [INFO] IPUIPlugin:80 - create IPUIPlugin
2025-10-16 00:50:41,922 [INFO] IPUIPlugin:80 - create IPUIPlugin
2025-10-16 00:50:41,922 [INFO] IPUIPlugin:80 - create IPUIPlugin
2025-10-16 00:50:41,922 [INFO] IPUIPlugin:80 - create IPUIPlugin
2025-10-16 00:50:41,922 [INFO] IPUIPlugin:80 - create IPUIPlugin
2025-10-16 00:50:41,923 [INFO] IPUIPlugin:80 - create IPUIPlugin
2025-10-16 00:50:41,923 [INFO] IPUIPlugin:80 - create IPUIPlugin
2025-10-16 00:50:41,923 [INFO] IPUIPlugin:80 - create IPUIPlugin
2025-10-16 00:50:41,923 [INFO] IPUIPlugin:80 - create IPUIPlugin
2025-10-16 00:50:41,923 [INFO] IPUIPlugin:80 - create IPUIPlugin
2025-10-16 00:50:41,923 [INFO] IPUIPlugin:80 - create IPUIPlugin
2025-10-16 00:50:41,923 [INFO] IPUIPlugin:80 - create IPUIPlugin
2025-10-16 00:50:41,923 [INFO] IPUIPlugin:80 - create IPUIPlugin
2025-10-16 00:50:41,924 [INFO] IPUIPlugin:80 - create IPUIPlugin
2025-10-16 00:50:41,924 [INFO] IPUIPlugin:80 - create IPUIPlugin
2025-10-16 00:50:41,924 [INFO] IPUIPlugin:80 - create IPUIPlugin
2025-10-16 00:50:41,924 [INFO] IPUIPlugin:80 - create IPUIPlugin
2025-10-16 00:50:41,924 [INFO] IPUIPlugin:80 - create IPUIPlugin
2025-10-16 00:50:41,925 [INFO] IPUIPlugin:80 - create IPUIPlugin
2025-10-16 00:50:41,925 [INFO] IPUIPlugin:80 - create IPUIPlugin
2025-10-16 00:50:41,925 [INFO] IPUIPlugin:80 - create IPUIPlugin
2025-10-16 00:50:41,925 [INFO] IPUIPlugin:80 - create IPUIPlugin
2025-10-16 00:50:41,925 [INFO] IPUIPlugin:80 - create IPUIPlugin
2025-10-16 00:50:41,926 [INFO] IPUIPlugin:80 - create IPUIPlugin
2025-10-16 00:50:41,926 [INFO] IPUIPlugin:80 - create IPUIPlugin
2025-10-16 00:50:41,926 [INFO] IPUIPlugin:80 - create IPUIPlugin
2025-10-16 00:50:41,927 [INFO] IPUIPlugin:80 - create IPUIPlugin
2025-10-16 00:50:41,928 [INFO] IPUIPlugin:80 - create IPUIPlugin
2025-10-16 00:50:41,928 [INFO] IPUIPlugin:80 - create IPUIPlugin
2025-10-16 00:50:41,928 [INFO] IPUIPlugin:80 - create IPUIPlugin
2025-10-16 00:50:41,928 [INFO] IPUIPlugin:80 - create IPUIPlugin
2025-10-16 00:50:41,929 [INFO] IPUIPlugin:80 - create IPUIPlugin
2025-10-16 00:50:41,929 [INFO] IPUIPlugin:80 - create IPUIPlugin
2025-10-16 00:50:41,929 [INFO] IPUIPlugin:80 - create IPUIPlugin
2025-10-16 00:50:41,929 [INFO] IPUIPlugin:80 - create IPUIPlugin
2025-10-16 00:50:41,929 [INFO] IPUIPlugin:80 - create IPUIPlugin
2025-10-16 00:50:41,930 [INFO] IPUIPlugin:80 - create IPUIPlugin
2025-10-16 00:50:41,930 [INFO] IPUIPlugin:80 - create IPUIPlugin
2025-10-16 00:50:41,930 [INFO] IPUIPlugin:80 - create IPUIPlugin
2025-10-16 00:50:41,930 [INFO] IPUIPlugin:80 - create IPUIPlugin
2025-10-16 00:50:41,930 [INFO] IPUIPlugin:80 - create IPUIPlugin
2025-10-16 00:50:41,930 [INFO] IPUIPlugin:80 - create IPUIPlugin
2025-10-16 00:50:41,931 [INFO] IPUIPlugin:80 - create IPUIPlugin
2025-10-16 00:50:41,931 [INFO] IPUIPlugin:80 - create IPUIPlugin
2025-10-16 00:50:41,931 [INFO] IPUIPlugin:80 - create IPUIPlugin
2025-10-16 00:50:41,931 [INFO] IPUIPlugin:80 - create IPUIPlugin
2025-10-16 00:50:41,931 [INFO] IPUIPlugin:80 - create IPUIPlugin
2025-10-16 00:50:41,932 [INFO] IPUIPlugin:80 - create IPUIPlugin
2025-10-16 00:50:41,932 [INFO] IPUIPlugin:80 - create IPUIPlugin
2025-10-16 00:50:41,932 [INFO] IPUIPlugin:80 - create IPUIPlugin
2025-10-16 00:50:41,932 [INFO] IPUIPlugin:80 - create IPUIPlugin
2025-10-16 00:50:41,932 [INFO] IPUIPlugin:80 - create IPUIPlugin
2025-10-16 00:50:41,933 [INFO] IPUIPlugin:80 - create IPUIPlugin
2025-10-16 00:50:41,933 [INFO] IPUIPlugin:80 - create IPUIPlugin
2025-10-16 00:50:41,936 [INFO] ApiDbMcu:532 - Load IP Config File for PDM2PCM
2025-10-16 00:50:41,937 [WARN] IP:2250 - I2C_Coeff_DF not found: check if there is a RefParameter without a condition.
2025-10-16 00:50:41,937 [WARN] IP:2250 - Analog_Filter not found: check if there is a RefParameter without a condition.
2025-10-16 00:50:41,990 [INFO] CADModel:165 - CPN selected for project levelSTM32F446RET6
2025-10-16 00:50:41,990 [INFO] CADModel:114 - Register for checkConnection events
2025-10-16 00:50:42,063 [INFO] OpenFileManager:386 - Restore cursor
2025-10-16 00:50:42,153 [WARN] IP:2250 - I2C_Coeff_DF not found: check if there is a RefParameter without a condition.
2025-10-16 00:50:42,153 [WARN] IP:2250 - Analog_Filter not found: check if there is a RefParameter without a condition.
2025-10-16 00:50:42,154 [WARN] IP:2250 - I2C_Coeff_DF not found: check if there is a RefParameter without a condition.
2025-10-16 00:50:42,154 [WARN] IP:2250 - Analog_Filter not found: check if there is a RefParameter without a condition.
