2025-10-01 20:44:21,883 [INFO] Activator:176 - 


2025-10-01 20:44:21,888 [INFO] Activator:177 - !SESSION log4j initialized
2025-10-01 20:44:27,337 [INFO] LogOutputStream:77 - [STDOUT_REDIRECT] 
2025-10-01 20:44:31,623 [INFO] ApplicationProperties:184 - Using Application install path: C:\ST\STM32CubeIDE_1.19.0\STM32CubeIDE\plugins\com.st.stm32cube.common.mx_6.15.0.202507011659
2025-10-01 20:44:31,639 [INFO] DbMcusXml:78 - Set database path to: C:\ST\STM32CubeIDE_1.19.0\STM32CubeIDE\plugins\com.st.stm32cube.common.mx_6.15.0.202507011659\\db\/mcu/
2025-10-01 20:44:31,639 [INFO] ApiDb:274 - Set plugin database path to: C:\ST\STM32CubeIDE_1.19.0\STM32CubeIDE\plugins\com.st.stm32cube.common.mx_6.15.0.202507011659\\db\/plugins/boardmanager/
2025-10-01 20:44:31,639 [WARN] ApiDb:259 - Overriding images path with different value:  => C:\ST\STM32CubeIDE_1.19.0\STM32CubeIDE\plugins\com.st.stm32cube.common.mx_6.15.0.202507011659\\db\/plugins/mcufinder/images/
2025-10-01 20:44:31,646 [INFO] ApiDb:250 - Set database path to: C:\Users\Paulo\.stmcufinder\plugins\mcufinder//mcu/
2025-10-01 20:44:31,648 [INFO] DbMcusAds:125 - Set database path to: C:\Users\Paulo\.stmcufinder\plugins\mcufinder//mcu/
2025-10-01 20:44:31,649 [INFO] CrossReferenceDbSqlite:203 - Set database path to: C:\Users\Paulo\.stmcufinder\plugins\mcufinder//mcu/cs/
2025-10-01 20:44:31,750 [INFO] RulesReader:64 - Compatibility file has been processed (317 Rules)
2025-10-01 20:44:31,821 [INFO] DbMcusXml:78 - Set database path to: C:\ST\STM32CubeIDE_1.19.0\STM32CubeIDE\plugins\com.st.stm32cube.common.mx_6.15.0.202507011659\\db\/mcu/
2025-10-01 20:44:31,821 [INFO] ApiDb:274 - Set plugin database path to: C:\ST\STM32CubeIDE_1.19.0\STM32CubeIDE\plugins\com.st.stm32cube.common.mx_6.15.0.202507011659\\db\/plugins/boardmanager/
2025-10-01 20:44:31,821 [INFO] ApiDb:261 - Set plugin images path to: C:\ST\STM32CubeIDE_1.19.0\STM32CubeIDE\plugins\com.st.stm32cube.common.mx_6.15.0.202507011659\\db\/plugins/mcufinder/images/
2025-10-01 20:44:31,822 [WARN] DbFile:41 - Overriding database path with different value: C:\Users\Paulo\.stmcufinder\plugins\mcufinder/ => C:\Users\Paulo\.stmcufinder\plugins\mcufinder
2025-10-01 20:44:31,822 [INFO] ApiDb:250 - Set database path to: C:\Users\Paulo\.stmcufinder\plugins\mcufinder//mcu/
2025-10-01 20:44:31,822 [WARN] DbFile:41 - Overriding database path with different value: C:\Users\Paulo\.stmcufinder\plugins\mcufinder/ => C:\Users\Paulo\.stmcufinder\plugins\mcufinder
2025-10-01 20:44:31,822 [INFO] DbMcusAds:125 - Set database path to: C:\Users\Paulo\.stmcufinder\plugins\mcufinder//mcu/
2025-10-01 20:44:31,822 [WARN] DbFile:41 - Overriding database path with different value: C:\Users\Paulo\.stmcufinder\plugins\mcufinder/ => C:\Users\Paulo\.stmcufinder\plugins\mcufinder
2025-10-01 20:44:31,822 [WARN] DbFile:41 - Overriding database path with different value: C:\Users\Paulo\.stmcufinder\plugins\mcufinder/ => C:\Users\Paulo\.stmcufinder\plugins\mcufinder
2025-10-01 20:44:31,822 [INFO] CrossReferenceDbSqlite:203 - Set database path to: C:\Users\Paulo\.stmcufinder\plugins\mcufinder//mcu/cs/
2025-10-01 20:44:31,888 [INFO] MainPanel:274 - HeapMemory: 268435456
2025-10-01 20:44:31,996 [INFO] DbMcusXml:78 - Set database path to: C:\ST\STM32CubeIDE_1.19.0\STM32CubeIDE\plugins\com.st.stm32cube.common.mx_6.15.0.202507011659\\db\/mcu/
2025-10-01 20:44:31,996 [INFO] ApiDb:274 - Set plugin database path to: C:\ST\STM32CubeIDE_1.19.0\STM32CubeIDE\plugins\com.st.stm32cube.common.mx_6.15.0.202507011659\\db\/plugins/boardmanager/
2025-10-01 20:44:31,996 [INFO] ApiDb:261 - Set plugin images path to: C:\ST\STM32CubeIDE_1.19.0\STM32CubeIDE\plugins\com.st.stm32cube.common.mx_6.15.0.202507011659\\db\/plugins/mcufinder/images/
2025-10-01 20:44:31,996 [WARN] DbFile:41 - Overriding database path with different value: C:\Users\Paulo\.stmcufinder\plugins\mcufinder/ => C:\Users\Paulo\.stmcufinder\plugins\mcufinder
2025-10-01 20:44:31,996 [INFO] ApiDb:250 - Set database path to: C:\Users\Paulo\.stmcufinder\plugins\mcufinder//mcu/
2025-10-01 20:44:31,996 [WARN] DbFile:41 - Overriding database path with different value: C:\Users\Paulo\.stmcufinder\plugins\mcufinder/ => C:\Users\Paulo\.stmcufinder\plugins\mcufinder
2025-10-01 20:44:31,997 [INFO] DbMcusAds:125 - Set database path to: C:\Users\Paulo\.stmcufinder\plugins\mcufinder//mcu/
2025-10-01 20:44:31,997 [WARN] DbFile:41 - Overriding database path with different value: C:\Users\Paulo\.stmcufinder\plugins\mcufinder/ => C:\Users\Paulo\.stmcufinder\plugins\mcufinder
2025-10-01 20:44:31,997 [WARN] DbFile:41 - Overriding database path with different value: C:\Users\Paulo\.stmcufinder\plugins\mcufinder/ => C:\Users\Paulo\.stmcufinder\plugins\mcufinder
2025-10-01 20:44:31,997 [INFO] CrossReferenceDbSqlite:203 - Set database path to: C:\Users\Paulo\.stmcufinder\plugins\mcufinder//mcu/cs/
2025-10-01 20:44:32,011 [INFO] ApplicationProperties:184 - Using Application install path: C:\ST\STM32CubeIDE_1.19.0\STM32CubeIDE\plugins\com.st.stm32cube.common.mx_6.15.0.202507011659
2025-10-01 20:44:32,012 [INFO] PluginManage:196 - Search for loadable plugins [exclusion list=, ]
2025-10-01 20:44:32,013 [INFO] PluginManage:310 - Check plugin analytics
2025-10-01 20:44:32,175 [INFO] AnalyticsPlugin:253 - Accepted Software Licenses: 
2025-10-01 20:44:32,175 [INFO] AnalyticsPlugin:255 - Accepted CMSIS Pack Licenses: 
2025-10-01 20:44:32,176 [INFO] AnalyticsPlugin:257 - Accepted Firmware Licenses: FW.F4.1.28.0,FW.F4.1.27.0
2025-10-01 20:44:32,178 [INFO] PluginManage:359 - Loaded plugin analytics (category:tool,tabindex:-1)
2025-10-01 20:44:32,178 [INFO] PluginManage:310 - Check plugin cadmodel
2025-10-01 20:44:32,184 [INFO] CADModel:105 - Init CAD model plugin
2025-10-01 20:44:32,184 [INFO] PluginManage:359 - Loaded plugin cadmodel (category:power,tabindex:5)
2025-10-01 20:44:32,184 [INFO] PluginManage:310 - Check plugin clock
2025-10-01 20:44:32,194 [INFO] PluginManage:359 - Loaded plugin clock (category:base,tabindex:2)
2025-10-01 20:44:32,195 [INFO] PluginManage:310 - Check plugin ddr
2025-10-01 20:44:32,197 [INFO] PluginManage:359 - Loaded plugin ddr (category:tool,tabindex:6)
2025-10-01 20:44:32,197 [INFO] PluginManage:310 - Check plugin filemanager
2025-10-01 20:44:32,325 [INFO] PluginManage:359 - Loaded plugin filemanager (category:base,tabindex:10)
2025-10-01 20:44:32,325 [INFO] PluginManage:310 - Check plugin ipmanager
2025-10-01 20:44:32,331 [INFO] PluginManage:359 - Loaded plugin ipmanager (category:base,tabindex:5)
2025-10-01 20:44:32,331 [INFO] PluginManage:310 - Check plugin lpbam
2025-10-01 20:44:32,339 [INFO] PluginManage:359 - Loaded plugin lpbam (category:base,tabindex:0)
2025-10-01 20:44:32,339 [INFO] PluginManage:310 - Check plugin memorymap
2025-10-01 20:44:32,352 [INFO] PluginManage:359 - Loaded plugin memorymap (category:base,tabindex:4)
2025-10-01 20:44:32,352 [INFO] PluginManage:310 - Check plugin pinoutandconfiguration
2025-10-01 20:44:32,360 [INFO] PluginManage:359 - Loaded plugin pinoutandconfiguration (category:base,tabindex:1)
2025-10-01 20:44:32,360 [INFO] PluginManage:310 - Check plugin pinoutconfig
2025-10-01 20:44:32,454 [WARN] SupportedApi:132 - Cannot load RTOS API schema: s4s-elt-must-match.1: The content of 'definitions' must match (annotation?, (simpleType | complexType)?, (unique | key | keyref)*)). A problem was found starting at: attribute.
2025-10-01 20:44:32,590 [INFO] PluginManage:359 - Loaded plugin pinoutconfig (category:base,tabindex:0)
2025-10-01 20:44:32,590 [INFO] PluginManage:310 - Check plugin power
2025-10-01 20:44:32,602 [INFO] PluginManage:359 - Loaded plugin power (category:power,tabindex:4)
2025-10-01 20:44:32,602 [INFO] PluginManage:310 - Check plugin projectmanager
2025-10-01 20:44:32,617 [INFO] PluginManage:359 - Loaded plugin projectmanager (category:projectmanager,tabindex:4)
2025-10-01 20:44:32,617 [INFO] PluginManage:310 - Check plugin rif
2025-10-01 20:44:32,630 [INFO] PluginManage:359 - Loaded plugin rif (category:base,tabindex:3)
2025-10-01 20:44:32,631 [INFO] PluginManage:310 - Check plugin thirdparty
2025-10-01 20:44:32,761 [INFO] PluginManage:359 - Loaded plugin thirdparty (category:base,tabindex:-1)
2025-10-01 20:44:32,761 [WARN] IntegrityCheckThread:84 - waiting for thirdparty lock release [integrity check]
2025-10-01 20:44:32,761 [INFO] IntegrityCheckThread:86 - entering critical section [integrity check]
2025-10-01 20:44:32,761 [INFO] PluginManage:310 - Check plugin tools
2025-10-01 20:44:32,761 [INFO] ThirdPartyUpdaterWithRetryManager:70 - Updater plugin not ready yet. [1/15]
2025-10-01 20:44:32,764 [INFO] PluginManage:359 - Loaded plugin tools (category:base,tabindex:7)
2025-10-01 20:44:32,764 [INFO] PluginManage:310 - Check plugin tutovideos
2025-10-01 20:44:32,952 [INFO] PluginManage:359 - Loaded plugin tutovideos (category:base,tabindex:-1)
2025-10-01 20:44:32,953 [INFO] PluginManage:310 - Check plugin updater
2025-10-01 20:44:32,973 [INFO] PluginManage:359 - Loaded plugin updater (category:base,tabindex:12)
2025-10-01 20:44:32,973 [INFO] PluginManage:310 - Check plugin userauth
2025-10-01 20:44:32,977 [INFO] UserAuth:118 - Init User Auth plugin
2025-10-01 20:44:32,979 [INFO] PluginManage:359 - Loaded plugin userauth (category:base,tabindex:14)
2025-10-01 20:44:32,979 [INFO] PluginManage:283 - PluginManage : Loaded plugins [18]
2025-10-01 20:44:33,168 [INFO] PinOutPanel:1589 - setPackage(No Configuration,No Configuration)
2025-10-01 20:44:33,239 [INFO] CADModel:165 - CPN selected for project level
2025-10-01 20:44:33,239 [INFO] CADModel:114 - Register for checkConnection events
2025-10-01 20:44:33,259 [INFO] IPUIPlugin:80 - create IPUIPlugin
2025-10-01 20:44:33,259 [INFO] PluginManager:220 - loadIPPluginJar : add adc
2025-10-01 20:44:33,262 [INFO] IPUIPlugin:80 - create IPUIPlugin
2025-10-01 20:44:33,262 [INFO] PluginManager:220 - loadIPPluginJar : add aes
2025-10-01 20:44:33,265 [INFO] IPUIPlugin:80 - create IPUIPlugin
2025-10-01 20:44:33,265 [INFO] PluginManager:220 - loadIPPluginJar : add can
2025-10-01 20:44:33,267 [INFO] IPUIPlugin:80 - create IPUIPlugin
2025-10-01 20:44:33,268 [INFO] PluginManager:220 - loadIPPluginJar : add comp
2025-10-01 20:44:33,272 [INFO] IPUIPlugin:80 - create IPUIPlugin
2025-10-01 20:44:33,272 [INFO] PluginManager:220 - loadIPPluginJar : add cryp
2025-10-01 20:44:33,275 [INFO] IPUIPlugin:80 - create IPUIPlugin
2025-10-01 20:44:33,276 [INFO] PluginManager:220 - loadIPPluginJar : add ddr_ctrl_phy
2025-10-01 20:44:33,278 [INFO] IPUIPlugin:80 - create IPUIPlugin
2025-10-01 20:44:33,278 [INFO] PluginManager:220 - loadIPPluginJar : add dfsdm
2025-10-01 20:44:33,286 [INFO] IPUIPlugin:80 - create IPUIPlugin
2025-10-01 20:44:33,286 [INFO] PluginManager:220 - loadIPPluginJar : add dma
2025-10-01 20:44:33,289 [INFO] IPUIPlugin:80 - create IPUIPlugin
2025-10-01 20:44:33,290 [INFO] PluginManager:220 - loadIPPluginJar : add dma3
2025-10-01 20:44:33,293 [INFO] IPUIPlugin:80 - create IPUIPlugin
2025-10-01 20:44:33,293 [INFO] PluginManager:220 - loadIPPluginJar : add extmemmanager
2025-10-01 20:44:33,296 [INFO] IPUIPlugin:80 - create IPUIPlugin
2025-10-01 20:44:33,296 [INFO] PluginManager:220 - loadIPPluginJar : add fatfs
2025-10-01 20:44:33,303 [INFO] IPUIPlugin:80 - create IPUIPlugin
2025-10-01 20:44:33,303 [INFO] PluginManager:220 - loadIPPluginJar : add fmc
2025-10-01 20:44:33,309 [INFO] IPUIPlugin:80 - create IPUIPlugin
2025-10-01 20:44:33,309 [INFO] PluginManager:220 - loadIPPluginJar : add freertos
2025-10-01 20:44:33,311 [INFO] IPUIPlugin:80 - create IPUIPlugin
2025-10-01 20:44:33,311 [INFO] PluginManager:220 - loadIPPluginJar : add genericplugin
2025-10-01 20:44:33,314 [INFO] IPUIPlugin:80 - create IPUIPlugin
2025-10-01 20:44:33,314 [INFO] PluginManager:220 - loadIPPluginJar : add gfxmmu
2025-10-01 20:44:33,319 [INFO] IPUIPlugin:80 - create IPUIPlugin
2025-10-01 20:44:33,319 [INFO] PluginManager:220 - loadIPPluginJar : add gic
2025-10-01 20:44:33,323 [INFO] IPUIPlugin:80 - create IPUIPlugin
2025-10-01 20:44:33,323 [INFO] PluginManager:220 - loadIPPluginJar : add gpio
2025-10-01 20:44:33,328 [INFO] IPUIPlugin:80 - create IPUIPlugin
2025-10-01 20:44:33,328 [INFO] PluginManager:220 - loadIPPluginJar : add gtzc
2025-10-01 20:44:33,331 [INFO] IPUIPlugin:80 - create IPUIPlugin
2025-10-01 20:44:33,331 [INFO] PluginManager:220 - loadIPPluginJar : add hash
2025-10-01 20:44:33,334 [INFO] IPUIPlugin:80 - create IPUIPlugin
2025-10-01 20:44:33,335 [INFO] PluginManager:220 - loadIPPluginJar : add i2c
2025-10-01 20:44:33,337 [INFO] IPUIPlugin:80 - create IPUIPlugin
2025-10-01 20:44:33,337 [INFO] PluginManager:220 - loadIPPluginJar : add i2s
2025-10-01 20:44:33,341 [INFO] IPUIPlugin:80 - create IPUIPlugin
2025-10-01 20:44:33,341 [INFO] PluginManager:220 - loadIPPluginJar : add i3c
2025-10-01 20:44:33,344 [INFO] IPUIPlugin:80 - create IPUIPlugin
2025-10-01 20:44:33,344 [INFO] PluginManager:220 - loadIPPluginJar : add ipddr
2025-10-01 20:44:33,351 [INFO] IPUIPlugin:80 - create IPUIPlugin
2025-10-01 20:44:33,351 [INFO] PluginManager:220 - loadIPPluginJar : add linkedlist
2025-10-01 20:44:33,357 [INFO] IPUIPlugin:80 - create IPUIPlugin
2025-10-01 20:44:33,357 [INFO] PluginManager:220 - loadIPPluginJar : add lorawan
2025-10-01 20:44:33,359 [INFO] IPUIPlugin:80 - create IPUIPlugin
2025-10-01 20:44:33,359 [INFO] PluginManager:220 - loadIPPluginJar : add ltdc
2025-10-01 20:44:33,364 [INFO] IPUIPlugin:80 - create IPUIPlugin
2025-10-01 20:44:33,364 [INFO] PluginManager:220 - loadIPPluginJar : add mdma
2025-10-01 20:44:33,368 [INFO] IPUIPlugin:80 - create IPUIPlugin
2025-10-01 20:44:33,368 [INFO] PluginManager:220 - loadIPPluginJar : add nvic
2025-10-01 20:44:33,372 [INFO] IPUIPlugin:80 - create IPUIPlugin
2025-10-01 20:44:33,372 [INFO] PluginManager:220 - loadIPPluginJar : add opamp
2025-10-01 20:44:33,375 [INFO] IPUIPlugin:80 - create IPUIPlugin
2025-10-01 20:44:33,375 [INFO] PluginManager:220 - loadIPPluginJar : add openamp
2025-10-01 20:44:33,379 [INFO] IPUIPlugin:80 - create IPUIPlugin
2025-10-01 20:44:33,379 [INFO] PluginManager:220 - loadIPPluginJar : add pdm2pcm
2025-10-01 20:44:33,386 [INFO] IPUIPlugin:80 - create IPUIPlugin
2025-10-01 20:44:33,388 [INFO] PluginManager:220 - loadIPPluginJar : add plateformsettings
2025-10-01 20:44:33,390 [INFO] IPUIPlugin:80 - create IPUIPlugin
2025-10-01 20:44:33,390 [INFO] PluginManager:220 - loadIPPluginJar : add quadspi
2025-10-01 20:44:33,393 [INFO] IPUIPlugin:80 - create IPUIPlugin
2025-10-01 20:44:33,394 [INFO] PluginManager:220 - loadIPPluginJar : add radio
2025-10-01 20:44:33,401 [INFO] IPUIPlugin:80 - create IPUIPlugin
2025-10-01 20:44:33,401 [INFO] PluginManager:220 - loadIPPluginJar : add resmgrutility
2025-10-01 20:44:33,404 [INFO] IPUIPlugin:80 - create IPUIPlugin
2025-10-01 20:44:33,404 [INFO] PluginManager:220 - loadIPPluginJar : add sai
2025-10-01 20:44:33,406 [INFO] IPUIPlugin:80 - create IPUIPlugin
2025-10-01 20:44:33,406 [INFO] PluginManager:220 - loadIPPluginJar : add spi
2025-10-01 20:44:33,412 [INFO] IPUIPlugin:80 - create IPUIPlugin
2025-10-01 20:44:33,413 [INFO] PluginManager:220 - loadIPPluginJar : add stm32_wpan
2025-10-01 20:44:33,416 [INFO] IPUIPlugin:80 - create IPUIPlugin
2025-10-01 20:44:33,416 [INFO] PluginManager:220 - loadIPPluginJar : add tim
2025-10-01 20:44:33,422 [INFO] IPUIPlugin:80 - create IPUIPlugin
2025-10-01 20:44:33,422 [INFO] PluginManager:220 - loadIPPluginJar : add touchsensing
2025-10-01 20:44:33,425 [INFO] IPUIPlugin:80 - create IPUIPlugin
2025-10-01 20:44:33,425 [INFO] PluginManager:220 - loadIPPluginJar : add tracer_emb
2025-10-01 20:44:33,428 [INFO] IPUIPlugin:80 - create IPUIPlugin
2025-10-01 20:44:33,428 [INFO] PluginManager:220 - loadIPPluginJar : add ts
2025-10-01 20:44:33,429 [INFO] IPUIPlugin:80 - create IPUIPlugin
2025-10-01 20:44:33,430 [INFO] PluginManager:220 - loadIPPluginJar : add tsc
2025-10-01 20:44:33,431 [INFO] IPUIPlugin:80 - create IPUIPlugin
2025-10-01 20:44:33,431 [INFO] PluginManager:220 - loadIPPluginJar : add ucpd
2025-10-01 20:44:33,434 [INFO] IPUIPlugin:80 - create IPUIPlugin
2025-10-01 20:44:33,434 [INFO] PluginManager:220 - loadIPPluginJar : add usart
2025-10-01 20:44:33,451 [INFO] IPUIPlugin:80 - create IPUIPlugin
2025-10-01 20:44:33,451 [INFO] PluginManager:220 - loadIPPluginJar : add usbx
2025-10-01 20:44:33,564 [FATAL] Updater:351 - Updater called before beeing initialized
2025-10-01 20:44:33,596 [INFO] RulesReader:64 - Compatibility file has been processed (317 Rules)
2025-10-01 20:44:33,606 [INFO] RulesReader:64 - Compatibility file has been processed (317 Rules)
2025-10-01 20:44:33,616 [INFO] CADModel:165 - CPN selected for project level
2025-10-01 20:44:33,616 [INFO] CADModel:114 - Register for checkConnection events
2025-10-01 20:44:33,616 [FATAL] Updater:351 - Updater called before beeing initialized
2025-10-01 20:44:33,617 [ERROR] CADModel:125 - Updater not yet initialized, retry later 
2025-10-01 20:44:33,751 [FATAL] Updater:351 - Updater called before beeing initialized
2025-10-01 20:44:33,753 [INFO] CADModel:165 - CPN selected for project level
2025-10-01 20:44:33,753 [INFO] CADModel:114 - Register for checkConnection events
2025-10-01 20:44:33,753 [FATAL] Updater:351 - Updater called before beeing initialized
2025-10-01 20:44:33,753 [ERROR] CADModel:125 - Updater not yet initialized, retry later 
2025-10-01 20:44:33,756 [FATAL] Updater:351 - Updater called before beeing initialized
2025-10-01 20:44:33,868 [FATAL] Updater:351 - Updater called before beeing initialized
2025-10-01 20:44:33,871 [INFO] DbMcusAds:53 - JSON generation date=Tue Jul 08 05:14:23 ART 2025 (1751962463524)
2025-10-01 20:44:33,871 [FATAL] Updater:351 - Updater called before beeing initialized
2025-10-01 20:44:33,903 [WARN] DetailPanel:346 - Failed to get advertising image, set to default
2025-10-01 20:44:33,964 [FATAL] Updater:351 - Updater called before beeing initialized
2025-10-01 20:44:33,965 [FATAL] Updater:351 - Updater called before beeing initialized
2025-10-01 20:44:33,966 [FATAL] Updater:351 - Updater called before beeing initialized
2025-10-01 20:44:33,966 [WARN] DetailPanel:346 - Failed to get advertising image, set to default
2025-10-01 20:44:33,966 [FATAL] Updater:351 - Updater called before beeing initialized
2025-10-01 20:44:34,003 [ERROR] Updater:1198 - MainUpdater not yet initialized. External WinMGr cannot be set.
2025-10-01 20:44:34,005 [INFO] Updater:1134 - Updater Version found : 6.15.0
2025-10-01 20:44:34,018 [INFO] ApplicationProperties:184 - Using Application install path: C:\ST\STM32CubeIDE_1.19.0\STM32CubeIDE\plugins\com.st.stm32cube.common.mx_6.15.0.202507011659
2025-10-01 20:44:35,628 [ERROR] LogOutputStream:75 - [STDERR_REDIRECT] Oct 01, 2025 8:44:35 PM java.util.prefs.WindowsPreferences <init>
2025-10-01 20:44:35,630 [ERROR] LogOutputStream:75 - [STDERR_REDIRECT] WARNING: Could not open/create prefs root node Software\JavaSoft\Prefs at root 0xffffffff80000002. Windows RegCreateKeyEx(...) returned error code 5.
2025-10-01 20:44:35,630 [ERROR] LogOutputStream:75 - [STDERR_REDIRECT] 
2025-10-01 20:44:35,776 [INFO] ThirdPartyUpdaterWithRetryManager:70 - Updater plugin not ready yet. [2/15]
2025-10-01 20:44:35,938 [INFO] MainUpdater:2872 - connection check result : 10
2025-10-01 20:44:35,939 [INFO] MainUpdater:289 - Updater Check For Update Now.
2025-10-01 20:44:35,939 [INFO] MicroXplorer:498 - Change Database Version : DB.6.0.150
2025-10-01 20:44:35,952 [INFO] McuFinderGlobals:63 - Set McuFinder mode to 2 (CubeIDE integrated)
2025-10-01 20:44:35,954 [INFO] UserAuth:487 - Internet connection configuration mode: 1
2025-10-01 20:44:35,980 [INFO] JxBrowserEngine:152 - Initiate JxBrowser Engine with user profile folder
2025-10-01 20:44:36,137 [INFO] CheckServerUpdateThread:120 - End of CheckServer Thread
2025-10-01 20:44:37,049 [INFO] WebApp:169 - Instantiating new browser for Auth
2025-10-01 20:44:37,924 [INFO] WebApp:463 - Apply proxy settings
2025-10-01 20:44:37,924 [INFO] WebApp:548 - Chromium requires no authentication
2025-10-01 20:44:37,959 [INFO] WebApp:491 - Direct internet connection detected
2025-10-01 20:44:38,021 [INFO] WebApp:900 - Register for checkConnection events
2025-10-01 20:44:38,021 [INFO] WebApp:463 - Apply proxy settings
2025-10-01 20:44:38,021 [INFO] WebApp:548 - Chromium requires no authentication
2025-10-01 20:44:38,022 [INFO] WebApp:491 - Direct internet connection detected
2025-10-01 20:44:38,248 [INFO] WebApp:191 - Connection restablished
2025-10-01 20:44:38,354 [INFO] WebApp:225 - Starting web application
2025-10-01 20:44:38,354 [INFO] WebApp:593 - Web application path used C:\ST\STM32CubeIDE_1.19.0\STM32CubeIDE\plugins\com.st.stm32cube.common.mx_6.15.0.202507011659\db\plugins\mcufinder\reactClient1\index.html
2025-10-01 20:44:38,445 [INFO] UserAuth:487 - Internet connection configuration mode: 1
2025-10-01 20:44:39,034 [WARN] PackLoader:240 - Cannot read IP mode file for STMicroelectronics.FP-SNS-MOTENVWB1.1.4.0
2025-10-01 20:44:39,045 [WARN] PackLoader:240 - Cannot read IP mode file for STMicroelectronics.FP-ATR-ASTRA1.2.0.2
2025-10-01 20:44:39,058 [WARN] PackLoader:240 - Cannot read IP mode file for STMicroelectronics.X-CUBE-SMBUS.2.1.0
2025-10-01 20:44:39,063 [WARN] PackLoader:240 - Cannot read IP mode file for STMicroelectronics.X-CUBE-ST60.1.0.0
2025-10-01 20:44:39,098 [WARN] PackLoader:240 - Cannot read IP mode file for STMicroelectronics.X-CUBE-AZRTOS-F7.1.1.0
2025-10-01 20:44:39,110 [WARN] PackLoader:240 - Cannot read IP mode file for WES.I-CUBE-Cesium.1.4.0
2025-10-01 20:44:39,134 [WARN] PackLoader:240 - Cannot read IP mode file for Infineon.AIROC-Wi-Fi-Bluetooth-STM32.1.7.1
2025-10-01 20:44:39,160 [WARN] PackLoader:240 - Cannot read IP mode file for STMicroelectronics.X-CUBE-AZRTOS-H7.3.4.0
2025-10-01 20:44:39,169 [WARN] PackLoader:240 - Cannot read IP mode file for STMicroelectronics.X-CUBE-DISPLAY.3.0.0
2025-10-01 20:44:39,180 [WARN] PackLoader:240 - Cannot read IP mode file for STMicroelectronics.X-CUBE-NFC10.1.0.0
2025-10-01 20:44:39,187 [WARN] PackLoader:240 - Cannot read IP mode file for emotas.I-CUBE-CANOPEN.1.3.0
2025-10-01 20:44:39,203 [WARN] PackLoader:240 - Cannot read IP mode file for STMicroelectronics.FP-SNS-STBOX1.2.1.0
2025-10-01 20:44:39,210 [WARN] PackLoader:240 - Cannot read IP mode file for STMicroelectronics.FP-SNS-SMARTAG2.1.2.0
2025-10-01 20:44:39,216 [WARN] PackLoader:240 - Cannot read IP mode file for STMicroelectronics.FP-SNS-FLIGHT1.5.1.0
2025-10-01 20:44:39,224 [INFO] LogOutputStream:77 - [STDOUT_REDIRECT] 1 : Invalid condition id : UX_CORESTACK_Condition cause : null
2025-10-01 20:44:39,225 [INFO] LogOutputStream:77 - [STDOUT_REDIRECT] 1 : Invalid condition id : UX_CORESTACK_Condition cause : null
2025-10-01 20:44:39,226 [INFO] LogOutputStream:77 - [STDOUT_REDIRECT] 1 : Invalid condition id : UX_CORESTACK_Condition cause : null
2025-10-01 20:44:39,228 [INFO] LogOutputStream:77 - [STDOUT_REDIRECT] 1 : Invalid condition id : UX_CORESTACK_Condition cause : null
2025-10-01 20:44:39,229 [INFO] LogOutputStream:77 - [STDOUT_REDIRECT] 1 : Invalid condition id : UX_CORESTACK_Condition cause : null
2025-10-01 20:44:39,232 [WARN] PackLoader:240 - Cannot read IP mode file for STMicroelectronics.X-CUBE-AZRTOS-WL.2.0.0
2025-10-01 20:44:39,238 [WARN] PackLoader:240 - Cannot read IP mode file for STMicroelectronics.FP-SNS-MOTENV1.5.0.0
2025-10-01 20:44:39,244 [WARN] PackLoader:240 - Cannot read IP mode file for STMicroelectronics.X-CUBE-BLE2.3.3.0
2025-10-01 20:44:39,252 [WARN] PackLoader:240 - Cannot read IP mode file for STMicroelectronics.X-CUBE-NFC9.1.0.0
2025-10-01 20:44:39,259 [WARN] PackLoader:240 - Cannot read IP mode file for wolfSSL.I-CUBE-wolfSSL.5.8.2
2025-10-01 20:44:39,264 [WARN] PackLoader:240 - Cannot read IP mode file for STMicroelectronics.X-CUBE-BLE1.7.1.0
2025-10-01 20:44:39,267 [WARN] PackLoader:240 - Cannot read IP mode file for wolfSSL.I-CUBE-wolfMQTT.1.19.2
2025-10-01 20:44:39,273 [WARN] PackLoader:240 - Cannot read IP mode file for STMicroelectronics.X-CUBE-EEPRMA1.5.2.0
2025-10-01 20:44:39,287 [WARN] PackLoader:240 - Cannot read IP mode file for STMicroelectronics.X-CUBE-AZRTOS-G0.1.1.0
2025-10-01 20:44:39,292 [WARN] PackLoader:240 - Cannot read IP mode file for STMicroelectronics.X-CUBE-SAFEA1.1.2.2
2025-10-01 20:44:39,298 [WARN] PackLoader:240 - Cannot read IP mode file for STMicroelectronics.X-CUBE-NFC4.3.0.0
2025-10-01 20:44:39,307 [WARN] PackLoader:240 - Cannot read IP mode file for EmbeddedOffice.I-CUBE-FS-RTOS.1.0.1
2025-10-01 20:44:39,312 [WARN] PackLoader:240 - Cannot read IP mode file for STMicroelectronics.X-CUBE-WB05N.2.0.0
2025-10-01 20:44:39,318 [WARN] PackLoader:240 - Cannot read IP mode file for wolfSSL.I-CUBE-wolfTPM.3.8.0
2025-10-01 20:44:39,323 [WARN] PackLoader:240 - Cannot read IP mode file for STMicroelectronics.X-CUBE-TCPP.4.2.0
2025-10-01 20:44:39,329 [WARN] PackLoader:240 - Cannot read IP mode file for RealThread.X-CUBE-RT-Thread_Nano.4.1.1
2025-10-01 20:44:39,332 [WARN] PackLoader:240 - Cannot read IP mode file for STMicroelectronics.FP-ATR-SIGFOX1.3.2.0
2025-10-01 20:44:39,337 [WARN] PackLoader:240 - Cannot read IP mode file for ITTIA_DB.I-CUBE-ITTIADB.8.9.0
2025-10-01 20:44:39,343 [WARN] PackLoader:240 - Cannot read IP mode file for STMicroelectronics.X-CUBE-ST67W61.1.0.0
2025-10-01 20:44:39,346 [WARN] PackLoader:240 - Cannot read IP mode file for STMicroelectronics.X-CUBE-AI.10.2.0
2025-10-01 20:44:39,365 [WARN] PackLoader:240 - Cannot read IP mode file for SEGGER.I-CUBE-embOS.1.3.1
2025-10-01 20:44:39,414 [WARN] PackLoader:240 - Cannot read IP mode file for STMicroelectronics.X-CUBE-ALGOBUILD.1.4.0
2025-10-01 20:44:39,466 [WARN] PackLoader:240 - Cannot read IP mode file for STMicroelectronics.X-CUBE-MEMS1.11.3.0
2025-10-01 20:44:39,631 [WARN] PackLoader:240 - Cannot read IP mode file for STMicroelectronics.X-CUBE-PM33A1.1.0.0
2025-10-01 20:44:39,646 [WARN] PackLoader:240 - Cannot read IP mode file for STMicroelectronics.X-CUBE-AZRTOS-F4.1.1.0
2025-10-01 20:44:39,654 [WARN] PackLoader:240 - Cannot read IP mode file for Avnet-IotConnect.X-CUBE-IoTC-DA16k-PMOD.1.0.0
2025-10-01 20:44:39,658 [WARN] PackLoader:240 - Cannot read IP mode file for STMicroelectronics.X-CUBE-ISPU.2.1.0
2025-10-01 20:44:39,665 [WARN] PackLoader:240 - Cannot read IP mode file for STMicroelectronics.X-CUBE-NFC12.1.0.0
2025-10-01 20:44:39,684 [WARN] PackLoader:240 - Cannot read IP mode file for STMicroelectronics.X-CUBE-AZRTOS-L5.2.0.0
2025-10-01 20:44:39,694 [WARN] PackLoader:240 - Cannot read IP mode file for STMicroelectronics.X-CUBE-NFC6.3.1.0
2025-10-01 20:44:39,702 [WARN] PackLoader:240 - Cannot read IP mode file for STMicroelectronics.X-CUBE-FREERTOS.1.3.1
2025-10-01 20:44:39,708 [WARN] PackLoader:240 - Cannot read IP mode file for STMicroelectronics.FP-SNS-STAIOTCFT.1.0.0
2025-10-01 20:44:39,714 [WARN] PackLoader:240 - Cannot read IP mode file for STMicroelectronics.X-CUBE-DPower.1.3.0
2025-10-01 20:44:39,732 [WARN] ConditionMgr:438 - getConditionDescription Invalid condition id : LAN8742 Phy interface Condition cause : null
2025-10-01 20:44:39,733 [WARN] PackLoader:240 - Cannot read IP mode file for STMicroelectronics.X-CUBE-AZRTOS-L4.2.0.0
2025-10-01 20:44:39,734 [WARN] ConditionMgr:1044 - genDependencies : Invalid condition id : LAN8742 Phy interface Condition cause : null
2025-10-01 20:44:39,734 [WARN] ConditionMgr:1044 - genDependencies : Invalid condition id : LAN8742 Phy interface Condition cause : null
2025-10-01 20:44:39,735 [WARN] ConditionMgr:1044 - genDependencies : Invalid condition id : LAN8742 Phy interface Condition cause : null
2025-10-01 20:44:39,744 [WARN] PackLoader:240 - Cannot read IP mode file for STMicroelectronics.X-CUBE-SFXS2LP1.4.0.0
2025-10-01 20:44:39,754 [WARN] PackLoader:240 - Cannot read IP mode file for STMicroelectronics.X-CUBE-BLEMGR.4.1.0
2025-10-01 20:44:39,768 [WARN] ConditionMgr:438 - getConditionDescription Invalid condition id : UX DEVICE CLASS RTOS Condition cause : null
2025-10-01 20:44:39,768 [WARN] ConditionMgr:438 - getConditionDescription Invalid condition id : UX DEVICE CLASS RTOS Condition cause : null
2025-10-01 20:44:39,770 [WARN] PackLoader:240 - Cannot read IP mode file for STMicroelectronics.X-CUBE-AZRTOS-WB.2.0.0
2025-10-01 20:44:39,771 [WARN] ConditionMgr:1044 - genDependencies : Invalid condition id : UX DEVICE CLASS RTOS Condition cause : null
2025-10-01 20:44:39,771 [WARN] ConditionMgr:1044 - genDependencies : Invalid condition id : UX DEVICE CLASS RTOS Condition cause : null
2025-10-01 20:44:39,771 [WARN] ConditionMgr:1044 - genDependencies : Invalid condition id : UX DEVICE CLASS RTOS Condition cause : null
2025-10-01 20:44:39,772 [WARN] ConditionMgr:1044 - genDependencies : Invalid condition id : UX DEVICE CLASS RTOS Condition cause : null
2025-10-01 20:44:39,772 [WARN] ConditionMgr:1044 - genDependencies : Invalid condition id : UX DEVICE CLASS RTOS Condition cause : null
2025-10-01 20:44:39,776 [WARN] PackLoader:240 - Cannot read IP mode file for STMicroelectronics.X-CUBE-GNSS1.7.0.1
2025-10-01 20:44:39,781 [WARN] PackLoader:240 - Cannot read IP mode file for STMicroelectronics.X-CUBE-TOUCHGFX.4.25.0
2025-10-01 20:44:39,785 [WARN] ConditionMgr:438 - getConditionDescription Invalid condition id : Cortex-A Device cause : null
2025-10-01 20:44:39,795 [WARN] ConditionMgr:1044 - genDependencies : Invalid condition id : Cortex-A Device cause : null
2025-10-01 20:44:39,796 [WARN] ConditionMgr:1044 - genDependencies : Invalid condition id : Cortex-A Device cause : null
2025-10-01 20:44:39,796 [WARN] ConditionMgr:1044 - genDependencies : Invalid condition id : Cortex-A Device cause : null
2025-10-01 20:44:39,805 [WARN] PackLoader:240 - Cannot read IP mode file for STMicroelectronics.X-CUBE-SUBG2.5.0.0
2025-10-01 20:44:39,825 [WARN] PackLoader:240 - Cannot read IP mode file for STMicroelectronics.X-CUBE-AZRTOS-H7RS.1.1.0
2025-10-01 20:44:39,832 [WARN] PackLoader:240 - Cannot read IP mode file for Cesanta.I-CUBE-Mongoose.7.13.0
2025-10-01 20:44:39,841 [WARN] PackLoader:240 - Cannot read IP mode file for STMicroelectronics.X-CUBE-AZRTOS-G4.2.0.0
2025-10-01 20:44:39,846 [WARN] PackLoader:240 - Cannot read IP mode file for wolfSSL.I-CUBE-wolfSSH.1.4.20
2025-10-01 20:44:39,850 [WARN] PackLoader:240 - Cannot read IP mode file for STMicroelectronics.X-CUBE-NFC7.2.0.0
2025-10-01 20:44:39,859 [WARN] PackLoader:240 - Cannot read IP mode file for STMicroelectronics.X-CUBE-IPS.3.1.0
2025-10-01 20:44:39,866 [WARN] PackLoader:240 - Cannot read IP mode file for STMicroelectronics.X-CUBE-ALS.1.0.2
2025-10-01 20:44:39,871 [WARN] PackLoader:240 - Cannot read IP mode file for STMicroelectronics.X-CUBE-STSE01.1.0.0
2025-10-01 20:44:39,876 [WARN] PackLoader:240 - Cannot read IP mode file for portGmbH.I-Cube-SoM-uGOAL.1.1.0
2025-10-01 20:44:39,884 [WARN] PackLoader:240 - Cannot read IP mode file for STMicroelectronics.X-CUBE-TOF1.3.4.3
2025-10-01 20:44:39,900 [INFO] ThirdParty:978 - Integrity check success = true
2025-10-01 20:44:39,901 [INFO] IntegrityCheckThread:100 - exiting critical section [integrity check]
2025-10-01 20:44:39,901 [INFO] IntegrityCheckThread:103 - End integrity checks thread
2025-10-01 20:58:42,420 [ERROR] LogOutputStream:75 - [STDERR_REDIRECT] 
2025-10-01 20:58:42,421 [ERROR] LogOutputStream:75 - [STDERR_REDIRECT] 
2025-10-01 21:15:43,891 [INFO] Activator:176 - 


2025-10-01 21:15:43,892 [INFO] Activator:177 - !SESSION log4j initialized
2025-10-01 21:15:49,610 [INFO] LogOutputStream:77 - [STDOUT_REDIRECT] 
2025-10-01 21:15:58,121 [INFO] ApplicationProperties:184 - Using Application install path: C:\ST\STM32CubeIDE_1.19.0\STM32CubeIDE\plugins\com.st.stm32cube.common.mx_6.15.0.202507011659
2025-10-01 21:15:58,138 [INFO] DbMcusXml:78 - Set database path to: C:\ST\STM32CubeIDE_1.19.0\STM32CubeIDE\plugins\com.st.stm32cube.common.mx_6.15.0.202507011659\\db\/mcu/
2025-10-01 21:15:58,138 [INFO] ApiDb:274 - Set plugin database path to: C:\ST\STM32CubeIDE_1.19.0\STM32CubeIDE\plugins\com.st.stm32cube.common.mx_6.15.0.202507011659\\db\/plugins/boardmanager/
2025-10-01 21:15:58,139 [WARN] ApiDb:259 - Overriding images path with different value:  => C:\ST\STM32CubeIDE_1.19.0\STM32CubeIDE\plugins\com.st.stm32cube.common.mx_6.15.0.202507011659\\db\/plugins/mcufinder/images/
2025-10-01 21:15:58,146 [INFO] ApiDb:250 - Set database path to: C:\Users\Paulo\.stmcufinder\plugins\mcufinder//mcu/
2025-10-01 21:15:58,147 [INFO] DbMcusAds:125 - Set database path to: C:\Users\Paulo\.stmcufinder\plugins\mcufinder//mcu/
2025-10-01 21:15:58,150 [INFO] CrossReferenceDbSqlite:203 - Set database path to: C:\Users\Paulo\.stmcufinder\plugins\mcufinder//mcu/cs/
2025-10-01 21:15:58,267 [INFO] RulesReader:64 - Compatibility file has been processed (317 Rules)
2025-10-01 21:15:58,326 [INFO] DbMcusXml:78 - Set database path to: C:\ST\STM32CubeIDE_1.19.0\STM32CubeIDE\plugins\com.st.stm32cube.common.mx_6.15.0.202507011659\\db\/mcu/
2025-10-01 21:15:58,326 [INFO] ApiDb:274 - Set plugin database path to: C:\ST\STM32CubeIDE_1.19.0\STM32CubeIDE\plugins\com.st.stm32cube.common.mx_6.15.0.202507011659\\db\/plugins/boardmanager/
2025-10-01 21:15:58,326 [INFO] ApiDb:261 - Set plugin images path to: C:\ST\STM32CubeIDE_1.19.0\STM32CubeIDE\plugins\com.st.stm32cube.common.mx_6.15.0.202507011659\\db\/plugins/mcufinder/images/
2025-10-01 21:15:58,326 [WARN] DbFile:41 - Overriding database path with different value: C:\Users\Paulo\.stmcufinder\plugins\mcufinder/ => C:\Users\Paulo\.stmcufinder\plugins\mcufinder
2025-10-01 21:15:58,326 [INFO] ApiDb:250 - Set database path to: C:\Users\Paulo\.stmcufinder\plugins\mcufinder//mcu/
2025-10-01 21:15:58,326 [WARN] DbFile:41 - Overriding database path with different value: C:\Users\Paulo\.stmcufinder\plugins\mcufinder/ => C:\Users\Paulo\.stmcufinder\plugins\mcufinder
2025-10-01 21:15:58,326 [INFO] DbMcusAds:125 - Set database path to: C:\Users\Paulo\.stmcufinder\plugins\mcufinder//mcu/
2025-10-01 21:15:58,326 [WARN] DbFile:41 - Overriding database path with different value: C:\Users\Paulo\.stmcufinder\plugins\mcufinder/ => C:\Users\Paulo\.stmcufinder\plugins\mcufinder
2025-10-01 21:15:58,326 [WARN] DbFile:41 - Overriding database path with different value: C:\Users\Paulo\.stmcufinder\plugins\mcufinder/ => C:\Users\Paulo\.stmcufinder\plugins\mcufinder
2025-10-01 21:15:58,326 [INFO] CrossReferenceDbSqlite:203 - Set database path to: C:\Users\Paulo\.stmcufinder\plugins\mcufinder//mcu/cs/
2025-10-01 21:15:58,382 [INFO] MainPanel:274 - HeapMemory: 351272960
2025-10-01 21:15:58,443 [INFO] DbMcusXml:78 - Set database path to: C:\ST\STM32CubeIDE_1.19.0\STM32CubeIDE\plugins\com.st.stm32cube.common.mx_6.15.0.202507011659\\db\/mcu/
2025-10-01 21:15:58,443 [INFO] ApiDb:274 - Set plugin database path to: C:\ST\STM32CubeIDE_1.19.0\STM32CubeIDE\plugins\com.st.stm32cube.common.mx_6.15.0.202507011659\\db\/plugins/boardmanager/
2025-10-01 21:15:58,443 [INFO] ApiDb:261 - Set plugin images path to: C:\ST\STM32CubeIDE_1.19.0\STM32CubeIDE\plugins\com.st.stm32cube.common.mx_6.15.0.202507011659\\db\/plugins/mcufinder/images/
2025-10-01 21:15:58,444 [WARN] DbFile:41 - Overriding database path with different value: C:\Users\Paulo\.stmcufinder\plugins\mcufinder/ => C:\Users\Paulo\.stmcufinder\plugins\mcufinder
2025-10-01 21:15:58,444 [INFO] ApiDb:250 - Set database path to: C:\Users\Paulo\.stmcufinder\plugins\mcufinder//mcu/
2025-10-01 21:15:58,444 [WARN] DbFile:41 - Overriding database path with different value: C:\Users\Paulo\.stmcufinder\plugins\mcufinder/ => C:\Users\Paulo\.stmcufinder\plugins\mcufinder
2025-10-01 21:15:58,444 [INFO] DbMcusAds:125 - Set database path to: C:\Users\Paulo\.stmcufinder\plugins\mcufinder//mcu/
2025-10-01 21:15:58,444 [WARN] DbFile:41 - Overriding database path with different value: C:\Users\Paulo\.stmcufinder\plugins\mcufinder/ => C:\Users\Paulo\.stmcufinder\plugins\mcufinder
2025-10-01 21:15:58,444 [WARN] DbFile:41 - Overriding database path with different value: C:\Users\Paulo\.stmcufinder\plugins\mcufinder/ => C:\Users\Paulo\.stmcufinder\plugins\mcufinder
2025-10-01 21:15:58,444 [INFO] CrossReferenceDbSqlite:203 - Set database path to: C:\Users\Paulo\.stmcufinder\plugins\mcufinder//mcu/cs/
2025-10-01 21:15:58,458 [INFO] ApplicationProperties:184 - Using Application install path: C:\ST\STM32CubeIDE_1.19.0\STM32CubeIDE\plugins\com.st.stm32cube.common.mx_6.15.0.202507011659
2025-10-01 21:15:58,459 [INFO] PluginManage:196 - Search for loadable plugins [exclusion list=, ]
2025-10-01 21:15:58,460 [INFO] PluginManage:310 - Check plugin analytics
2025-10-01 21:15:58,633 [INFO] AnalyticsPlugin:253 - Accepted Software Licenses: 
2025-10-01 21:15:58,633 [INFO] AnalyticsPlugin:255 - Accepted CMSIS Pack Licenses: 
2025-10-01 21:15:58,633 [INFO] AnalyticsPlugin:257 - Accepted Firmware Licenses: FW.F4.1.28.0,FW.F4.1.27.0
2025-10-01 21:15:58,636 [INFO] PluginManage:359 - Loaded plugin analytics (category:tool,tabindex:-1)
2025-10-01 21:15:58,636 [INFO] PluginManage:310 - Check plugin cadmodel
2025-10-01 21:15:58,640 [INFO] CADModel:105 - Init CAD model plugin
2025-10-01 21:15:58,640 [INFO] PluginManage:359 - Loaded plugin cadmodel (category:power,tabindex:5)
2025-10-01 21:15:58,640 [INFO] PluginManage:310 - Check plugin clock
2025-10-01 21:15:58,646 [INFO] PluginManage:359 - Loaded plugin clock (category:base,tabindex:2)
2025-10-01 21:15:58,646 [INFO] PluginManage:310 - Check plugin ddr
2025-10-01 21:15:58,648 [INFO] PluginManage:359 - Loaded plugin ddr (category:tool,tabindex:6)
2025-10-01 21:15:58,648 [INFO] PluginManage:310 - Check plugin filemanager
2025-10-01 21:15:58,754 [INFO] PluginManage:359 - Loaded plugin filemanager (category:base,tabindex:10)
2025-10-01 21:15:58,754 [INFO] PluginManage:310 - Check plugin ipmanager
2025-10-01 21:15:58,760 [INFO] PluginManage:359 - Loaded plugin ipmanager (category:base,tabindex:5)
2025-10-01 21:15:58,760 [INFO] PluginManage:310 - Check plugin lpbam
2025-10-01 21:15:58,767 [INFO] PluginManage:359 - Loaded plugin lpbam (category:base,tabindex:0)
2025-10-01 21:15:58,767 [INFO] PluginManage:310 - Check plugin memorymap
2025-10-01 21:15:58,777 [INFO] PluginManage:359 - Loaded plugin memorymap (category:base,tabindex:4)
2025-10-01 21:15:58,777 [INFO] PluginManage:310 - Check plugin pinoutandconfiguration
2025-10-01 21:15:58,783 [INFO] PluginManage:359 - Loaded plugin pinoutandconfiguration (category:base,tabindex:1)
2025-10-01 21:15:58,783 [INFO] PluginManage:310 - Check plugin pinoutconfig
2025-10-01 21:15:58,849 [WARN] SupportedApi:132 - Cannot load RTOS API schema: s4s-elt-must-match.1: The content of 'definitions' must match (annotation?, (simpleType | complexType)?, (unique | key | keyref)*)). A problem was found starting at: attribute.
2025-10-01 21:15:58,977 [INFO] PluginManage:359 - Loaded plugin pinoutconfig (category:base,tabindex:0)
2025-10-01 21:15:58,977 [INFO] PluginManage:310 - Check plugin power
2025-10-01 21:15:58,985 [INFO] PluginManage:359 - Loaded plugin power (category:power,tabindex:4)
2025-10-01 21:15:58,985 [INFO] PluginManage:310 - Check plugin projectmanager
2025-10-01 21:15:59,000 [INFO] PluginManage:359 - Loaded plugin projectmanager (category:projectmanager,tabindex:4)
2025-10-01 21:15:59,001 [INFO] PluginManage:310 - Check plugin rif
2025-10-01 21:15:59,009 [INFO] PluginManage:359 - Loaded plugin rif (category:base,tabindex:3)
2025-10-01 21:15:59,009 [INFO] PluginManage:310 - Check plugin thirdparty
2025-10-01 21:15:59,098 [INFO] PluginManage:359 - Loaded plugin thirdparty (category:base,tabindex:-1)
2025-10-01 21:15:59,098 [WARN] IntegrityCheckThread:84 - waiting for thirdparty lock release [integrity check]
2025-10-01 21:15:59,098 [INFO] PluginManage:310 - Check plugin tools
2025-10-01 21:15:59,099 [INFO] IntegrityCheckThread:86 - entering critical section [integrity check]
2025-10-01 21:15:59,099 [INFO] ThirdPartyUpdaterWithRetryManager:70 - Updater plugin not ready yet. [1/15]
2025-10-01 21:15:59,101 [INFO] PluginManage:359 - Loaded plugin tools (category:base,tabindex:7)
2025-10-01 21:15:59,101 [INFO] PluginManage:310 - Check plugin tutovideos
2025-10-01 21:15:59,233 [INFO] PluginManage:359 - Loaded plugin tutovideos (category:base,tabindex:-1)
2025-10-01 21:15:59,233 [INFO] PluginManage:310 - Check plugin updater
2025-10-01 21:15:59,252 [INFO] PluginManage:359 - Loaded plugin updater (category:base,tabindex:12)
2025-10-01 21:15:59,253 [INFO] PluginManage:310 - Check plugin userauth
2025-10-01 21:15:59,256 [INFO] UserAuth:118 - Init User Auth plugin
2025-10-01 21:15:59,258 [INFO] PluginManage:359 - Loaded plugin userauth (category:base,tabindex:14)
2025-10-01 21:15:59,258 [INFO] PluginManage:283 - PluginManage : Loaded plugins [18]
2025-10-01 21:15:59,417 [INFO] PinOutPanel:1589 - setPackage(No Configuration,No Configuration)
2025-10-01 21:15:59,483 [INFO] CADModel:165 - CPN selected for project level
2025-10-01 21:15:59,484 [INFO] CADModel:114 - Register for checkConnection events
2025-10-01 21:15:59,500 [INFO] IPUIPlugin:80 - create IPUIPlugin
2025-10-01 21:15:59,500 [INFO] PluginManager:220 - loadIPPluginJar : add adc
2025-10-01 21:15:59,503 [INFO] IPUIPlugin:80 - create IPUIPlugin
2025-10-01 21:15:59,503 [INFO] PluginManager:220 - loadIPPluginJar : add aes
2025-10-01 21:15:59,505 [INFO] IPUIPlugin:80 - create IPUIPlugin
2025-10-01 21:15:59,505 [INFO] PluginManager:220 - loadIPPluginJar : add can
2025-10-01 21:15:59,509 [INFO] IPUIPlugin:80 - create IPUIPlugin
2025-10-01 21:15:59,509 [INFO] PluginManager:220 - loadIPPluginJar : add comp
2025-10-01 21:15:59,511 [INFO] IPUIPlugin:80 - create IPUIPlugin
2025-10-01 21:15:59,511 [INFO] PluginManager:220 - loadIPPluginJar : add cryp
2025-10-01 21:15:59,513 [INFO] IPUIPlugin:80 - create IPUIPlugin
2025-10-01 21:15:59,513 [INFO] PluginManager:220 - loadIPPluginJar : add ddr_ctrl_phy
2025-10-01 21:15:59,514 [INFO] IPUIPlugin:80 - create IPUIPlugin
2025-10-01 21:15:59,515 [INFO] PluginManager:220 - loadIPPluginJar : add dfsdm
2025-10-01 21:15:59,518 [INFO] IPUIPlugin:80 - create IPUIPlugin
2025-10-01 21:15:59,519 [INFO] PluginManager:220 - loadIPPluginJar : add dma
2025-10-01 21:15:59,521 [INFO] IPUIPlugin:80 - create IPUIPlugin
2025-10-01 21:15:59,521 [INFO] PluginManager:220 - loadIPPluginJar : add dma3
2025-10-01 21:15:59,523 [INFO] IPUIPlugin:80 - create IPUIPlugin
2025-10-01 21:15:59,523 [INFO] PluginManager:220 - loadIPPluginJar : add extmemmanager
2025-10-01 21:15:59,524 [INFO] IPUIPlugin:80 - create IPUIPlugin
2025-10-01 21:15:59,524 [INFO] PluginManager:220 - loadIPPluginJar : add fatfs
2025-10-01 21:15:59,528 [INFO] IPUIPlugin:80 - create IPUIPlugin
2025-10-01 21:15:59,528 [INFO] PluginManager:220 - loadIPPluginJar : add fmc
2025-10-01 21:15:59,535 [INFO] IPUIPlugin:80 - create IPUIPlugin
2025-10-01 21:15:59,535 [INFO] PluginManager:220 - loadIPPluginJar : add freertos
2025-10-01 21:15:59,537 [INFO] IPUIPlugin:80 - create IPUIPlugin
2025-10-01 21:15:59,537 [INFO] PluginManager:220 - loadIPPluginJar : add genericplugin
2025-10-01 21:15:59,540 [INFO] IPUIPlugin:80 - create IPUIPlugin
2025-10-01 21:15:59,540 [INFO] PluginManager:220 - loadIPPluginJar : add gfxmmu
2025-10-01 21:15:59,545 [INFO] IPUIPlugin:80 - create IPUIPlugin
2025-10-01 21:15:59,545 [INFO] PluginManager:220 - loadIPPluginJar : add gic
2025-10-01 21:15:59,548 [INFO] IPUIPlugin:80 - create IPUIPlugin
2025-10-01 21:15:59,548 [INFO] PluginManager:220 - loadIPPluginJar : add gpio
2025-10-01 21:15:59,550 [INFO] IPUIPlugin:80 - create IPUIPlugin
2025-10-01 21:15:59,550 [INFO] PluginManager:220 - loadIPPluginJar : add gtzc
2025-10-01 21:15:59,552 [INFO] IPUIPlugin:80 - create IPUIPlugin
2025-10-01 21:15:59,552 [INFO] PluginManager:220 - loadIPPluginJar : add hash
2025-10-01 21:15:59,554 [INFO] IPUIPlugin:80 - create IPUIPlugin
2025-10-01 21:15:59,554 [INFO] PluginManager:220 - loadIPPluginJar : add i2c
2025-10-01 21:15:59,556 [INFO] IPUIPlugin:80 - create IPUIPlugin
2025-10-01 21:15:59,556 [INFO] PluginManager:220 - loadIPPluginJar : add i2s
2025-10-01 21:15:59,558 [INFO] IPUIPlugin:80 - create IPUIPlugin
2025-10-01 21:15:59,558 [INFO] PluginManager:220 - loadIPPluginJar : add i3c
2025-10-01 21:15:59,561 [INFO] IPUIPlugin:80 - create IPUIPlugin
2025-10-01 21:15:59,561 [INFO] PluginManager:220 - loadIPPluginJar : add ipddr
2025-10-01 21:15:59,566 [INFO] IPUIPlugin:80 - create IPUIPlugin
2025-10-01 21:15:59,566 [INFO] PluginManager:220 - loadIPPluginJar : add linkedlist
2025-10-01 21:15:59,569 [INFO] IPUIPlugin:80 - create IPUIPlugin
2025-10-01 21:15:59,569 [INFO] PluginManager:220 - loadIPPluginJar : add lorawan
2025-10-01 21:15:59,570 [INFO] IPUIPlugin:80 - create IPUIPlugin
2025-10-01 21:15:59,570 [INFO] PluginManager:220 - loadIPPluginJar : add ltdc
2025-10-01 21:15:59,574 [INFO] IPUIPlugin:80 - create IPUIPlugin
2025-10-01 21:15:59,575 [INFO] PluginManager:220 - loadIPPluginJar : add mdma
2025-10-01 21:15:59,577 [INFO] IPUIPlugin:80 - create IPUIPlugin
2025-10-01 21:15:59,577 [INFO] PluginManager:220 - loadIPPluginJar : add nvic
2025-10-01 21:15:59,580 [INFO] IPUIPlugin:80 - create IPUIPlugin
2025-10-01 21:15:59,580 [INFO] PluginManager:220 - loadIPPluginJar : add opamp
2025-10-01 21:15:59,583 [INFO] IPUIPlugin:80 - create IPUIPlugin
2025-10-01 21:15:59,583 [INFO] PluginManager:220 - loadIPPluginJar : add openamp
2025-10-01 21:15:59,585 [INFO] IPUIPlugin:80 - create IPUIPlugin
2025-10-01 21:15:59,585 [INFO] PluginManager:220 - loadIPPluginJar : add pdm2pcm
2025-10-01 21:15:59,589 [INFO] IPUIPlugin:80 - create IPUIPlugin
2025-10-01 21:15:59,591 [INFO] PluginManager:220 - loadIPPluginJar : add plateformsettings
2025-10-01 21:15:59,593 [INFO] IPUIPlugin:80 - create IPUIPlugin
2025-10-01 21:15:59,593 [INFO] PluginManager:220 - loadIPPluginJar : add quadspi
2025-10-01 21:15:59,595 [INFO] IPUIPlugin:80 - create IPUIPlugin
2025-10-01 21:15:59,595 [INFO] PluginManager:220 - loadIPPluginJar : add radio
2025-10-01 21:15:59,597 [INFO] IPUIPlugin:80 - create IPUIPlugin
2025-10-01 21:15:59,598 [INFO] PluginManager:220 - loadIPPluginJar : add resmgrutility
2025-10-01 21:15:59,600 [INFO] IPUIPlugin:80 - create IPUIPlugin
2025-10-01 21:15:59,600 [INFO] PluginManager:220 - loadIPPluginJar : add sai
2025-10-01 21:15:59,601 [INFO] IPUIPlugin:80 - create IPUIPlugin
2025-10-01 21:15:59,602 [INFO] PluginManager:220 - loadIPPluginJar : add spi
2025-10-01 21:15:59,606 [INFO] IPUIPlugin:80 - create IPUIPlugin
2025-10-01 21:15:59,606 [INFO] PluginManager:220 - loadIPPluginJar : add stm32_wpan
2025-10-01 21:15:59,607 [INFO] IPUIPlugin:80 - create IPUIPlugin
2025-10-01 21:15:59,607 [INFO] PluginManager:220 - loadIPPluginJar : add tim
2025-10-01 21:15:59,609 [INFO] IPUIPlugin:80 - create IPUIPlugin
2025-10-01 21:15:59,609 [INFO] PluginManager:220 - loadIPPluginJar : add touchsensing
2025-10-01 21:15:59,611 [INFO] IPUIPlugin:80 - create IPUIPlugin
2025-10-01 21:15:59,611 [INFO] PluginManager:220 - loadIPPluginJar : add tracer_emb
2025-10-01 21:15:59,612 [INFO] IPUIPlugin:80 - create IPUIPlugin
2025-10-01 21:15:59,612 [INFO] PluginManager:220 - loadIPPluginJar : add ts
2025-10-01 21:15:59,614 [INFO] IPUIPlugin:80 - create IPUIPlugin
2025-10-01 21:15:59,614 [INFO] PluginManager:220 - loadIPPluginJar : add tsc
2025-10-01 21:15:59,616 [INFO] IPUIPlugin:80 - create IPUIPlugin
2025-10-01 21:15:59,616 [INFO] PluginManager:220 - loadIPPluginJar : add ucpd
2025-10-01 21:15:59,618 [INFO] IPUIPlugin:80 - create IPUIPlugin
2025-10-01 21:15:59,618 [INFO] PluginManager:220 - loadIPPluginJar : add usart
2025-10-01 21:15:59,621 [INFO] IPUIPlugin:80 - create IPUIPlugin
2025-10-01 21:15:59,621 [INFO] PluginManager:220 - loadIPPluginJar : add usbx
2025-10-01 21:15:59,733 [FATAL] Updater:351 - Updater called before beeing initialized
2025-10-01 21:15:59,766 [INFO] RulesReader:64 - Compatibility file has been processed (317 Rules)
2025-10-01 21:15:59,785 [INFO] RulesReader:64 - Compatibility file has been processed (317 Rules)
2025-10-01 21:15:59,800 [INFO] CADModel:165 - CPN selected for project level
2025-10-01 21:15:59,800 [INFO] CADModel:114 - Register for checkConnection events
2025-10-01 21:15:59,800 [FATAL] Updater:351 - Updater called before beeing initialized
2025-10-01 21:15:59,800 [ERROR] CADModel:125 - Updater not yet initialized, retry later 
2025-10-01 21:15:59,966 [FATAL] Updater:351 - Updater called before beeing initialized
2025-10-01 21:15:59,968 [INFO] CADModel:165 - CPN selected for project level
2025-10-01 21:15:59,968 [INFO] CADModel:114 - Register for checkConnection events
2025-10-01 21:15:59,968 [FATAL] Updater:351 - Updater called before beeing initialized
2025-10-01 21:15:59,968 [ERROR] CADModel:125 - Updater not yet initialized, retry later 
2025-10-01 21:15:59,970 [FATAL] Updater:351 - Updater called before beeing initialized
2025-10-01 21:16:00,053 [FATAL] Updater:351 - Updater called before beeing initialized
2025-10-01 21:16:00,056 [INFO] DbMcusAds:53 - JSON generation date=Tue Jul 08 05:14:23 ART 2025 (1751962463524)
2025-10-01 21:16:00,056 [FATAL] Updater:351 - Updater called before beeing initialized
2025-10-01 21:16:00,083 [WARN] DetailPanel:346 - Failed to get advertising image, set to default
2025-10-01 21:16:00,147 [FATAL] Updater:351 - Updater called before beeing initialized
2025-10-01 21:16:00,149 [FATAL] Updater:351 - Updater called before beeing initialized
2025-10-01 21:16:00,149 [FATAL] Updater:351 - Updater called before beeing initialized
2025-10-01 21:16:00,149 [WARN] DetailPanel:346 - Failed to get advertising image, set to default
2025-10-01 21:16:00,149 [FATAL] Updater:351 - Updater called before beeing initialized
2025-10-01 21:16:00,184 [ERROR] Updater:1198 - MainUpdater not yet initialized. External WinMGr cannot be set.
2025-10-01 21:16:00,185 [INFO] Updater:1134 - Updater Version found : 6.15.0
2025-10-01 21:16:00,197 [INFO] ApplicationProperties:184 - Using Application install path: C:\ST\STM32CubeIDE_1.19.0\STM32CubeIDE\plugins\com.st.stm32cube.common.mx_6.15.0.202507011659
2025-10-01 21:16:01,791 [ERROR] LogOutputStream:75 - [STDERR_REDIRECT] Oct 01, 2025 9:16:01 PM java.util.prefs.WindowsPreferences <init>
2025-10-01 21:16:01,792 [ERROR] LogOutputStream:75 - [STDERR_REDIRECT] WARNING: Could not open/create prefs root node Software\JavaSoft\Prefs at root 0xffffffff80000002. Windows RegCreateKeyEx(...) returned error code 5.
2025-10-01 21:16:01,792 [ERROR] LogOutputStream:75 - [STDERR_REDIRECT] 
2025-10-01 21:16:01,980 [INFO] MainUpdater:2872 - connection check result : 10
2025-10-01 21:16:01,981 [INFO] MainUpdater:289 - Updater Check For Update Now.
2025-10-01 21:16:01,981 [INFO] MicroXplorer:498 - Change Database Version : DB.6.0.150
2025-10-01 21:16:01,986 [INFO] McuFinderGlobals:63 - Set McuFinder mode to 2 (CubeIDE integrated)
2025-10-01 21:16:01,986 [INFO] UserAuth:487 - Internet connection configuration mode: 1
2025-10-01 21:16:02,007 [INFO] JxBrowserEngine:152 - Initiate JxBrowser Engine with user profile folder
2025-10-01 21:16:02,114 [WARN] MainUpdater:1193 - Updater busy. Cannot search thirdparties
2025-10-01 21:16:02,114 [INFO] ThirdPartyUpdaterWithRetryManager:96 - Updater plugin is busy. [1/15]
2025-10-01 21:16:02,168 [INFO] CheckServerUpdateThread:120 - End of CheckServer Thread
2025-10-01 21:16:02,559 [INFO] WebApp:169 - Instantiating new browser for Auth
2025-10-01 21:16:03,137 [INFO] WebApp:463 - Apply proxy settings
2025-10-01 21:16:03,137 [INFO] WebApp:548 - Chromium requires no authentication
2025-10-01 21:16:03,145 [INFO] WebApp:491 - Direct internet connection detected
2025-10-01 21:16:03,163 [INFO] WebApp:900 - Register for checkConnection events
2025-10-01 21:16:03,163 [INFO] WebApp:463 - Apply proxy settings
2025-10-01 21:16:03,163 [INFO] WebApp:548 - Chromium requires no authentication
2025-10-01 21:16:03,164 [INFO] WebApp:491 - Direct internet connection detected
2025-10-01 21:16:03,278 [INFO] WebApp:225 - Starting web application
2025-10-01 21:16:03,278 [INFO] WebApp:593 - Web application path used C:\ST\STM32CubeIDE_1.19.0\STM32CubeIDE\plugins\com.st.stm32cube.common.mx_6.15.0.202507011659\db\plugins\mcufinder\reactClient1\index.html
2025-10-01 21:16:03,345 [INFO] UserAuth:487 - Internet connection configuration mode: 1
2025-10-01 21:16:03,487 [INFO] WebApp:191 - Connection restablished
2025-10-01 21:16:04,889 [ERROR] LogOutputStream:75 - [STDERR_REDIRECT] 
