2025-09-30 16:15:04,687 [INFO] Activator:176 - 


2025-09-30 16:15:04,691 [INFO] Activator:177 - !SESSION log4j initialized
2025-09-30 16:15:10,705 [INFO] LogOutputStream:77 - [STDOUT_REDIRECT] 
2025-09-30 16:15:15,249 [INFO] ApplicationProperties:184 - Using Application install path: C:\ST\STM32CubeIDE_1.19.0\STM32CubeIDE\plugins\com.st.stm32cube.common.mx_6.15.0.202507011659
2025-09-30 16:15:15,265 [INFO] DbMcusXml:78 - Set database path to: C:\ST\STM32CubeIDE_1.19.0\STM32CubeIDE\plugins\com.st.stm32cube.common.mx_6.15.0.202507011659\\db\/mcu/
2025-09-30 16:15:15,265 [INFO] ApiDb:274 - Set plugin database path to: C:\ST\STM32CubeIDE_1.19.0\STM32CubeIDE\plugins\com.st.stm32cube.common.mx_6.15.0.202507011659\\db\/plugins/boardmanager/
2025-09-30 16:15:15,265 [WARN] ApiDb:259 - Overriding images path with different value:  => C:\ST\STM32CubeIDE_1.19.0\STM32CubeIDE\plugins\com.st.stm32cube.common.mx_6.15.0.202507011659\\db\/plugins/mcufinder/images/
2025-09-30 16:15:15,275 [INFO] ApiDb:250 - Set database path to: C:\Users\Paulo\.stmcufinder\plugins\mcufinder//mcu/
2025-09-30 16:15:15,276 [INFO] DbMcusAds:125 - Set database path to: C:\Users\Paulo\.stmcufinder\plugins\mcufinder//mcu/
2025-09-30 16:15:15,278 [INFO] CrossReferenceDbSqlite:203 - Set database path to: C:\Users\Paulo\.stmcufinder\plugins\mcufinder//mcu/cs/
2025-09-30 16:15:15,375 [INFO] RulesReader:64 - Compatibility file has been processed (317 Rules)
2025-09-30 16:15:15,444 [INFO] DbMcusXml:78 - Set database path to: C:\ST\STM32CubeIDE_1.19.0\STM32CubeIDE\plugins\com.st.stm32cube.common.mx_6.15.0.202507011659\\db\/mcu/
2025-09-30 16:15:15,444 [INFO] ApiDb:274 - Set plugin database path to: C:\ST\STM32CubeIDE_1.19.0\STM32CubeIDE\plugins\com.st.stm32cube.common.mx_6.15.0.202507011659\\db\/plugins/boardmanager/
2025-09-30 16:15:15,444 [INFO] ApiDb:261 - Set plugin images path to: C:\ST\STM32CubeIDE_1.19.0\STM32CubeIDE\plugins\com.st.stm32cube.common.mx_6.15.0.202507011659\\db\/plugins/mcufinder/images/
2025-09-30 16:15:15,444 [WARN] DbFile:41 - Overriding database path with different value: C:\Users\Paulo\.stmcufinder\plugins\mcufinder/ => C:\Users\Paulo\.stmcufinder\plugins\mcufinder
2025-09-30 16:15:15,445 [INFO] ApiDb:250 - Set database path to: C:\Users\Paulo\.stmcufinder\plugins\mcufinder//mcu/
2025-09-30 16:15:15,445 [WARN] DbFile:41 - Overriding database path with different value: C:\Users\Paulo\.stmcufinder\plugins\mcufinder/ => C:\Users\Paulo\.stmcufinder\plugins\mcufinder
2025-09-30 16:15:15,445 [INFO] DbMcusAds:125 - Set database path to: C:\Users\Paulo\.stmcufinder\plugins\mcufinder//mcu/
2025-09-30 16:15:15,445 [WARN] DbFile:41 - Overriding database path with different value: C:\Users\Paulo\.stmcufinder\plugins\mcufinder/ => C:\Users\Paulo\.stmcufinder\plugins\mcufinder
2025-09-30 16:15:15,445 [WARN] DbFile:41 - Overriding database path with different value: C:\Users\Paulo\.stmcufinder\plugins\mcufinder/ => C:\Users\Paulo\.stmcufinder\plugins\mcufinder
2025-09-30 16:15:15,445 [INFO] CrossReferenceDbSqlite:203 - Set database path to: C:\Users\Paulo\.stmcufinder\plugins\mcufinder//mcu/cs/
2025-09-30 16:15:15,509 [INFO] MainPanel:274 - HeapMemory: 268435456
2025-09-30 16:15:15,616 [INFO] DbMcusXml:78 - Set database path to: C:\ST\STM32CubeIDE_1.19.0\STM32CubeIDE\plugins\com.st.stm32cube.common.mx_6.15.0.202507011659\\db\/mcu/
2025-09-30 16:15:15,616 [INFO] ApiDb:274 - Set plugin database path to: C:\ST\STM32CubeIDE_1.19.0\STM32CubeIDE\plugins\com.st.stm32cube.common.mx_6.15.0.202507011659\\db\/plugins/boardmanager/
2025-09-30 16:15:15,616 [INFO] ApiDb:261 - Set plugin images path to: C:\ST\STM32CubeIDE_1.19.0\STM32CubeIDE\plugins\com.st.stm32cube.common.mx_6.15.0.202507011659\\db\/plugins/mcufinder/images/
2025-09-30 16:15:15,617 [WARN] DbFile:41 - Overriding database path with different value: C:\Users\Paulo\.stmcufinder\plugins\mcufinder/ => C:\Users\Paulo\.stmcufinder\plugins\mcufinder
2025-09-30 16:15:15,617 [INFO] ApiDb:250 - Set database path to: C:\Users\Paulo\.stmcufinder\plugins\mcufinder//mcu/
2025-09-30 16:15:15,617 [WARN] DbFile:41 - Overriding database path with different value: C:\Users\Paulo\.stmcufinder\plugins\mcufinder/ => C:\Users\Paulo\.stmcufinder\plugins\mcufinder
2025-09-30 16:15:15,617 [INFO] DbMcusAds:125 - Set database path to: C:\Users\Paulo\.stmcufinder\plugins\mcufinder//mcu/
2025-09-30 16:15:15,617 [WARN] DbFile:41 - Overriding database path with different value: C:\Users\Paulo\.stmcufinder\plugins\mcufinder/ => C:\Users\Paulo\.stmcufinder\plugins\mcufinder
2025-09-30 16:15:15,617 [WARN] DbFile:41 - Overriding database path with different value: C:\Users\Paulo\.stmcufinder\plugins\mcufinder/ => C:\Users\Paulo\.stmcufinder\plugins\mcufinder
2025-09-30 16:15:15,617 [INFO] CrossReferenceDbSqlite:203 - Set database path to: C:\Users\Paulo\.stmcufinder\plugins\mcufinder//mcu/cs/
2025-09-30 16:15:15,633 [INFO] ApplicationProperties:184 - Using Application install path: C:\ST\STM32CubeIDE_1.19.0\STM32CubeIDE\plugins\com.st.stm32cube.common.mx_6.15.0.202507011659
2025-09-30 16:15:15,635 [INFO] PluginManage:196 - Search for loadable plugins [exclusion list=, ]
2025-09-30 16:15:15,636 [INFO] PluginManage:310 - Check plugin analytics
2025-09-30 16:15:15,805 [INFO] AnalyticsPlugin:253 - Accepted Software Licenses: 
2025-09-30 16:15:15,805 [INFO] AnalyticsPlugin:255 - Accepted CMSIS Pack Licenses: 
2025-09-30 16:15:15,806 [INFO] AnalyticsPlugin:257 - Accepted Firmware Licenses: FW.F4.1.28.0,FW.F4.1.27.0
2025-09-30 16:15:15,808 [INFO] PluginManage:359 - Loaded plugin analytics (category:tool,tabindex:-1)
2025-09-30 16:15:15,809 [INFO] PluginManage:310 - Check plugin cadmodel
2025-09-30 16:15:15,814 [INFO] CADModel:105 - Init CAD model plugin
2025-09-30 16:15:15,815 [INFO] PluginManage:359 - Loaded plugin cadmodel (category:power,tabindex:5)
2025-09-30 16:15:15,815 [INFO] PluginManage:310 - Check plugin clock
2025-09-30 16:15:15,828 [INFO] PluginManage:359 - Loaded plugin clock (category:base,tabindex:2)
2025-09-30 16:15:15,828 [INFO] PluginManage:310 - Check plugin ddr
2025-09-30 16:15:15,831 [INFO] PluginManage:359 - Loaded plugin ddr (category:tool,tabindex:6)
2025-09-30 16:15:15,831 [INFO] PluginManage:310 - Check plugin filemanager
2025-09-30 16:15:15,968 [INFO] PluginManage:359 - Loaded plugin filemanager (category:base,tabindex:10)
2025-09-30 16:15:15,968 [INFO] PluginManage:310 - Check plugin ipmanager
2025-09-30 16:15:15,974 [INFO] PluginManage:359 - Loaded plugin ipmanager (category:base,tabindex:5)
2025-09-30 16:15:15,974 [INFO] PluginManage:310 - Check plugin lpbam
2025-09-30 16:15:15,981 [INFO] PluginManage:359 - Loaded plugin lpbam (category:base,tabindex:0)
2025-09-30 16:15:15,981 [INFO] PluginManage:310 - Check plugin memorymap
2025-09-30 16:15:15,996 [INFO] PluginManage:359 - Loaded plugin memorymap (category:base,tabindex:4)
2025-09-30 16:15:15,996 [INFO] PluginManage:310 - Check plugin pinoutandconfiguration
2025-09-30 16:15:16,008 [INFO] PluginManage:359 - Loaded plugin pinoutandconfiguration (category:base,tabindex:1)
2025-09-30 16:15:16,009 [INFO] PluginManage:310 - Check plugin pinoutconfig
2025-09-30 16:15:16,091 [WARN] SupportedApi:132 - Cannot load RTOS API schema: s4s-elt-must-match.1: The content of 'definitions' must match (annotation?, (simpleType | complexType)?, (unique | key | keyref)*)). A problem was found starting at: attribute.
2025-09-30 16:15:16,216 [INFO] PluginManage:359 - Loaded plugin pinoutconfig (category:base,tabindex:0)
2025-09-30 16:15:16,216 [INFO] PluginManage:310 - Check plugin power
2025-09-30 16:15:16,237 [INFO] PluginManage:359 - Loaded plugin power (category:power,tabindex:4)
2025-09-30 16:15:16,238 [INFO] PluginManage:310 - Check plugin projectmanager
2025-09-30 16:15:16,252 [INFO] PluginManage:359 - Loaded plugin projectmanager (category:projectmanager,tabindex:4)
2025-09-30 16:15:16,252 [INFO] PluginManage:310 - Check plugin rif
2025-09-30 16:15:16,261 [INFO] PluginManage:359 - Loaded plugin rif (category:base,tabindex:3)
2025-09-30 16:15:16,261 [INFO] PluginManage:310 - Check plugin thirdparty
2025-09-30 16:15:16,391 [INFO] PluginManage:359 - Loaded plugin thirdparty (category:base,tabindex:-1)
2025-09-30 16:15:16,391 [WARN] IntegrityCheckThread:84 - waiting for thirdparty lock release [integrity check]
2025-09-30 16:15:16,391 [INFO] PluginManage:310 - Check plugin tools
2025-09-30 16:15:16,391 [INFO] IntegrityCheckThread:86 - entering critical section [integrity check]
2025-09-30 16:15:16,392 [INFO] ThirdPartyUpdaterWithRetryManager:70 - Updater plugin not ready yet. [1/15]
2025-09-30 16:15:16,394 [INFO] PluginManage:359 - Loaded plugin tools (category:base,tabindex:7)
2025-09-30 16:15:16,394 [INFO] PluginManage:310 - Check plugin tutovideos
2025-09-30 16:15:16,587 [INFO] PluginManage:359 - Loaded plugin tutovideos (category:base,tabindex:-1)
2025-09-30 16:15:16,587 [INFO] PluginManage:310 - Check plugin updater
2025-09-30 16:15:16,612 [INFO] PluginManage:359 - Loaded plugin updater (category:base,tabindex:12)
2025-09-30 16:15:16,612 [INFO] PluginManage:310 - Check plugin userauth
2025-09-30 16:15:16,619 [INFO] UserAuth:118 - Init User Auth plugin
2025-09-30 16:15:16,620 [INFO] PluginManage:359 - Loaded plugin userauth (category:base,tabindex:14)
2025-09-30 16:15:16,620 [INFO] PluginManage:283 - PluginManage : Loaded plugins [18]
2025-09-30 16:15:16,821 [INFO] PinOutPanel:1589 - setPackage(No Configuration,No Configuration)
2025-09-30 16:15:16,902 [INFO] CADModel:165 - CPN selected for project level
2025-09-30 16:15:16,902 [INFO] CADModel:114 - Register for checkConnection events
2025-09-30 16:15:16,924 [INFO] IPUIPlugin:80 - create IPUIPlugin
2025-09-30 16:15:16,925 [INFO] PluginManager:220 - loadIPPluginJar : add adc
2025-09-30 16:15:16,929 [INFO] IPUIPlugin:80 - create IPUIPlugin
2025-09-30 16:15:16,929 [INFO] PluginManager:220 - loadIPPluginJar : add aes
2025-09-30 16:15:16,932 [INFO] IPUIPlugin:80 - create IPUIPlugin
2025-09-30 16:15:16,932 [INFO] PluginManager:220 - loadIPPluginJar : add can
2025-09-30 16:15:16,936 [INFO] IPUIPlugin:80 - create IPUIPlugin
2025-09-30 16:15:16,936 [INFO] PluginManager:220 - loadIPPluginJar : add comp
2025-09-30 16:15:16,939 [INFO] IPUIPlugin:80 - create IPUIPlugin
2025-09-30 16:15:16,939 [INFO] PluginManager:220 - loadIPPluginJar : add cryp
2025-09-30 16:15:16,942 [INFO] IPUIPlugin:80 - create IPUIPlugin
2025-09-30 16:15:16,942 [INFO] PluginManager:220 - loadIPPluginJar : add ddr_ctrl_phy
2025-09-30 16:15:16,945 [INFO] IPUIPlugin:80 - create IPUIPlugin
2025-09-30 16:15:16,945 [INFO] PluginManager:220 - loadIPPluginJar : add dfsdm
2025-09-30 16:15:16,951 [INFO] IPUIPlugin:80 - create IPUIPlugin
2025-09-30 16:15:16,952 [INFO] PluginManager:220 - loadIPPluginJar : add dma
2025-09-30 16:15:16,955 [INFO] IPUIPlugin:80 - create IPUIPlugin
2025-09-30 16:15:16,955 [INFO] PluginManager:220 - loadIPPluginJar : add dma3
2025-09-30 16:15:16,958 [INFO] IPUIPlugin:80 - create IPUIPlugin
2025-09-30 16:15:16,958 [INFO] PluginManager:220 - loadIPPluginJar : add extmemmanager
2025-09-30 16:15:16,960 [INFO] IPUIPlugin:80 - create IPUIPlugin
2025-09-30 16:15:16,960 [INFO] PluginManager:220 - loadIPPluginJar : add fatfs
2025-09-30 16:15:16,964 [INFO] IPUIPlugin:80 - create IPUIPlugin
2025-09-30 16:15:16,965 [INFO] PluginManager:220 - loadIPPluginJar : add fmc
2025-09-30 16:15:16,972 [INFO] IPUIPlugin:80 - create IPUIPlugin
2025-09-30 16:15:16,972 [INFO] PluginManager:220 - loadIPPluginJar : add freertos
2025-09-30 16:15:16,974 [INFO] IPUIPlugin:80 - create IPUIPlugin
2025-09-30 16:15:16,975 [INFO] PluginManager:220 - loadIPPluginJar : add genericplugin
2025-09-30 16:15:16,978 [INFO] IPUIPlugin:80 - create IPUIPlugin
2025-09-30 16:15:16,978 [INFO] PluginManager:220 - loadIPPluginJar : add gfxmmu
2025-09-30 16:15:16,983 [INFO] IPUIPlugin:80 - create IPUIPlugin
2025-09-30 16:15:16,983 [INFO] PluginManager:220 - loadIPPluginJar : add gic
2025-09-30 16:15:16,987 [INFO] IPUIPlugin:80 - create IPUIPlugin
2025-09-30 16:15:16,987 [INFO] PluginManager:220 - loadIPPluginJar : add gpio
2025-09-30 16:15:16,990 [INFO] IPUIPlugin:80 - create IPUIPlugin
2025-09-30 16:15:16,990 [INFO] PluginManager:220 - loadIPPluginJar : add gtzc
2025-09-30 16:15:16,993 [INFO] IPUIPlugin:80 - create IPUIPlugin
2025-09-30 16:15:16,993 [INFO] PluginManager:220 - loadIPPluginJar : add hash
2025-09-30 16:15:16,996 [INFO] IPUIPlugin:80 - create IPUIPlugin
2025-09-30 16:15:16,996 [INFO] PluginManager:220 - loadIPPluginJar : add i2c
2025-09-30 16:15:16,999 [INFO] IPUIPlugin:80 - create IPUIPlugin
2025-09-30 16:15:17,000 [INFO] PluginManager:220 - loadIPPluginJar : add i2s
2025-09-30 16:15:17,005 [INFO] IPUIPlugin:80 - create IPUIPlugin
2025-09-30 16:15:17,005 [INFO] PluginManager:220 - loadIPPluginJar : add i3c
2025-09-30 16:15:17,009 [INFO] IPUIPlugin:80 - create IPUIPlugin
2025-09-30 16:15:17,009 [INFO] PluginManager:220 - loadIPPluginJar : add ipddr
2025-09-30 16:15:17,016 [INFO] IPUIPlugin:80 - create IPUIPlugin
2025-09-30 16:15:17,017 [INFO] PluginManager:220 - loadIPPluginJar : add linkedlist
2025-09-30 16:15:17,020 [INFO] IPUIPlugin:80 - create IPUIPlugin
2025-09-30 16:15:17,020 [INFO] PluginManager:220 - loadIPPluginJar : add lorawan
2025-09-30 16:15:17,022 [INFO] IPUIPlugin:80 - create IPUIPlugin
2025-09-30 16:15:17,022 [INFO] PluginManager:220 - loadIPPluginJar : add ltdc
2025-09-30 16:15:17,028 [INFO] IPUIPlugin:80 - create IPUIPlugin
2025-09-30 16:15:17,028 [INFO] PluginManager:220 - loadIPPluginJar : add mdma
2025-09-30 16:15:17,031 [INFO] IPUIPlugin:80 - create IPUIPlugin
2025-09-30 16:15:17,032 [INFO] PluginManager:220 - loadIPPluginJar : add nvic
2025-09-30 16:15:17,035 [INFO] IPUIPlugin:80 - create IPUIPlugin
2025-09-30 16:15:17,035 [INFO] PluginManager:220 - loadIPPluginJar : add opamp
2025-09-30 16:15:17,039 [INFO] IPUIPlugin:80 - create IPUIPlugin
2025-09-30 16:15:17,040 [INFO] PluginManager:220 - loadIPPluginJar : add openamp
2025-09-30 16:15:17,044 [INFO] IPUIPlugin:80 - create IPUIPlugin
2025-09-30 16:15:17,044 [INFO] PluginManager:220 - loadIPPluginJar : add pdm2pcm
2025-09-30 16:15:17,051 [INFO] IPUIPlugin:80 - create IPUIPlugin
2025-09-30 16:15:17,053 [INFO] PluginManager:220 - loadIPPluginJar : add plateformsettings
2025-09-30 16:15:17,055 [INFO] IPUIPlugin:80 - create IPUIPlugin
2025-09-30 16:15:17,055 [INFO] PluginManager:220 - loadIPPluginJar : add quadspi
2025-09-30 16:15:17,057 [INFO] IPUIPlugin:80 - create IPUIPlugin
2025-09-30 16:15:17,058 [INFO] PluginManager:220 - loadIPPluginJar : add radio
2025-09-30 16:15:17,062 [INFO] IPUIPlugin:80 - create IPUIPlugin
2025-09-30 16:15:17,062 [INFO] PluginManager:220 - loadIPPluginJar : add resmgrutility
2025-09-30 16:15:17,066 [INFO] IPUIPlugin:80 - create IPUIPlugin
2025-09-30 16:15:17,066 [INFO] PluginManager:220 - loadIPPluginJar : add sai
2025-09-30 16:15:17,070 [INFO] IPUIPlugin:80 - create IPUIPlugin
2025-09-30 16:15:17,070 [INFO] PluginManager:220 - loadIPPluginJar : add spi
2025-09-30 16:15:17,076 [INFO] IPUIPlugin:80 - create IPUIPlugin
2025-09-30 16:15:17,077 [INFO] PluginManager:220 - loadIPPluginJar : add stm32_wpan
2025-09-30 16:15:17,079 [INFO] IPUIPlugin:80 - create IPUIPlugin
2025-09-30 16:15:17,079 [INFO] PluginManager:220 - loadIPPluginJar : add tim
2025-09-30 16:15:17,082 [INFO] IPUIPlugin:80 - create IPUIPlugin
2025-09-30 16:15:17,082 [INFO] PluginManager:220 - loadIPPluginJar : add touchsensing
2025-09-30 16:15:17,084 [INFO] IPUIPlugin:80 - create IPUIPlugin
2025-09-30 16:15:17,084 [INFO] PluginManager:220 - loadIPPluginJar : add tracer_emb
2025-09-30 16:15:17,088 [INFO] IPUIPlugin:80 - create IPUIPlugin
2025-09-30 16:15:17,089 [INFO] PluginManager:220 - loadIPPluginJar : add ts
2025-09-30 16:15:17,090 [INFO] IPUIPlugin:80 - create IPUIPlugin
2025-09-30 16:15:17,091 [INFO] PluginManager:220 - loadIPPluginJar : add tsc
2025-09-30 16:15:17,093 [INFO] IPUIPlugin:80 - create IPUIPlugin
2025-09-30 16:15:17,093 [INFO] PluginManager:220 - loadIPPluginJar : add ucpd
2025-09-30 16:15:17,095 [INFO] IPUIPlugin:80 - create IPUIPlugin
2025-09-30 16:15:17,095 [INFO] PluginManager:220 - loadIPPluginJar : add usart
2025-09-30 16:15:17,099 [INFO] IPUIPlugin:80 - create IPUIPlugin
2025-09-30 16:15:17,099 [INFO] PluginManager:220 - loadIPPluginJar : add usbx
2025-09-30 16:15:17,222 [FATAL] Updater:351 - Updater called before beeing initialized
2025-09-30 16:15:17,266 [INFO] RulesReader:64 - Compatibility file has been processed (317 Rules)
2025-09-30 16:15:17,276 [INFO] RulesReader:64 - Compatibility file has been processed (317 Rules)
2025-09-30 16:15:17,283 [INFO] CADModel:165 - CPN selected for project level
2025-09-30 16:15:17,283 [INFO] CADModel:114 - Register for checkConnection events
2025-09-30 16:15:17,283 [FATAL] Updater:351 - Updater called before beeing initialized
2025-09-30 16:15:17,283 [ERROR] CADModel:125 - Updater not yet initialized, retry later 
2025-09-30 16:15:17,414 [FATAL] Updater:351 - Updater called before beeing initialized
2025-09-30 16:15:17,416 [INFO] CADModel:165 - CPN selected for project level
2025-09-30 16:15:17,416 [INFO] CADModel:114 - Register for checkConnection events
2025-09-30 16:15:17,416 [FATAL] Updater:351 - Updater called before beeing initialized
2025-09-30 16:15:17,416 [ERROR] CADModel:125 - Updater not yet initialized, retry later 
2025-09-30 16:15:17,419 [FATAL] Updater:351 - Updater called before beeing initialized
2025-09-30 16:15:17,528 [FATAL] Updater:351 - Updater called before beeing initialized
2025-09-30 16:15:17,532 [INFO] DbMcusAds:53 - JSON generation date=Tue Jul 08 05:14:23 ART 2025 (1751962463524)
2025-09-30 16:15:17,532 [FATAL] Updater:351 - Updater called before beeing initialized
2025-09-30 16:15:17,566 [WARN] DetailPanel:346 - Failed to get advertising image, set to default
2025-09-30 16:15:17,626 [FATAL] Updater:351 - Updater called before beeing initialized
2025-09-30 16:15:17,628 [FATAL] Updater:351 - Updater called before beeing initialized
2025-09-30 16:15:17,628 [FATAL] Updater:351 - Updater called before beeing initialized
2025-09-30 16:15:17,628 [WARN] DetailPanel:346 - Failed to get advertising image, set to default
2025-09-30 16:15:17,629 [FATAL] Updater:351 - Updater called before beeing initialized
2025-09-30 16:15:17,663 [ERROR] Updater:1198 - MainUpdater not yet initialized. External WinMGr cannot be set.
2025-09-30 16:15:17,666 [INFO] Updater:1134 - Updater Version found : 6.15.0
2025-09-30 16:15:17,679 [INFO] ApplicationProperties:184 - Using Application install path: C:\ST\STM32CubeIDE_1.19.0\STM32CubeIDE\plugins\com.st.stm32cube.common.mx_6.15.0.202507011659
2025-09-30 16:15:19,254 [ERROR] LogOutputStream:75 - [STDERR_REDIRECT] Sep 30, 2025 4:15:19 PM java.util.prefs.WindowsPreferences <init>
2025-09-30 16:15:19,255 [ERROR] LogOutputStream:75 - [STDERR_REDIRECT] WARNING: Could not open/create prefs root node Software\JavaSoft\Prefs at root 0xffffffff80000002. Windows RegCreateKeyEx(...) returned error code 5.
2025-09-30 16:15:19,255 [ERROR] LogOutputStream:75 - [STDERR_REDIRECT] 
2025-09-30 16:15:19,393 [INFO] ThirdPartyUpdaterWithRetryManager:70 - Updater plugin not ready yet. [2/15]
2025-09-30 16:15:19,755 [INFO] MainUpdater:2872 - connection check result : 10
2025-09-30 16:15:19,756 [INFO] MainUpdater:289 - Updater Check For Update Now.
2025-09-30 16:15:19,756 [INFO] MicroXplorer:498 - Change Database Version : DB.6.0.150
2025-09-30 16:15:19,765 [INFO] McuFinderGlobals:63 - Set McuFinder mode to 2 (CubeIDE integrated)
2025-09-30 16:15:19,766 [INFO] UserAuth:487 - Internet connection configuration mode: 1
2025-09-30 16:15:19,796 [INFO] JxBrowserEngine:152 - Initiate JxBrowser Engine with user profile folder
2025-09-30 16:15:19,935 [INFO] CheckServerUpdateThread:120 - End of CheckServer Thread
2025-09-30 16:15:20,804 [INFO] WebApp:169 - Instantiating new browser for Auth
2025-09-30 16:15:21,611 [INFO] WebApp:463 - Apply proxy settings
2025-09-30 16:15:21,611 [INFO] WebApp:548 - Chromium requires no authentication
2025-09-30 16:15:21,646 [INFO] WebApp:491 - Direct internet connection detected
2025-09-30 16:15:21,707 [INFO] WebApp:900 - Register for checkConnection events
2025-09-30 16:15:21,708 [INFO] WebApp:463 - Apply proxy settings
2025-09-30 16:15:21,708 [INFO] WebApp:548 - Chromium requires no authentication
2025-09-30 16:15:21,708 [INFO] WebApp:491 - Direct internet connection detected
2025-09-30 16:15:21,927 [INFO] WebApp:191 - Connection restablished
2025-09-30 16:15:22,032 [INFO] WebApp:225 - Starting web application
2025-09-30 16:15:22,032 [INFO] WebApp:593 - Web application path used C:\ST\STM32CubeIDE_1.19.0\STM32CubeIDE\plugins\com.st.stm32cube.common.mx_6.15.0.202507011659\db\plugins\mcufinder\reactClient1\index.html
2025-09-30 16:15:22,120 [INFO] UserAuth:487 - Internet connection configuration mode: 1
2025-09-30 16:15:22,625 [WARN] PackLoader:240 - Cannot read IP mode file for STMicroelectronics.FP-SNS-MOTENVWB1.1.4.0
2025-09-30 16:15:22,636 [WARN] PackLoader:240 - Cannot read IP mode file for STMicroelectronics.FP-ATR-ASTRA1.2.0.2
2025-09-30 16:15:22,648 [WARN] PackLoader:240 - Cannot read IP mode file for STMicroelectronics.X-CUBE-SMBUS.2.1.0
2025-09-30 16:15:22,657 [WARN] PackLoader:240 - Cannot read IP mode file for STMicroelectronics.X-CUBE-ST60.1.0.0
2025-09-30 16:15:22,695 [WARN] PackLoader:240 - Cannot read IP mode file for STMicroelectronics.X-CUBE-AZRTOS-F7.1.1.0
2025-09-30 16:15:22,714 [WARN] PackLoader:240 - Cannot read IP mode file for WES.I-CUBE-Cesium.1.4.0
2025-09-30 16:15:22,748 [WARN] PackLoader:240 - Cannot read IP mode file for Infineon.AIROC-Wi-Fi-Bluetooth-STM32.1.7.1
2025-09-30 16:15:22,781 [WARN] PackLoader:240 - Cannot read IP mode file for STMicroelectronics.X-CUBE-AZRTOS-H7.3.4.0
2025-09-30 16:15:22,794 [WARN] PackLoader:240 - Cannot read IP mode file for STMicroelectronics.X-CUBE-DISPLAY.3.0.0
2025-09-30 16:15:22,809 [WARN] PackLoader:240 - Cannot read IP mode file for STMicroelectronics.X-CUBE-NFC10.1.0.0
2025-09-30 16:15:22,817 [WARN] PackLoader:240 - Cannot read IP mode file for emotas.I-CUBE-CANOPEN.1.3.0
2025-09-30 16:15:22,838 [WARN] PackLoader:240 - Cannot read IP mode file for STMicroelectronics.FP-SNS-STBOX1.2.1.0
2025-09-30 16:15:22,846 [WARN] PackLoader:240 - Cannot read IP mode file for STMicroelectronics.FP-SNS-SMARTAG2.1.2.0
2025-09-30 16:15:22,852 [WARN] PackLoader:240 - Cannot read IP mode file for STMicroelectronics.FP-SNS-FLIGHT1.5.1.0
2025-09-30 16:15:22,871 [INFO] LogOutputStream:77 - [STDOUT_REDIRECT] 1 : Invalid condition id : UX_CORESTACK_Condition cause : null
2025-09-30 16:15:22,872 [INFO] LogOutputStream:77 - [STDOUT_REDIRECT] 1 : Invalid condition id : UX_CORESTACK_Condition cause : null
2025-09-30 16:15:22,873 [INFO] LogOutputStream:77 - [STDOUT_REDIRECT] 1 : Invalid condition id : UX_CORESTACK_Condition cause : null
2025-09-30 16:15:22,874 [INFO] LogOutputStream:77 - [STDOUT_REDIRECT] 1 : Invalid condition id : UX_CORESTACK_Condition cause : null
2025-09-30 16:15:22,875 [INFO] LogOutputStream:77 - [STDOUT_REDIRECT] 1 : Invalid condition id : UX_CORESTACK_Condition cause : null
2025-09-30 16:15:22,880 [WARN] PackLoader:240 - Cannot read IP mode file for STMicroelectronics.X-CUBE-AZRTOS-WL.2.0.0
2025-09-30 16:15:22,887 [WARN] PackLoader:240 - Cannot read IP mode file for STMicroelectronics.FP-SNS-MOTENV1.5.0.0
2025-09-30 16:15:22,896 [WARN] PackLoader:240 - Cannot read IP mode file for STMicroelectronics.X-CUBE-BLE2.3.3.0
2025-09-30 16:15:22,904 [WARN] PackLoader:240 - Cannot read IP mode file for STMicroelectronics.X-CUBE-NFC9.1.0.0
2025-09-30 16:15:22,913 [WARN] PackLoader:240 - Cannot read IP mode file for wolfSSL.I-CUBE-wolfSSL.5.8.2
2025-09-30 16:15:22,917 [WARN] PackLoader:240 - Cannot read IP mode file for STMicroelectronics.X-CUBE-BLE1.7.1.0
2025-09-30 16:15:22,921 [WARN] PackLoader:240 - Cannot read IP mode file for wolfSSL.I-CUBE-wolfMQTT.1.19.2
2025-09-30 16:15:22,927 [WARN] PackLoader:240 - Cannot read IP mode file for STMicroelectronics.X-CUBE-EEPRMA1.5.2.0
2025-09-30 16:15:22,940 [WARN] PackLoader:240 - Cannot read IP mode file for STMicroelectronics.X-CUBE-AZRTOS-G0.1.1.0
2025-09-30 16:15:22,949 [WARN] PackLoader:240 - Cannot read IP mode file for STMicroelectronics.X-CUBE-SAFEA1.1.2.2
2025-09-30 16:15:22,953 [WARN] PackLoader:240 - Cannot read IP mode file for STMicroelectronics.X-CUBE-NFC4.3.0.0
2025-09-30 16:15:22,962 [WARN] PackLoader:240 - Cannot read IP mode file for EmbeddedOffice.I-CUBE-FS-RTOS.1.0.1
2025-09-30 16:15:22,967 [WARN] PackLoader:240 - Cannot read IP mode file for STMicroelectronics.X-CUBE-WB05N.2.0.0
2025-09-30 16:15:22,972 [WARN] PackLoader:240 - Cannot read IP mode file for wolfSSL.I-CUBE-wolfTPM.3.8.0
2025-09-30 16:15:22,977 [WARN] PackLoader:240 - Cannot read IP mode file for STMicroelectronics.X-CUBE-TCPP.4.2.0
2025-09-30 16:15:22,984 [WARN] PackLoader:240 - Cannot read IP mode file for RealThread.X-CUBE-RT-Thread_Nano.4.1.1
2025-09-30 16:15:22,989 [WARN] PackLoader:240 - Cannot read IP mode file for STMicroelectronics.FP-ATR-SIGFOX1.3.2.0
2025-09-30 16:15:22,994 [WARN] PackLoader:240 - Cannot read IP mode file for ITTIA_DB.I-CUBE-ITTIADB.8.9.0
2025-09-30 16:15:22,998 [WARN] PackLoader:240 - Cannot read IP mode file for STMicroelectronics.X-CUBE-ST67W61.1.0.0
2025-09-30 16:15:23,003 [WARN] PackLoader:240 - Cannot read IP mode file for STMicroelectronics.X-CUBE-AI.10.2.0
2025-09-30 16:15:23,020 [WARN] PackLoader:240 - Cannot read IP mode file for SEGGER.I-CUBE-embOS.1.3.1
2025-09-30 16:15:23,081 [WARN] PackLoader:240 - Cannot read IP mode file for STMicroelectronics.X-CUBE-ALGOBUILD.1.4.0
2025-09-30 16:15:23,147 [WARN] PackLoader:240 - Cannot read IP mode file for STMicroelectronics.X-CUBE-MEMS1.11.3.0
2025-09-30 16:15:23,338 [WARN] PackLoader:240 - Cannot read IP mode file for STMicroelectronics.X-CUBE-PM33A1.1.0.0
2025-09-30 16:15:23,352 [WARN] PackLoader:240 - Cannot read IP mode file for STMicroelectronics.X-CUBE-AZRTOS-F4.1.1.0
2025-09-30 16:15:23,359 [WARN] PackLoader:240 - Cannot read IP mode file for Avnet-IotConnect.X-CUBE-IoTC-DA16k-PMOD.1.0.0
2025-09-30 16:15:23,362 [WARN] PackLoader:240 - Cannot read IP mode file for STMicroelectronics.X-CUBE-ISPU.2.1.0
2025-09-30 16:15:23,368 [WARN] PackLoader:240 - Cannot read IP mode file for STMicroelectronics.X-CUBE-NFC12.1.0.0
2025-09-30 16:15:23,383 [WARN] PackLoader:240 - Cannot read IP mode file for STMicroelectronics.X-CUBE-AZRTOS-L5.2.0.0
2025-09-30 16:15:23,393 [WARN] PackLoader:240 - Cannot read IP mode file for STMicroelectronics.X-CUBE-NFC6.3.1.0
2025-09-30 16:15:23,399 [WARN] PackLoader:240 - Cannot read IP mode file for STMicroelectronics.X-CUBE-FREERTOS.1.3.1
2025-09-30 16:15:23,404 [WARN] PackLoader:240 - Cannot read IP mode file for STMicroelectronics.FP-SNS-STAIOTCFT.1.0.0
2025-09-30 16:15:23,409 [WARN] PackLoader:240 - Cannot read IP mode file for STMicroelectronics.X-CUBE-DPower.1.3.0
2025-09-30 16:15:23,420 [WARN] ConditionMgr:438 - getConditionDescription Invalid condition id : LAN8742 Phy interface Condition cause : null
2025-09-30 16:15:23,421 [WARN] PackLoader:240 - Cannot read IP mode file for STMicroelectronics.X-CUBE-AZRTOS-L4.2.0.0
2025-09-30 16:15:23,422 [WARN] ConditionMgr:1044 - genDependencies : Invalid condition id : LAN8742 Phy interface Condition cause : null
2025-09-30 16:15:23,422 [WARN] ConditionMgr:1044 - genDependencies : Invalid condition id : LAN8742 Phy interface Condition cause : null
2025-09-30 16:15:23,423 [WARN] ConditionMgr:1044 - genDependencies : Invalid condition id : LAN8742 Phy interface Condition cause : null
2025-09-30 16:15:23,429 [WARN] PackLoader:240 - Cannot read IP mode file for STMicroelectronics.X-CUBE-SFXS2LP1.4.0.0
2025-09-30 16:15:23,438 [WARN] PackLoader:240 - Cannot read IP mode file for STMicroelectronics.X-CUBE-BLEMGR.4.1.0
2025-09-30 16:15:23,452 [WARN] ConditionMgr:438 - getConditionDescription Invalid condition id : UX DEVICE CLASS RTOS Condition cause : null
2025-09-30 16:15:23,452 [WARN] ConditionMgr:438 - getConditionDescription Invalid condition id : UX DEVICE CLASS RTOS Condition cause : null
2025-09-30 16:15:23,454 [WARN] PackLoader:240 - Cannot read IP mode file for STMicroelectronics.X-CUBE-AZRTOS-WB.2.0.0
2025-09-30 16:15:23,454 [WARN] ConditionMgr:1044 - genDependencies : Invalid condition id : UX DEVICE CLASS RTOS Condition cause : null
2025-09-30 16:15:23,454 [WARN] ConditionMgr:1044 - genDependencies : Invalid condition id : UX DEVICE CLASS RTOS Condition cause : null
2025-09-30 16:15:23,454 [WARN] ConditionMgr:1044 - genDependencies : Invalid condition id : UX DEVICE CLASS RTOS Condition cause : null
2025-09-30 16:15:23,455 [WARN] ConditionMgr:1044 - genDependencies : Invalid condition id : UX DEVICE CLASS RTOS Condition cause : null
2025-09-30 16:15:23,455 [WARN] ConditionMgr:1044 - genDependencies : Invalid condition id : UX DEVICE CLASS RTOS Condition cause : null
2025-09-30 16:15:23,461 [WARN] PackLoader:240 - Cannot read IP mode file for STMicroelectronics.X-CUBE-GNSS1.7.0.1
2025-09-30 16:15:23,466 [WARN] PackLoader:240 - Cannot read IP mode file for STMicroelectronics.X-CUBE-TOUCHGFX.4.25.0
2025-09-30 16:15:23,472 [WARN] ConditionMgr:438 - getConditionDescription Invalid condition id : Cortex-A Device cause : null
2025-09-30 16:15:23,484 [WARN] ConditionMgr:1044 - genDependencies : Invalid condition id : Cortex-A Device cause : null
2025-09-30 16:15:23,484 [WARN] ConditionMgr:1044 - genDependencies : Invalid condition id : Cortex-A Device cause : null
2025-09-30 16:15:23,485 [WARN] ConditionMgr:1044 - genDependencies : Invalid condition id : Cortex-A Device cause : null
2025-09-30 16:15:23,497 [WARN] PackLoader:240 - Cannot read IP mode file for STMicroelectronics.X-CUBE-SUBG2.5.0.0
2025-09-30 16:15:23,519 [WARN] PackLoader:240 - Cannot read IP mode file for STMicroelectronics.X-CUBE-AZRTOS-H7RS.1.1.0
2025-09-30 16:15:23,526 [WARN] PackLoader:240 - Cannot read IP mode file for Cesanta.I-CUBE-Mongoose.7.13.0
2025-09-30 16:15:23,540 [WARN] PackLoader:240 - Cannot read IP mode file for STMicroelectronics.X-CUBE-AZRTOS-G4.2.0.0
2025-09-30 16:15:23,545 [WARN] PackLoader:240 - Cannot read IP mode file for wolfSSL.I-CUBE-wolfSSH.1.4.20
2025-09-30 16:15:23,550 [WARN] PackLoader:240 - Cannot read IP mode file for STMicroelectronics.X-CUBE-NFC7.2.0.0
2025-09-30 16:15:23,561 [WARN] PackLoader:240 - Cannot read IP mode file for STMicroelectronics.X-CUBE-IPS.3.1.0
2025-09-30 16:15:23,567 [WARN] PackLoader:240 - Cannot read IP mode file for STMicroelectronics.X-CUBE-ALS.1.0.2
2025-09-30 16:15:23,574 [WARN] PackLoader:240 - Cannot read IP mode file for STMicroelectronics.X-CUBE-STSE01.1.0.0
2025-09-30 16:15:23,586 [WARN] PackLoader:240 - Cannot read IP mode file for portGmbH.I-Cube-SoM-uGOAL.1.1.0
2025-09-30 16:15:23,595 [WARN] PackLoader:240 - Cannot read IP mode file for STMicroelectronics.X-CUBE-TOF1.3.4.3
2025-09-30 16:15:23,605 [INFO] ThirdParty:978 - Integrity check success = true
2025-09-30 16:15:23,605 [INFO] IntegrityCheckThread:100 - exiting critical section [integrity check]
2025-09-30 16:15:23,605 [INFO] IntegrityCheckThread:103 - End integrity checks thread
2025-09-30 16:59:21,185 [INFO] WebApp:403 - JxBrowser engine has been closed 
