21:17:03 **** Incremental Build of configuration Debug for project practica_4 ****
make -j8 all 
arm-none-eabi-gcc "../Drivers/API/Src/API_delay.c" -mcpu=cortex-m4 -std=gnu11 -g3 -DDEBUG -DUSE_HAL_DRIVER -DSTM32F446xx -c -I../Core/Inc -I../Drivers/STM32F4xx_HAL_Driver/Inc -I../Drivers/STM32F4xx_HAL_Driver/Inc/Legacy -I../Drivers/CMSIS/Device/ST/STM32F4xx/Include -I../Drivers/CMSIS/Include -O0 -ffunction-sections -fdata-sections -Wall -fstack-usage -fcyclomatic-complexity -MMD -MP -MF"Drivers/API/Src/API_delay.d" -MT"Drivers/API/Src/API_delay.o" --specs=nano.specs -mfpu=fpv4-sp-d16 -mfloat-abi=hard -mthumb -o "Drivers/API/Src/API_delay.o"
arm-none-eabi-gcc -o "practica_4.elf" @"objects.list"   -mcpu=cortex-m4 -T"D:\CESE_25_Embebidos\practica_4\STM32F446RETX_FLASH.ld" --specs=nosys.specs -Wl,-Map="practica_4.map" -Wl,--gc-sections -static --specs=nano.specs -mfpu=fpv4-sp-d16 -mfloat-abi=hard -mthumb -Wl,--start-group -lc -lm -Wl,--end-group
Finished building target: practica_4.elf
 
arm-none-eabi-size  practica_4.elf 
arm-none-eabi-objdump -h -S practica_4.elf  > "practica_4.list"
   text	   data	    bss	    dec	    hex	filename
   9992	     16	   1672	  11680	   2da0	practica_4.elf
Finished building: default.size.stdout
 
Finished building: practica_4.list
 
21:17:29 **** Incremental Build of configuration Debug for project practica_4 ****
make -j8 all 
arm-none-eabi-size  practica_4.elf 
   text	   data	    bss	    dec	    hex	filename
   9992	     16	   1672	  11680	   2da0	practica_4.elf
Finished building: default.size.stdout
 
