00:41:07 **** Incremental Build of configuration Debug for project tp_final_micro_com ****
make -j8 all 
arm-none-eabi-gcc "../Drivers/API/Src/myApp_GPIO.c" -mcpu=cortex-m4 -std=gnu11 -g3 -DDEBUG -DUSE_HAL_DRIVER -DSTM32F446xx -c -I../Core/Inc -I../Drivers/STM32F4xx_HAL_Driver/Inc -I../Drivers/STM32F4xx_HAL_Driver/Inc/Legacy -I../Drivers/CMSIS/Device/ST/STM32F4xx/Include -I../Drivers/CMSIS/Include -I../Drivers/API/Inc -I../Drivers/API/Src -O0 -ffunction-sections -fdata-sections -Wall -fstack-usage -fcyclomatic-complexity -MMD -MP -MF"Drivers/API/Src/myApp_GPIO.d" -MT"Drivers/API/Src/myApp_GPIO.o" --specs=nano.specs -mfpu=fpv4-sp-d16 -mfloat-abi=hard -mthumb -o "Drivers/API/Src/myApp_GPIO.o"
arm-none-eabi-gcc "../Drivers/API/Src/myApp_mef.c" -mcpu=cortex-m4 -std=gnu11 -g3 -DDEBUG -DUSE_HAL_DRIVER -DSTM32F446xx -c -I../Core/Inc -I../Drivers/STM32F4xx_HAL_Driver/Inc -I../Drivers/STM32F4xx_HAL_Driver/Inc/Legacy -I../Drivers/CMSIS/Device/ST/STM32F4xx/Include -I../Drivers/CMSIS/Include -I../Drivers/API/Inc -I../Drivers/API/Src -O0 -ffunction-sections -fdata-sections -Wall -fstack-usage -fcyclomatic-complexity -MMD -MP -MF"Drivers/API/Src/myApp_mef.d" -MT"Drivers/API/Src/myApp_mef.o" --specs=nano.specs -mfpu=fpv4-sp-d16 -mfloat-abi=hard -mthumb -o "Drivers/API/Src/myApp_mef.o"
arm-none-eabi-gcc -o "tp_final_micro_com.elf" @"objects.list"   -mcpu=cortex-m4 -T"D:\CESE_25_Embebidos\tp_final_micro_com\STM32F446RETX_FLASH.ld" --specs=nosys.specs -Wl,-Map="tp_final_micro_com.map" -Wl,--gc-sections -static --specs=nano.specs -mfpu=fpv4-sp-d16 -mfloat-abi=hard -mthumb -u _printf_float -u _scanf_float -Wl,--start-group -lc -lm -Wl,--end-group
Finished building target: tp_final_micro_com.elf
 
arm-none-eabi-size  tp_final_micro_com.elf 
arm-none-eabi-objdump -h -S tp_final_micro_com.elf  > "tp_final_micro_com.list"
   text	   data	    bss	    dec	    hex	filename
  55028	    584	   2416	  58028	   e2ac	tp_final_micro_com.elf
Finished building: default.size.stdout
 
Finished building: tp_final_micro_com.list
 
00:41:10 **** Incremental Build of configuration Debug for project tp_final_micro_com ****
make -j8 all 
arm-none-eabi-size  tp_final_micro_com.elf 
   text	   data	    bss	    dec	    hex	filename
  55028	    584	   2416	  58028	   e2ac	tp_final_micro_com.elf
Finished building: default.size.stdout
 
00:50:00 **** Incremental Build of configuration Debug for project tp_final_micro_com ****
make -j8 all 
arm-none-eabi-gcc "../Drivers/API/Src/myApp_GPIO.c" -mcpu=cortex-m4 -std=gnu11 -g3 -DDEBUG -DUSE_HAL_DRIVER -DSTM32F446xx -c -I../Core/Inc -I../Drivers/STM32F4xx_HAL_Driver/Inc -I../Drivers/STM32F4xx_HAL_Driver/Inc/Legacy -I../Drivers/CMSIS/Device/ST/STM32F4xx/Include -I../Drivers/CMSIS/Include -I../Drivers/API/Inc -I../Drivers/API/Src -O0 -ffunction-sections -fdata-sections -Wall -fstack-usage -fcyclomatic-complexity -MMD -MP -MF"Drivers/API/Src/myApp_GPIO.d" -MT"Drivers/API/Src/myApp_GPIO.o" --specs=nano.specs -mfpu=fpv4-sp-d16 -mfloat-abi=hard -mthumb -o "Drivers/API/Src/myApp_GPIO.o"
arm-none-eabi-gcc "../Drivers/API/Src/myApp_NFC.c" -mcpu=cortex-m4 -std=gnu11 -g3 -DDEBUG -DUSE_HAL_DRIVER -DSTM32F446xx -c -I../Core/Inc -I../Drivers/STM32F4xx_HAL_Driver/Inc -I../Drivers/STM32F4xx_HAL_Driver/Inc/Legacy -I../Drivers/CMSIS/Device/ST/STM32F4xx/Include -I../Drivers/CMSIS/Include -I../Drivers/API/Inc -I../Drivers/API/Src -O0 -ffunction-sections -fdata-sections -Wall -fstack-usage -fcyclomatic-complexity -MMD -MP -MF"Drivers/API/Src/myApp_NFC.d" -MT"Drivers/API/Src/myApp_NFC.o" --specs=nano.specs -mfpu=fpv4-sp-d16 -mfloat-abi=hard -mthumb -o "Drivers/API/Src/myApp_NFC.o"
arm-none-eabi-gcc "../Drivers/API/Src/myApp_mef.c" -mcpu=cortex-m4 -std=gnu11 -g3 -DDEBUG -DUSE_HAL_DRIVER -DSTM32F446xx -c -I../Core/Inc -I../Drivers/STM32F4xx_HAL_Driver/Inc -I../Drivers/STM32F4xx_HAL_Driver/Inc/Legacy -I../Drivers/CMSIS/Device/ST/STM32F4xx/Include -I../Drivers/CMSIS/Include -I../Drivers/API/Inc -I../Drivers/API/Src -O0 -ffunction-sections -fdata-sections -Wall -fstack-usage -fcyclomatic-complexity -MMD -MP -MF"Drivers/API/Src/myApp_mef.d" -MT"Drivers/API/Src/myApp_mef.o" --specs=nano.specs -mfpu=fpv4-sp-d16 -mfloat-abi=hard -mthumb -o "Drivers/API/Src/myApp_mef.o"
arm-none-eabi-gcc "../Core/Src/gpio.c" -mcpu=cortex-m4 -std=gnu11 -g3 -DDEBUG -DUSE_HAL_DRIVER -DSTM32F446xx -c -I../Core/Inc -I../Drivers/STM32F4xx_HAL_Driver/Inc -I../Drivers/STM32F4xx_HAL_Driver/Inc/Legacy -I../Drivers/CMSIS/Device/ST/STM32F4xx/Include -I../Drivers/CMSIS/Include -I../Drivers/API/Inc -I../Drivers/API/Src -O0 -ffunction-sections -fdata-sections -Wall -fstack-usage -fcyclomatic-complexity -MMD -MP -MF"Core/Src/gpio.d" -MT"Core/Src/gpio.o" --specs=nano.specs -mfpu=fpv4-sp-d16 -mfloat-abi=hard -mthumb -o "Core/Src/gpio.o"
arm-none-eabi-gcc "../Core/Src/main.c" -mcpu=cortex-m4 -std=gnu11 -g3 -DDEBUG -DUSE_HAL_DRIVER -DSTM32F446xx -c -I../Core/Inc -I../Drivers/STM32F4xx_HAL_Driver/Inc -I../Drivers/STM32F4xx_HAL_Driver/Inc/Legacy -I../Drivers/CMSIS/Device/ST/STM32F4xx/Include -I../Drivers/CMSIS/Include -I../Drivers/API/Inc -I../Drivers/API/Src -O0 -ffunction-sections -fdata-sections -Wall -fstack-usage -fcyclomatic-complexity -MMD -MP -MF"Core/Src/main.d" -MT"Core/Src/main.o" --specs=nano.specs -mfpu=fpv4-sp-d16 -mfloat-abi=hard -mthumb -o "Core/Src/main.o"
arm-none-eabi-gcc -o "tp_final_micro_com.elf" @"objects.list"   -mcpu=cortex-m4 -T"D:\CESE_25_Embebidos\tp_final_micro_com\STM32F446RETX_FLASH.ld" --specs=nosys.specs -Wl,-Map="tp_final_micro_com.map" -Wl,--gc-sections -static --specs=nano.specs -mfpu=fpv4-sp-d16 -mfloat-abi=hard -mthumb -u _printf_float -u _scanf_float -Wl,--start-group -lc -lm -Wl,--end-group
Finished building target: tp_final_micro_com.elf
 
arm-none-eabi-size  tp_final_micro_com.elf 
arm-none-eabi-objdump -h -S tp_final_micro_com.elf  > "tp_final_micro_com.list"
   text	   data	    bss	    dec	    hex	filename
  54932	    584	   2408	  57924	   e244	tp_final_micro_com.elf
Finished building: default.size.stdout
 
Finished building: tp_final_micro_com.list
 
00:58:59 **** Incremental Build of configuration Debug for project tp_final_micro_com ****
make -j8 all 
arm-none-eabi-gcc "../Drivers/API/Src/myApp_GPIO.c" -mcpu=cortex-m4 -std=gnu11 -g3 -DDEBUG -DUSE_HAL_DRIVER -DSTM32F446xx -c -I../Core/Inc -I../Drivers/STM32F4xx_HAL_Driver/Inc -I../Drivers/STM32F4xx_HAL_Driver/Inc/Legacy -I../Drivers/CMSIS/Device/ST/STM32F4xx/Include -I../Drivers/CMSIS/Include -I../Drivers/API/Inc -I../Drivers/API/Src -O0 -ffunction-sections -fdata-sections -Wall -fstack-usage -fcyclomatic-complexity -MMD -MP -MF"Drivers/API/Src/myApp_GPIO.d" -MT"Drivers/API/Src/myApp_GPIO.o" --specs=nano.specs -mfpu=fpv4-sp-d16 -mfloat-abi=hard -mthumb -o "Drivers/API/Src/myApp_GPIO.o"
arm-none-eabi-gcc "../Drivers/API/Src/myApp_NFC.c" -mcpu=cortex-m4 -std=gnu11 -g3 -DDEBUG -DUSE_HAL_DRIVER -DSTM32F446xx -c -I../Core/Inc -I../Drivers/STM32F4xx_HAL_Driver/Inc -I../Drivers/STM32F4xx_HAL_Driver/Inc/Legacy -I../Drivers/CMSIS/Device/ST/STM32F4xx/Include -I../Drivers/CMSIS/Include -I../Drivers/API/Inc -I../Drivers/API/Src -O0 -ffunction-sections -fdata-sections -Wall -fstack-usage -fcyclomatic-complexity -MMD -MP -MF"Drivers/API/Src/myApp_NFC.d" -MT"Drivers/API/Src/myApp_NFC.o" --specs=nano.specs -mfpu=fpv4-sp-d16 -mfloat-abi=hard -mthumb -o "Drivers/API/Src/myApp_NFC.o"
arm-none-eabi-gcc "../Drivers/API/Src/myApp_mef.c" -mcpu=cortex-m4 -std=gnu11 -g3 -DDEBUG -DUSE_HAL_DRIVER -DSTM32F446xx -c -I../Core/Inc -I../Drivers/STM32F4xx_HAL_Driver/Inc -I../Drivers/STM32F4xx_HAL_Driver/Inc/Legacy -I../Drivers/CMSIS/Device/ST/STM32F4xx/Include -I../Drivers/CMSIS/Include -I../Drivers/API/Inc -I../Drivers/API/Src -O0 -ffunction-sections -fdata-sections -Wall -fstack-usage -fcyclomatic-complexity -MMD -MP -MF"Drivers/API/Src/myApp_mef.d" -MT"Drivers/API/Src/myApp_mef.o" --specs=nano.specs -mfpu=fpv4-sp-d16 -mfloat-abi=hard -mthumb -o "Drivers/API/Src/myApp_mef.o"
arm-none-eabi-gcc "../Core/Src/gpio.c" -mcpu=cortex-m4 -std=gnu11 -g3 -DDEBUG -DUSE_HAL_DRIVER -DSTM32F446xx -c -I../Core/Inc -I../Drivers/STM32F4xx_HAL_Driver/Inc -I../Drivers/STM32F4xx_HAL_Driver/Inc/Legacy -I../Drivers/CMSIS/Device/ST/STM32F4xx/Include -I../Drivers/CMSIS/Include -I../Drivers/API/Inc -I../Drivers/API/Src -O0 -ffunction-sections -fdata-sections -Wall -fstack-usage -fcyclomatic-complexity -MMD -MP -MF"Core/Src/gpio.d" -MT"Core/Src/gpio.o" --specs=nano.specs -mfpu=fpv4-sp-d16 -mfloat-abi=hard -mthumb -o "Core/Src/gpio.o"
arm-none-eabi-gcc "../Core/Src/main.c" -mcpu=cortex-m4 -std=gnu11 -g3 -DDEBUG -DUSE_HAL_DRIVER -DSTM32F446xx -c -I../Core/Inc -I../Drivers/STM32F4xx_HAL_Driver/Inc -I../Drivers/STM32F4xx_HAL_Driver/Inc/Legacy -I../Drivers/CMSIS/Device/ST/STM32F4xx/Include -I../Drivers/CMSIS/Include -I../Drivers/API/Inc -I../Drivers/API/Src -O0 -ffunction-sections -fdata-sections -Wall -fstack-usage -fcyclomatic-complexity -MMD -MP -MF"Core/Src/main.d" -MT"Core/Src/main.o" --specs=nano.specs -mfpu=fpv4-sp-d16 -mfloat-abi=hard -mthumb -o "Core/Src/main.o"
arm-none-eabi-gcc -o "tp_final_micro_com.elf" @"objects.list"   -mcpu=cortex-m4 -T"D:\CESE_25_Embebidos\tp_final_micro_com\STM32F446RETX_FLASH.ld" --specs=nosys.specs -Wl,-Map="tp_final_micro_com.map" -Wl,--gc-sections -static --specs=nano.specs -mfpu=fpv4-sp-d16 -mfloat-abi=hard -mthumb -u _printf_float -u _scanf_float -Wl,--start-group -lc -lm -Wl,--end-group
Finished building target: tp_final_micro_com.elf
 
arm-none-eabi-size  tp_final_micro_com.elf 
arm-none-eabi-objdump -h -S tp_final_micro_com.elf  > "tp_final_micro_com.list"
   text	   data	    bss	    dec	    hex	filename
  54932	    584	   2408	  57924	   e244	tp_final_micro_com.elf
Finished building: default.size.stdout
 
Finished building: tp_final_micro_com.list
 
01:00:20 **** Incremental Build of configuration Debug for project tp_final_micro_com ****
make -j8 all 
arm-none-eabi-gcc "../Drivers/API/Src/myApp_mef.c" -mcpu=cortex-m4 -std=gnu11 -g3 -DDEBUG -DUSE_HAL_DRIVER -DSTM32F446xx -c -I../Core/Inc -I../Drivers/STM32F4xx_HAL_Driver/Inc -I../Drivers/STM32F4xx_HAL_Driver/Inc/Legacy -I../Drivers/CMSIS/Device/ST/STM32F4xx/Include -I../Drivers/CMSIS/Include -I../Drivers/API/Inc -I../Drivers/API/Src -O0 -ffunction-sections -fdata-sections -Wall -fstack-usage -fcyclomatic-complexity -MMD -MP -MF"Drivers/API/Src/myApp_mef.d" -MT"Drivers/API/Src/myApp_mef.o" --specs=nano.specs -mfpu=fpv4-sp-d16 -mfloat-abi=hard -mthumb -o "Drivers/API/Src/myApp_mef.o"
arm-none-eabi-gcc -o "tp_final_micro_com.elf" @"objects.list"   -mcpu=cortex-m4 -T"D:\CESE_25_Embebidos\tp_final_micro_com\STM32F446RETX_FLASH.ld" --specs=nosys.specs -Wl,-Map="tp_final_micro_com.map" -Wl,--gc-sections -static --specs=nano.specs -mfpu=fpv4-sp-d16 -mfloat-abi=hard -mthumb -u _printf_float -u _scanf_float -Wl,--start-group -lc -lm -Wl,--end-group
Finished building target: tp_final_micro_com.elf
 
arm-none-eabi-size  tp_final_micro_com.elf 
arm-none-eabi-objdump -h -S tp_final_micro_com.elf  > "tp_final_micro_com.list"
   text	   data	    bss	    dec	    hex	filename
  55028	    584	   2416	  58028	   e2ac	tp_final_micro_com.elf
Finished building: default.size.stdout
 
Finished building: tp_final_micro_com.list
 
01:06:25 **** Incremental Build of configuration Debug for project tp_final_micro_com ****
make -j8 all 
arm-none-eabi-gcc "../Drivers/API/Src/myApp_GPIO.c" -mcpu=cortex-m4 -std=gnu11 -g3 -DDEBUG -DUSE_HAL_DRIVER -DSTM32F446xx -c -I../Core/Inc -I../Drivers/STM32F4xx_HAL_Driver/Inc -I../Drivers/STM32F4xx_HAL_Driver/Inc/Legacy -I../Drivers/CMSIS/Device/ST/STM32F4xx/Include -I../Drivers/CMSIS/Include -I../Drivers/API/Inc -I../Drivers/API/Src -O0 -ffunction-sections -fdata-sections -Wall -fstack-usage -fcyclomatic-complexity -MMD -MP -MF"Drivers/API/Src/myApp_GPIO.d" -MT"Drivers/API/Src/myApp_GPIO.o" --specs=nano.specs -mfpu=fpv4-sp-d16 -mfloat-abi=hard -mthumb -o "Drivers/API/Src/myApp_GPIO.o"
arm-none-eabi-gcc "../Drivers/API/Src/myApp_NFC.c" -mcpu=cortex-m4 -std=gnu11 -g3 -DDEBUG -DUSE_HAL_DRIVER -DSTM32F446xx -c -I../Core/Inc -I../Drivers/STM32F4xx_HAL_Driver/Inc -I../Drivers/STM32F4xx_HAL_Driver/Inc/Legacy -I../Drivers/CMSIS/Device/ST/STM32F4xx/Include -I../Drivers/CMSIS/Include -I../Drivers/API/Inc -I../Drivers/API/Src -O0 -ffunction-sections -fdata-sections -Wall -fstack-usage -fcyclomatic-complexity -MMD -MP -MF"Drivers/API/Src/myApp_NFC.d" -MT"Drivers/API/Src/myApp_NFC.o" --specs=nano.specs -mfpu=fpv4-sp-d16 -mfloat-abi=hard -mthumb -o "Drivers/API/Src/myApp_NFC.o"
arm-none-eabi-gcc "../Drivers/API/Src/myApp_mef.c" -mcpu=cortex-m4 -std=gnu11 -g3 -DDEBUG -DUSE_HAL_DRIVER -DSTM32F446xx -c -I../Core/Inc -I../Drivers/STM32F4xx_HAL_Driver/Inc -I../Drivers/STM32F4xx_HAL_Driver/Inc/Legacy -I../Drivers/CMSIS/Device/ST/STM32F4xx/Include -I../Drivers/CMSIS/Include -I../Drivers/API/Inc -I../Drivers/API/Src -O0 -ffunction-sections -fdata-sections -Wall -fstack-usage -fcyclomatic-complexity -MMD -MP -MF"Drivers/API/Src/myApp_mef.d" -MT"Drivers/API/Src/myApp_mef.o" --specs=nano.specs -mfpu=fpv4-sp-d16 -mfloat-abi=hard -mthumb -o "Drivers/API/Src/myApp_mef.o"
arm-none-eabi-gcc "../Core/Src/main.c" -mcpu=cortex-m4 -std=gnu11 -g3 -DDEBUG -DUSE_HAL_DRIVER -DSTM32F446xx -c -I../Core/Inc -I../Drivers/STM32F4xx_HAL_Driver/Inc -I../Drivers/STM32F4xx_HAL_Driver/Inc/Legacy -I../Drivers/CMSIS/Device/ST/STM32F4xx/Include -I../Drivers/CMSIS/Include -I../Drivers/API/Inc -I../Drivers/API/Src -O0 -ffunction-sections -fdata-sections -Wall -fstack-usage -fcyclomatic-complexity -MMD -MP -MF"Core/Src/main.d" -MT"Core/Src/main.o" --specs=nano.specs -mfpu=fpv4-sp-d16 -mfloat-abi=hard -mthumb -o "Core/Src/main.o"
arm-none-eabi-gcc -o "tp_final_micro_com.elf" @"objects.list"   -mcpu=cortex-m4 -T"D:\CESE_25_Embebidos\tp_final_micro_com\STM32F446RETX_FLASH.ld" --specs=nosys.specs -Wl,-Map="tp_final_micro_com.map" -Wl,--gc-sections -static --specs=nano.specs -mfpu=fpv4-sp-d16 -mfloat-abi=hard -mthumb -u _printf_float -u _scanf_float -Wl,--start-group -lc -lm -Wl,--end-group
Finished building target: tp_final_micro_com.elf
 
arm-none-eabi-size  tp_final_micro_com.elf 
arm-none-eabi-objdump -h -S tp_final_micro_com.elf  > "tp_final_micro_com.list"
   text	   data	    bss	    dec	    hex	filename
  55084	    584	   2416	  58084	   e2e4	tp_final_micro_com.elf
Finished building: default.size.stdout
 
Finished building: tp_final_micro_com.list
 
01:10:41 **** Incremental Build of configuration Debug for project tp_final_micro_com ****
make -j8 all 
arm-none-eabi-gcc "../Drivers/API/Src/myApp_mef.c" -mcpu=cortex-m4 -std=gnu11 -g3 -DDEBUG -DUSE_HAL_DRIVER -DSTM32F446xx -c -I../Core/Inc -I../Drivers/STM32F4xx_HAL_Driver/Inc -I../Drivers/STM32F4xx_HAL_Driver/Inc/Legacy -I../Drivers/CMSIS/Device/ST/STM32F4xx/Include -I../Drivers/CMSIS/Include -I../Drivers/API/Inc -I../Drivers/API/Src -O0 -ffunction-sections -fdata-sections -Wall -fstack-usage -fcyclomatic-complexity -MMD -MP -MF"Drivers/API/Src/myApp_mef.d" -MT"Drivers/API/Src/myApp_mef.o" --specs=nano.specs -mfpu=fpv4-sp-d16 -mfloat-abi=hard -mthumb -o "Drivers/API/Src/myApp_mef.o"
arm-none-eabi-gcc -o "tp_final_micro_com.elf" @"objects.list"   -mcpu=cortex-m4 -T"D:\CESE_25_Embebidos\tp_final_micro_com\STM32F446RETX_FLASH.ld" --specs=nosys.specs -Wl,-Map="tp_final_micro_com.map" -Wl,--gc-sections -static --specs=nano.specs -mfpu=fpv4-sp-d16 -mfloat-abi=hard -mthumb -u _printf_float -u _scanf_float -Wl,--start-group -lc -lm -Wl,--end-group
Finished building target: tp_final_micro_com.elf
 
arm-none-eabi-size  tp_final_micro_com.elf 
arm-none-eabi-objdump -h -S tp_final_micro_com.elf  > "tp_final_micro_com.list"
   text	   data	    bss	    dec	    hex	filename
  55092	    584	   2416	  58092	   e2ec	tp_final_micro_com.elf
Finished building: default.size.stdout
 
Finished building: tp_final_micro_com.list
 
01:23:23 **** Incremental Build of configuration Debug for project tp_final_micro_com ****
make -j8 all 
arm-none-eabi-gcc "../Drivers/API/Src/myApp_mef.c" -mcpu=cortex-m4 -std=gnu11 -g3 -DDEBUG -DUSE_HAL_DRIVER -DSTM32F446xx -c -I../Core/Inc -I../Drivers/STM32F4xx_HAL_Driver/Inc -I../Drivers/STM32F4xx_HAL_Driver/Inc/Legacy -I../Drivers/CMSIS/Device/ST/STM32F4xx/Include -I../Drivers/CMSIS/Include -I../Drivers/API/Inc -I../Drivers/API/Src -O0 -ffunction-sections -fdata-sections -Wall -fstack-usage -fcyclomatic-complexity -MMD -MP -MF"Drivers/API/Src/myApp_mef.d" -MT"Drivers/API/Src/myApp_mef.o" --specs=nano.specs -mfpu=fpv4-sp-d16 -mfloat-abi=hard -mthumb -o "Drivers/API/Src/myApp_mef.o"
arm-none-eabi-gcc -o "tp_final_micro_com.elf" @"objects.list"   -mcpu=cortex-m4 -T"D:\CESE_25_Embebidos\tp_final_micro_com\STM32F446RETX_FLASH.ld" --specs=nosys.specs -Wl,-Map="tp_final_micro_com.map" -Wl,--gc-sections -static --specs=nano.specs -mfpu=fpv4-sp-d16 -mfloat-abi=hard -mthumb -u _printf_float -u _scanf_float -Wl,--start-group -lc -lm -Wl,--end-group
Finished building target: tp_final_micro_com.elf
 
arm-none-eabi-size  tp_final_micro_com.elf 
arm-none-eabi-objdump -h -S tp_final_micro_com.elf  > "tp_final_micro_com.list"
   text	   data	    bss	    dec	    hex	filename
  55116	    584	   2416	  58116	   e304	tp_final_micro_com.elf
Finished building: default.size.stdout
 
Finished building: tp_final_micro_com.list
 
