11:43:56 **** Incremental Build of configuration Debug for project practica_1_P2 ****
make -j8 all 
arm-none-eabi-gcc "../Core/Src/main.c" -mcpu=cortex-m4 -std=gnu11 -g3 -DDEBUG -DUSE_HAL_DRIVER -DSTM32F446xx -c -I../Core/Inc -I../Drivers/STM32F4xx_HAL_Driver/Inc -I../Drivers/STM32F4xx_HAL_Driver/Inc/Legacy -I../Drivers/CMSIS/Device/ST/STM32F4xx/Include -I../Drivers/CMSIS/Include -O0 -ffunction-sections -fdata-sections -Wall -fstack-usage -fcyclomatic-complexity -MMD -MP -MF"Core/Src/main.d" -MT"Core/Src/main.o" --specs=nano.specs -mfpu=fpv4-sp-d16 -mfloat-abi=hard -mthumb -o "Core/Src/main.o"
arm-none-eabi-gcc -o "practica_1_P2.elf" @"objects.list"   -mcpu=cortex-m4 -T"D:\CESE_25_Embebidos\practica_1_P2\STM32F446RETX_FLASH.ld" --specs=nosys.specs -Wl,-Map="practica_1_P2.map" -Wl,--gc-sections -static --specs=nano.specs -mfpu=fpv4-sp-d16 -mfloat-abi=hard -mthumb -Wl,--start-group -lc -lm -Wl,--end-group
C:/ST/STM32CubeIDE_1.19.0/STM32CubeIDE/plugins/com.st.stm32cube.ide.mcu.externaltools.gnu-tools-for-stm32.13.3.rel1.win32_1.0.0.202411081344/tools/bin/../lib/gcc/arm-none-eabi/13.3.1/../../../../arm-none-eabi/bin/ld.exe: warning: practica_1_P2.elf has a LOAD segment with RWX permissions
Finished building target: practica_1_P2.elf
 
arm-none-eabi-size  practica_1_P2.elf 
arm-none-eabi-objdump -h -S practica_1_P2.elf  > "practica_1_P2.list"
   text	   data	    bss	    dec	    hex	filename
   8752	     20	   1636	  10408	   28a8	practica_1_P2.elf
Finished building: default.size.stdout
 
Finished building: practica_1_P2.list
 

11:43:56 Build Finished. 0 errors, 1 warnings. (took 719ms)

