16:02:16 **** Incremental Build of configuration Debug for project tp_final_temperature ****
make -j8 all 
arm-none-eabi-gcc "../Core/Src/gpio.c" -mcpu=cortex-m4 -std=gnu11 -g3 -DDEBUG -DUSE_HAL_DRIVER -DSTM32F446xx -c -I../Core/Inc -IC:/Users/Paulo/STM32Cube/Repository/STM32Cube_FW_F4_V1.28.3/Drivers/STM32F4xx_HAL_Driver/Inc -IC:/Users/Paulo/STM32Cube/Repository/STM32Cube_FW_F4_V1.28.3/Drivers/STM32F4xx_HAL_Driver/Inc/Legacy -IC:/Users/Paulo/STM32Cube/Repository/STM32Cube_FW_F4_V1.28.3/Drivers/CMSIS/Device/ST/STM32F4xx/Include -IC:/Users/Paulo/STM32Cube/Repository/STM32Cube_FW_F4_V1.28.3/Drivers/CMSIS/Include -I../Drivers/API/Inc -I../Drivers/API/Src -O0 -ffunction-sections -fdata-sections -Wall -fstack-usage -fcyclomatic-complexity -MMD -MP -MF"Core/Src/gpio.d" -MT"Core/Src/gpio.o" --specs=nano.specs -mfpu=fpv4-sp-d16 -mfloat-abi=hard -mthumb -o "Core/Src/gpio.o"
arm-none-eabi-gcc "../Core/Src/i2c.c" -mcpu=cortex-m4 -std=gnu11 -g3 -DDEBUG -DUSE_HAL_DRIVER -DSTM32F446xx -c -I../Core/Inc -IC:/Users/Paulo/STM32Cube/Repository/STM32Cube_FW_F4_V1.28.3/Drivers/STM32F4xx_HAL_Driver/Inc -IC:/Users/Paulo/STM32Cube/Repository/STM32Cube_FW_F4_V1.28.3/Drivers/STM32F4xx_HAL_Driver/Inc/Legacy -IC:/Users/Paulo/STM32Cube/Repository/STM32Cube_FW_F4_V1.28.3/Drivers/CMSIS/Device/ST/STM32F4xx/Include -IC:/Users/Paulo/STM32Cube/Repository/STM32Cube_FW_F4_V1.28.3/Drivers/CMSIS/Include -I../Drivers/API/Inc -I../Drivers/API/Src -O0 -ffunction-sections -fdata-sections -Wall -fstack-usage -fcyclomatic-complexity -MMD -MP -MF"Core/Src/i2c.d" -MT"Core/Src/i2c.o" --specs=nano.specs -mfpu=fpv4-sp-d16 -mfloat-abi=hard -mthumb -o "Core/Src/i2c.o"
arm-none-eabi-gcc "../Core/Src/main.c" -mcpu=cortex-m4 -std=gnu11 -g3 -DDEBUG -DUSE_HAL_DRIVER -DSTM32F446xx -c -I../Core/Inc -IC:/Users/Paulo/STM32Cube/Repository/STM32Cube_FW_F4_V1.28.3/Drivers/STM32F4xx_HAL_Driver/Inc -IC:/Users/Paulo/STM32Cube/Repository/STM32Cube_FW_F4_V1.28.3/Drivers/STM32F4xx_HAL_Driver/Inc/Legacy -IC:/Users/Paulo/STM32Cube/Repository/STM32Cube_FW_F4_V1.28.3/Drivers/CMSIS/Device/ST/STM32F4xx/Include -IC:/Users/Paulo/STM32Cube/Repository/STM32Cube_FW_F4_V1.28.3/Drivers/CMSIS/Include -I../Drivers/API/Inc -I../Drivers/API/Src -O0 -ffunction-sections -fdata-sections -Wall -fstack-usage -fcyclomatic-complexity -MMD -MP -MF"Core/Src/main.d" -MT"Core/Src/main.o" --specs=nano.specs -mfpu=fpv4-sp-d16 -mfloat-abi=hard -mthumb -o "Core/Src/main.o"
arm-none-eabi-gcc "../Core/Src/spi.c" -mcpu=cortex-m4 -std=gnu11 -g3 -DDEBUG -DUSE_HAL_DRIVER -DSTM32F446xx -c -I../Core/Inc -IC:/Users/Paulo/STM32Cube/Repository/STM32Cube_FW_F4_V1.28.3/Drivers/STM32F4xx_HAL_Driver/Inc -IC:/Users/Paulo/STM32Cube/Repository/STM32Cube_FW_F4_V1.28.3/Drivers/STM32F4xx_HAL_Driver/Inc/Legacy -IC:/Users/Paulo/STM32Cube/Repository/STM32Cube_FW_F4_V1.28.3/Drivers/CMSIS/Device/ST/STM32F4xx/Include -IC:/Users/Paulo/STM32Cube/Repository/STM32Cube_FW_F4_V1.28.3/Drivers/CMSIS/Include -I../Drivers/API/Inc -I../Drivers/API/Src -O0 -ffunction-sections -fdata-sections -Wall -fstack-usage -fcyclomatic-complexity -MMD -MP -MF"Core/Src/spi.d" -MT"Core/Src/spi.o" --specs=nano.specs -mfpu=fpv4-sp-d16 -mfloat-abi=hard -mthumb -o "Core/Src/spi.o"
arm-none-eabi-gcc "../Core/Src/stm32f4xx_it.c" -mcpu=cortex-m4 -std=gnu11 -g3 -DDEBUG -DUSE_HAL_DRIVER -DSTM32F446xx -c -I../Core/Inc -IC:/Users/Paulo/STM32Cube/Repository/STM32Cube_FW_F4_V1.28.3/Drivers/STM32F4xx_HAL_Driver/Inc -IC:/Users/Paulo/STM32Cube/Repository/STM32Cube_FW_F4_V1.28.3/Drivers/STM32F4xx_HAL_Driver/Inc/Legacy -IC:/Users/Paulo/STM32Cube/Repository/STM32Cube_FW_F4_V1.28.3/Drivers/CMSIS/Device/ST/STM32F4xx/Include -IC:/Users/Paulo/STM32Cube/Repository/STM32Cube_FW_F4_V1.28.3/Drivers/CMSIS/Include -I../Drivers/API/Inc -I../Drivers/API/Src -O0 -ffunction-sections -fdata-sections -Wall -fstack-usage -fcyclomatic-complexity -MMD -MP -MF"Core/Src/stm32f4xx_it.d" -MT"Core/Src/stm32f4xx_it.o" --specs=nano.specs -mfpu=fpv4-sp-d16 -mfloat-abi=hard -mthumb -o "Core/Src/stm32f4xx_it.o"
arm-none-eabi-gcc "../Core/Src/syscalls.c" -mcpu=cortex-m4 -std=gnu11 -g3 -DDEBUG -DUSE_HAL_DRIVER -DSTM32F446xx -c -I../Core/Inc -IC:/Users/Paulo/STM32Cube/Repository/STM32Cube_FW_F4_V1.28.3/Drivers/STM32F4xx_HAL_Driver/Inc -IC:/Users/Paulo/STM32Cube/Repository/STM32Cube_FW_F4_V1.28.3/Drivers/STM32F4xx_HAL_Driver/Inc/Legacy -IC:/Users/Paulo/STM32Cube/Repository/STM32Cube_FW_F4_V1.28.3/Drivers/CMSIS/Device/ST/STM32F4xx/Include -IC:/Users/Paulo/STM32Cube/Repository/STM32Cube_FW_F4_V1.28.3/Drivers/CMSIS/Include -I../Drivers/API/Inc -I../Drivers/API/Src -O0 -ffunction-sections -fdata-sections -Wall -fstack-usage -fcyclomatic-complexity -MMD -MP -MF"Core/Src/syscalls.d" -MT"Core/Src/syscalls.o" --specs=nano.specs -mfpu=fpv4-sp-d16 -mfloat-abi=hard -mthumb -o "Core/Src/syscalls.o"
arm-none-eabi-gcc "../Core/Src/sysmem.c" -mcpu=cortex-m4 -std=gnu11 -g3 -DDEBUG -DUSE_HAL_DRIVER -DSTM32F446xx -c -I../Core/Inc -IC:/Users/Paulo/STM32Cube/Repository/STM32Cube_FW_F4_V1.28.3/Drivers/STM32F4xx_HAL_Driver/Inc -IC:/Users/Paulo/STM32Cube/Repository/STM32Cube_FW_F4_V1.28.3/Drivers/STM32F4xx_HAL_Driver/Inc/Legacy -IC:/Users/Paulo/STM32Cube/Repository/STM32Cube_FW_F4_V1.28.3/Drivers/CMSIS/Device/ST/STM32F4xx/Include -IC:/Users/Paulo/STM32Cube/Repository/STM32Cube_FW_F4_V1.28.3/Drivers/CMSIS/Include -I../Drivers/API/Inc -I../Drivers/API/Src -O0 -ffunction-sections -fdata-sections -Wall -fstack-usage -fcyclomatic-complexity -MMD -MP -MF"Core/Src/sysmem.d" -MT"Core/Src/sysmem.o" --specs=nano.specs -mfpu=fpv4-sp-d16 -mfloat-abi=hard -mthumb -o "Core/Src/sysmem.o"
arm-none-eabi-gcc "../Core/Src/system_stm32f4xx.c" -mcpu=cortex-m4 -std=gnu11 -g3 -DDEBUG -DUSE_HAL_DRIVER -DSTM32F446xx -c -I../Core/Inc -IC:/Users/Paulo/STM32Cube/Repository/STM32Cube_FW_F4_V1.28.3/Drivers/STM32F4xx_HAL_Driver/Inc -IC:/Users/Paulo/STM32Cube/Repository/STM32Cube_FW_F4_V1.28.3/Drivers/STM32F4xx_HAL_Driver/Inc/Legacy -IC:/Users/Paulo/STM32Cube/Repository/STM32Cube_FW_F4_V1.28.3/Drivers/CMSIS/Device/ST/STM32F4xx/Include -IC:/Users/Paulo/STM32Cube/Repository/STM32Cube_FW_F4_V1.28.3/Drivers/CMSIS/Include -I../Drivers/API/Inc -I../Drivers/API/Src -O0 -ffunction-sections -fdata-sections -Wall -fstack-usage -fcyclomatic-complexity -MMD -MP -MF"Core/Src/system_stm32f4xx.d" -MT"Core/Src/system_stm32f4xx.o" --specs=nano.specs -mfpu=fpv4-sp-d16 -mfloat-abi=hard -mthumb -o "Core/Src/system_stm32f4xx.o"
../Core/Src/main.c: In function 'main':
../Core/Src/main.c:95:7: warning: implicit declaration of function 'uartInit' [-Wimplicit-function-declaration]
   95 |   if(!uartInit()) while(1);
      |       ^~~~~~~~
../Core/Src/main.c:96:6: warning: implicit declaration of function 'I2C_Init' [-Wimplicit-function-declaration]
   96 |   if(I2C_Init() != HAL_OK){
      |      ^~~~~~~~
../Core/Src/main.c:97:11: warning: implicit declaration of function 'uartSendString' [-Wimplicit-function-declaration]
   97 |           uartSendString((uint8_t*)("\r\nNo se inicializa I2C."));
      |           ^~~~~~~~~~~~~~
../Core/Src/main.c: At top level:
../Core/Src/main.c:54:13: warning: 'MX_GPIO_Init' declared 'static' but never defined [-Wunused-function]
   54 | static void MX_GPIO_Init(void);
      |             ^~~~~~~~~~~~
../Core/Src/main.c:55:13: warning: 'MX_USART2_UART_Init' declared 'static' but never defined [-Wunused-function]
   55 | static void MX_USART2_UART_Init(void);
      |             ^~~~~~~~~~~~~~~~~~~
../Core/Src/main.c:56:13: warning: 'MX_I2C1_Init' declared 'static' but never defined [-Wunused-function]
   56 | static void MX_I2C1_Init(void);
      |             ^~~~~~~~~~~~
../Core/Src/main.c:57:13: warning: 'MX_SPI1_Init' declared 'static' but never defined [-Wunused-function]
   57 | static void MX_SPI1_Init(void);
      |             ^~~~~~~~~~~~
arm-none-eabi-gcc "../Core/Src/usart.c" -mcpu=cortex-m4 -std=gnu11 -g3 -DDEBUG -DUSE_HAL_DRIVER -DSTM32F446xx -c -I../Core/Inc -IC:/Users/Paulo/STM32Cube/Repository/STM32Cube_FW_F4_V1.28.3/Drivers/STM32F4xx_HAL_Driver/Inc -IC:/Users/Paulo/STM32Cube/Repository/STM32Cube_FW_F4_V1.28.3/Drivers/STM32F4xx_HAL_Driver/Inc/Legacy -IC:/Users/Paulo/STM32Cube/Repository/STM32Cube_FW_F4_V1.28.3/Drivers/CMSIS/Device/ST/STM32F4xx/Include -IC:/Users/Paulo/STM32Cube/Repository/STM32Cube_FW_F4_V1.28.3/Drivers/CMSIS/Include -I../Drivers/API/Inc -I../Drivers/API/Src -O0 -ffunction-sections -fdata-sections -Wall -fstack-usage -fcyclomatic-complexity -MMD -MP -MF"Core/Src/usart.d" -MT"Core/Src/usart.o" --specs=nano.specs -mfpu=fpv4-sp-d16 -mfloat-abi=hard -mthumb -o "Core/Src/usart.o"
arm-none-eabi-gcc -o "tp_final_temperature.elf" @"objects.list"   -mcpu=cortex-m4 -T"D:\CESE_25_Embebidos\tp_final_temperature\STM32F446RETX_FLASH.ld" --specs=nosys.specs -Wl,-Map="tp_final_temperature.map" -Wl,--gc-sections -static --specs=nano.specs -mfpu=fpv4-sp-d16 -mfloat-abi=hard -mthumb -Wl,--start-group -lc -lm -Wl,--end-group
C:/ST/STM32CubeIDE_1.19.0/STM32CubeIDE/plugins/com.st.stm32cube.ide.mcu.externaltools.gnu-tools-for-stm32.13.3.rel1.win32_1.0.0.202411081344/tools/bin/../lib/gcc/arm-none-eabi/13.3.1/../../../../arm-none-eabi/bin/ld.exe: ./Core/Src/usart.o:D:/CESE_25_Embebidos/tp_final_temperature/Debug/../Core/Src/usart.c:27: multiple definition of `huart2'; ./Core/Src/main.o:D:/CESE_25_Embebidos/tp_final_temperature/Debug/../Core/Src/main.c:47: first defined here
C:/ST/STM32CubeIDE_1.19.0/STM32CubeIDE/plugins/com.st.stm32cube.ide.mcu.externaltools.gnu-tools-for-stm32.13.3.rel1.win32_1.0.0.202411081344/tools/bin/../lib/gcc/arm-none-eabi/13.3.1/../../../../arm-none-eabi/bin/ld.exe: ./Core/Src/main.o: in function `main':
D:/CESE_25_Embebidos/tp_final_temperature/Debug/../Core/Src/main.c:95:(.text.main+0xc): undefined reference to `uartInit'
C:/ST/STM32CubeIDE_1.19.0/STM32CubeIDE/plugins/com.st.stm32cube.ide.mcu.externaltools.gnu-tools-for-stm32.13.3.rel1.win32_1.0.0.202411081344/tools/bin/../lib/gcc/arm-none-eabi/13.3.1/../../../../arm-none-eabi/bin/ld.exe: D:/CESE_25_Embebidos/tp_final_temperature/Debug/../Core/Src/main.c:97:(.text.main+0x26): undefined reference to `uartSendString'
C:/ST/STM32CubeIDE_1.19.0/STM32CubeIDE/plugins/com.st.stm32cube.ide.mcu.externaltools.gnu-tools-for-stm32.13.3.rel1.win32_1.0.0.202411081344/tools/bin/../lib/gcc/arm-none-eabi/13.3.1/../../../../arm-none-eabi/bin/ld.exe: D:/CESE_25_Embebidos/tp_final_temperature/Debug/../Core/Src/main.c:99:(.text.main+0x30): undefined reference to `uartSendString'
collect2.exe: error: ld returned 1 exit status
make: *** [makefile:64: tp_final_temperature.elf] Error 1
"make -j8 all" terminated with exit code 2. Build might be incomplete.

16:02:17 Build Failed. 5 errors, 7 warnings. (took 1s.238ms)

